<html>
<body>
<pre>
<h1>礦ision Build Log</h1>
<h2>Tool Versions:</h2>
IDE-Version: μVision V5.17.0.0
Copyright (C) 2015 ARM Ltd and ARM Germany GmbH. All rights reserved.
License Information: Shiina Chizuru, 0907, LIC=RC93N-YK2W5-63UMB-2VMGV-19VM5-1CGTX
 
Tool Versions:
Toolchain:       MDK-ARM Standard  Version: 5.17
Toolchain Path:  D:\Keil_v5\ARM\ARMCC\Bin
C Compiler:      Armcc.exe V5.06 update 1 (build 61)
Assembler:       Armasm.exe V5.06 update 1 (build 61)
Linker/Locator:  ArmLink.exe V5.06 update 1 (build 61)
Library Manager: ArmAr.exe V5.06 update 1 (build 61)
Hex Converter:   FromElf.exe V5.06 update 1 (build 61)
CPU DLL:         SARMCM3.DLL V5.17
Dialog DLL:      DCM.DLL V1.13.4.0
Target DLL:      Segger\JL2CM3.dll V2.99.16.0
Dialog DLL:      TCM.DLL V1.14.6.0
 
<h2>Project:</h2>
C:\Users\ASUS\Desktop\mobile-phone\《基于STM32F407的智能手机系统》\Project\TEST.uvprojx
Project File Date:  12/19/2024

<h2>Output:</h2>
*** Using Compiler 'V5.06 update 1 (build 61)', folder: 'D:\Keil_v5\ARM\ARMCC\Bin'
Rebuild target 'TEST'
assembling startup_stm32f4xx.s...
compiling gps1.c...
compiling shang.c...
compiling photo.c...
compiling laba.c...
compiling light.c...
compiling back.c...
compiling xia.c...
compiling a.c...
compiling timer.c...
compiling phone.c...
compiling motor.c...
compiling 2015.c...
compiling listen.c...
compiling p1.c...
compiling system_stm32f4xx.c...
compiling stm32f4xx_it.c...
..\BaseDrive\lcd.h(144): warning:  #1295-D: Deprecated declaration apps - give arg types
  void apps();
..\BaseDrive\lcd.h(145): warning:  #1295-D: Deprecated declaration menuset - give arg types
  void menuset();
..\BaseDrive\lcd.h(146): warning:  #1295-D: Deprecated declaration In - give arg types
  int In();
..\BaseDrive\lcd.h(147): warning:  #1295-D: Deprecated declaration Exit - give arg types
  void Exit();
..\User\stm32f4xx_it.c: 4 warnings, 0 errors
compiling main.c...
..\BaseDrive\lcd.h(144): warning:  #1295-D: Deprecated declaration apps - give arg types
  void apps();
..\BaseDrive\lcd.h(145): warning:  #1295-D: Deprecated declaration menuset - give arg types
  void menuset();
..\BaseDrive\lcd.h(146): warning:  #1295-D: Deprecated declaration In - give arg types
  int In();
..\BaseDrive\lcd.h(147): warning:  #1295-D: Deprecated declaration Exit - give arg types
  void Exit();
..\User\main.c: 4 warnings, 0 errors
compiling 111.c...
compiling CH455I2C.C...
compiling PWM.c...
compiling I2C.c...
compiling misc.c...
compiling stm32f4xx_crc.c...
compiling stm32f4xx_can.c...
compiling stm32f4xx_adc.c...
compiling stm32f4xx_cryp.c...
compiling stm32f4xx_cryp_aes.c...
compiling stm32f4xx_cryp_des.c...
compiling stm32f4xx_cryp_tdes.c...
compiling stm32f4xx_dbgmcu.c...
compiling stm32f4xx_dac.c...
compiling stm32f4xx_exti.c...
compiling stm32f4xx_dma.c...
compiling stm32f4xx_dcmi.c...
compiling stm32f4xx_flash.c...
compiling stm32f4xx_gpio.c...
compiling stm32f4xx_hash.c...
compiling stm32f4xx_fsmc.c...
compiling stm32f4xx_hash_md5.c...
compiling stm32f4xx_hash_sha1.c...
compiling stm32f4xx_i2c.c...
compiling stm32f4xx_iwdg.c...
compiling stm32f4xx_pwr.c...
compiling stm32f4xx_rcc.c...
compiling stm32f4xx_rng.c...
compiling mp3.c...
compiling stm32f4xx_sdio.c...
compiling stm32f4xx_rtc.c...
compiling GPS.c...
compiling stm32f4xx_syscfg.c...
compiling stm32f4xx_spi.c...
compiling stm32f4xx_wwdg.c...
compiling stm32f4xx_usart.c...
compiling USART3.c...
compiling delay.c...
compiling stm32f4xx_tim.c...
compiling MPU6050.c...
compiling KEY.c...
..\BaseDrive\LCD.h(144): warning:  #1295-D: Deprecated declaration apps - give arg types
  void apps();
..\BaseDrive\LCD.h(145): warning:  #1295-D: Deprecated declaration menuset - give arg types
  void menuset();
..\BaseDrive\LCD.h(146): warning:  #1295-D: Deprecated declaration In - give arg types
  int In();
..\BaseDrive\LCD.h(147): warning:  #1295-D: Deprecated declaration Exit - give arg types
  void Exit();
..\BaseDrive\KEY.c(118): warning:  #1-D: last line of file ends without a newline
  }
..\BaseDrive\KEY.c(101): warning:  #177-D: variable "keys" was declared but never referenced
      char keys[5];
..\BaseDrive\KEY.c: 6 warnings, 0 errors
compiling LED.c...
compiling WIFI.c...
compiling touch.c...
..\BaseDrive\lcd.h(144): warning:  #1295-D: Deprecated declaration apps - give arg types
  void apps();
..\BaseDrive\lcd.h(145): warning:  #1295-D: Deprecated declaration menuset - give arg types
  void menuset();
..\BaseDrive\lcd.h(146): warning:  #1295-D: Deprecated declaration In - give arg types
  int In();
..\BaseDrive\lcd.h(147): warning:  #1295-D: Deprecated declaration Exit - give arg types
  void Exit();
..\BaseDrive\touch.c: 4 warnings, 0 errors
compiling 24cxx.c...
compiling gt9147.c...
..\BaseDrive\lcd.h(144): warning:  #1295-D: Deprecated declaration apps - give arg types
  void apps();
..\BaseDrive\lcd.h(145): warning:  #1295-D: Deprecated declaration menuset - give arg types
  void menuset();
..\BaseDrive\lcd.h(146): warning:  #1295-D: Deprecated declaration In - give arg types
  int In();
..\BaseDrive\lcd.h(147): warning:  #1295-D: Deprecated declaration Exit - give arg types
  void Exit();
..\BaseDrive\gt9147.c: 4 warnings, 0 errors
compiling ctiic.c...
compiling myiic.c...
compiling sys.c...
compiling TIME.c...
compiling EXIT.c...
compiling time.c...
compiling ADC.c...
compiling MP3.c...
compiling DTH11.c...
compiling StepMotor.c...
compiling gps.c...
compiling girl4.c...
compiling DCMotor.c...
compiling girl3.c...
compiling girl2.c...
compiling girl1.c...
compiling lcd.c...
..\BaseDrive\lcd.h(144): warning:  #1295-D: Deprecated declaration apps - give arg types
  void apps();
..\BaseDrive\lcd.h(145): warning:  #1295-D: Deprecated declaration menuset - give arg types
  void menuset();
..\BaseDrive\lcd.h(146): warning:  #1295-D: Deprecated declaration In - give arg types
  int In();
..\BaseDrive\lcd.h(147): warning:  #1295-D: Deprecated declaration Exit - give arg types
  void Exit();
..\BaseDrive\lcd.c(1363): warning:  #186-D: pointless comparison of unsigned integer with zero
  	if(dx>=0)
..\BaseDrive\lcd.c(1365): warning:  #186-D: pointless comparison of unsigned integer with zero
  		if(dy >= 0) // dy>=0
..\BaseDrive\lcd.c(1432): warning:  #186-D: pointless comparison of unsigned integer with zero
  	if(dy >= 0) // dy>=0
..\BaseDrive\lcd.c(1552): warning:  #177-D: variable "i" was declared but never referenced
      u8 i = 0;
..\BaseDrive\lcd.c(1801): warning:  #550-D: variable "flag" was set but never used
  	  int flag=0;
..\BaseDrive\lcd.c(2111): warning:  #177-D: variable "i" was declared but never referenced
        int i=0,j=0;
..\BaseDrive\lcd.c(2150): warning:  #940-D: missing return statement at end of non-void function "In"
  }
..\BaseDrive\lcd.c(2439): warning:  #223-D: function "memcmp" declared implicitly
  			if (memcmp(&RxDataOutPtr[2], "$GNGGA", 6) == 0)
..\BaseDrive\lcd.c(2442): warning:  #223-D: function "sprintf" declared implicitly
  				sprintf(dispbuf, "%s", gps_time);
..\BaseDrive\lcd.c(2458): warning:  #223-D: function "sprintf" declared implicitly
  				sprintf(dispbuf, "   %d\r\n ",gpgsv.numSv);
..\BaseDrive\lcd.c(2466): warning:  #223-D: function "sprintf" declared implicitly
  				sprintf(dispbuf, "   %d ",gpgsv.numSv);
..\BaseDrive\lcd.c(2596): warning:  #186-D: pointless comparison of unsigned integer with zero
  					if(voice<0)
..\BaseDrive\lcd.c(2500): warning:  #177-D: variable "tempadc" was declared but never referenced
  	float tempadc;
..\BaseDrive\lcd.c(2666): warning:  #223-D: function "DTH11_ReadData" declared implicitly
          DTH11_ReadData(&temperature, &humidity);		                //  ??取??湿??值
..\BaseDrive\lcd.c(2667): warning:  #223-D: function "sprintf" declared implicitly
          sprintf(dispbuf, "%d C", temperature);
..\BaseDrive\lcd.c(2775): warning:  #223-D: function "sprintf" declared implicitly
              sprintf(dispbuf, "Duty Cycle:%-5d", data);  //  ??示?叩?平??值
..\BaseDrive\lcd.c(2790): warning:  #223-D: function "sprintf" declared implicitly
              sprintf(dispbuf, "Duty Cycle:%-5d", data);  
..\BaseDrive\lcd.c(2818): warning:  #177-D: variable "step2" was declared but never referenced
  	  int step2=60;
..\BaseDrive\lcd.c(2893): warning:  #223-D: function "sprintf" declared implicitly
  				sprintf(dispbuf, "%d", data);  
..\BaseDrive\lcd.c(2904): warning:  #223-D: function "sprintf" declared implicitly
  				  sprintf(dispbuf, "%d", data);  
..\BaseDrive\lcd.c(2915): warning:  #223-D: function "sprintf" declared implicitly
  				  sprintf(dispbuf, "%d", data);  
..\BaseDrive\lcd.c(2846): warning:  #177-D: variable "key" was declared but never referenced
  	u8 key;
..\BaseDrive\lcd.c(2848): warning:  #177-D: variable "number" was declared but never referenced
  	u8 number[20]={0};
..\BaseDrive\lcd.c(2849): warning:  #177-D: variable "j" was declared but never referenced
  	u8 n=0;u8 j=0;u8 k=0;
..\BaseDrive\lcd.c(2849): warning:  #177-D: variable "k" was declared but never referenced
  	u8 n=0;u8 j=0;u8 k=0;
..\BaseDrive\lcd.c(2998): warning:  #1035-D: single-precision operand implicitly converted to double-precision
    float radian = angle * 3.1415926 / 180.0;     	
..\BaseDrive\lcd.c(3016): warning:  #223-D: function "memcmp" declared implicitly
  			if (memcmp(&RxDataOutPtr[2], "$GNGGA", 6) == 0)
..\BaseDrive\lcd.c(3019): warning:  #223-D: function "sprintf" declared implicitly
  				sprintf(dispbuf, "%s", gps_time);
..\BaseDrive\lcd.c(3040): warning:  #1035-D: single-precision operand implicitly converted to double-precision
  				LCD_DrawLine(240,400,240+rs*sin(angle *s* 3.1415926 / 180.0),400-rs*cos(angle *s* 3.1415926 / 180.0));
..\BaseDrive\lcd.c(3040): warning:  #1035-D: single-precision operand implicitly converted to double-precision
  				LCD_DrawLine(240,400,240+rs*sin(angle *s* 3.1415926 / 180.0),400-rs*cos(angle *s* 3.1415926 / 180.0));
..\BaseDrive\lcd.c(3041): warning:  #1035-D: single-precision operand implicitly converted to double-precision
  				LCD_DrawLine(240,400,240+rm*sin(angle *m* 3.1415926 / 180.0),400-rm*cos(angle *m* 3.1415926 / 180.0));
..\BaseDrive\lcd.c(3041): warning:  #1035-D: single-precision operand implicitly converted to double-precision
  				LCD_DrawLine(240,400,240+rm*sin(angle *m* 3.1415926 / 180.0),400-rm*cos(angle *m* 3.1415926 / 180.0));
..\BaseDrive\lcd.c(2998): warning:  #177-D: variable "radian" was declared but never referenced
    float radian = angle * 3.1415926 / 180.0;     	
..\BaseDrive\lcd.c: 37 warnings, 0 errors
linking...
Program Size: Code=45052 RO-data=1001924 RW-data=196 ZI-data=2788  
FromELF: creating hex file...
".\Obj\TEST.axf" - 0 Error(s), 59 Warning(s).

<h2>Software Packages used:</h2>

Package Vendor: ARM
                http://www.keil.com/pack/ARM.CMSIS.4.5.0.pack
                ARM::CMSIS:CORE:4.3.0
                CMSIS (Cortex Microcontroller Software Interface Standard)
   * Component: CORE Version: 4.3.0

<h2>Collection of Component include folders:</h2>
  C:\Users\ASUS\Desktop\mobile-phone\《基于STM32F407的智能手机系统》\Project\RTE
  D:\Keil_v5\ARM\PACK\ARM\CMSIS\4.5.0\CMSIS\Include
  D:\Keil_v5\ARM\PACK\Keil\STM32F4xx_DFP\2.7.0\Drivers\CMSIS\Device\ST\STM32F4xx\Include

<h2>Collection of Component Files used:</h2>

   * Component: ARM::CMSIS:CORE:4.3.0
Build Time Elapsed:  00:00:04
</pre>
</body>
</html>
