Component: ARM Compiler 5.06 update 1 (build 61) Tool: armlink [4d35a8]

==============================================================================

Section Cross References

    system_stm32f4xx.o(.text) refers to system_stm32f4xx.o(.data) for SystemCoreClock
    startup_stm32f4xx.o(RESET) refers to startup_stm32f4xx.o(STACK) for __initial_sp
    startup_stm32f4xx.o(RESET) refers to startup_stm32f4xx.o(.text) for Reset_Handler
    startup_stm32f4xx.o(RESET) refers to stm32f4xx_it.o(.text) for NMI_Handler
    startup_stm32f4xx.o(.text) refers to system_stm32f4xx.o(.text) for SystemInit
    startup_stm32f4xx.o(.text) refers to entry.o(.ARM.Collect$$$$00000000) for __main
    main.o(.text) refers to delay.o(.text) for SysTick_Init
    main.o(.text) refers to led.o(.text) for LEDGpio_Init
    main.o(.text) refers to key.o(.text) for KEYGpio_Init
    main.o(.text) refers to lcd.o(.text) for LCD_Init
    main.o(.text) refers to adc.o(.text) for Adc_Init
    main.o(.text) refers to usart3.o(.text) for UART3_Configuration
    main.o(.text) refers to mp3.o(.text) for setMp3Dev
    main.o(.text) refers to dcmotor.o(.text) for DCMotorGpio_Init
    main.o(.text) refers to touch.o(.data) for tp_dev
    main.o(.text) refers to lcd.o(.data) for POINT_COLOR
    stm32f4xx_it.o(.text) refers to delay.o(.text) for TimingDelay_Decrement
    stm32f4xx_it.o(.text) refers to stm32f4xx_usart.o(.text) for USART_GetITStatus
    stm32f4xx_it.o(.text) refers to memcmp.o(.text) for memcmp
    stm32f4xx_it.o(.text) refers to memcpya.o(.text) for __aeabi_memcpy
    stm32f4xx_it.o(.text) refers to stm32f4xx_tim.o(.text) for TIM_GetITStatus
    stm32f4xx_it.o(.text) refers to stm32f4xx_exti.o(.text) for EXTI_GetITStatus
    stm32f4xx_it.o(.text) refers to ch455i2c.o(.text) for CH455_Read
    stm32f4xx_it.o(.text) refers to stm32f4xx_it.o(.data) for cnt
    stm32f4xx_it.o(.text) refers to mpu6050.o(.data) for flag
    stm32f4xx_it.o(.text) refers to stm32f4xx_it.o(.constdata) for .constdata
    stm32f4xx_it.o(.text) refers to usart3.o(.bss) for Uart5
    stm32f4xx_it.o(.text) refers to gps.o(.data) for RxDataInPtr
    stm32f4xx_it.o(.text) refers to gps.o(.bss) for RxDataBuf
    stm32f4xx_it.o(.text) refers to mpu6050.o(.bss) for databuf
    stm32f4xx_it.o(.text) refers to lcd.o(.data) for ch455_key
    pwm.o(.text) refers to stm32f4xx_rcc.o(.text) for RCC_APB2PeriphClockCmd
    pwm.o(.text) refers to stm32f4xx_gpio.o(.text) for GPIO_PinAFConfig
    pwm.o(.text) refers to stm32f4xx_tim.o(.text) for TIM_TimeBaseInit
    ch455i2c.o(.text) refers to stm32f4xx_rcc.o(.text) for RCC_AHB1PeriphClockCmd
    ch455i2c.o(.text) refers to stm32f4xx_gpio.o(.text) for GPIO_Init
    ch455i2c.o(.text) refers to stm32f4xx_syscfg.o(.text) for SYSCFG_EXTILineConfig
    ch455i2c.o(.text) refers to stm32f4xx_exti.o(.text) for EXTI_Init
    ch455i2c.o(.text) refers to misc.o(.text) for NVIC_Init
    ch455i2c.o(.text) refers to i2c.o(.text) for I2C_GPIO_Configuration
    i2c.o(.text) refers to delay.o(.text) for delay_us
    i2c.o(.text) refers to stm32f4xx_gpio.o(.text) for GPIO_SetBits
    i2c.o(.text) refers to stm32f4xx_rcc.o(.text) for RCC_AHB1PeriphClockCmd
    stm32f4xx_adc.o(.text) refers to stm32f4xx_rcc.o(.text) for RCC_APB2PeriphResetCmd
    stm32f4xx_can.o(.text) refers to stm32f4xx_rcc.o(.text) for RCC_APB1PeriphResetCmd
    stm32f4xx_cryp.o(.text) refers to stm32f4xx_rcc.o(.text) for RCC_AHB2PeriphResetCmd
    stm32f4xx_cryp_aes.o(.text) refers to stm32f4xx_cryp.o(.text) for CRYP_KeyStructInit
    stm32f4xx_cryp_des.o(.text) refers to stm32f4xx_cryp.o(.text) for CRYP_KeyStructInit
    stm32f4xx_cryp_tdes.o(.text) refers to stm32f4xx_cryp.o(.text) for CRYP_KeyStructInit
    stm32f4xx_dac.o(.text) refers to stm32f4xx_rcc.o(.text) for RCC_APB1PeriphResetCmd
    stm32f4xx_gpio.o(.text) refers to stm32f4xx_rcc.o(.text) for RCC_AHB1PeriphResetCmd
    stm32f4xx_hash.o(.text) refers to stm32f4xx_rcc.o(.text) for RCC_AHB2PeriphResetCmd
    stm32f4xx_hash_md5.o(.text) refers to stm32f4xx_hash.o(.text) for HASH_DeInit
    stm32f4xx_hash_sha1.o(.text) refers to stm32f4xx_hash.o(.text) for HASH_DeInit
    stm32f4xx_i2c.o(.text) refers to stm32f4xx_rcc.o(.text) for RCC_APB1PeriphResetCmd
    stm32f4xx_pwr.o(.text) refers to stm32f4xx_rcc.o(.text) for RCC_APB1PeriphResetCmd
    stm32f4xx_rcc.o(.text) refers to stm32f4xx_rcc.o(.data) for APBAHBPrescTable
    stm32f4xx_rng.o(.text) refers to stm32f4xx_rcc.o(.text) for RCC_AHB2PeriphResetCmd
    stm32f4xx_sdio.o(.text) refers to stm32f4xx_rcc.o(.text) for RCC_APB2PeriphResetCmd
    stm32f4xx_spi.o(.text) refers to stm32f4xx_rcc.o(.text) for RCC_APB2PeriphResetCmd
    stm32f4xx_syscfg.o(.text) refers to stm32f4xx_rcc.o(.text) for RCC_APB2PeriphResetCmd
    stm32f4xx_tim.o(.text) refers to stm32f4xx_rcc.o(.text) for RCC_APB2PeriphResetCmd
    stm32f4xx_usart.o(.text) refers to stm32f4xx_rcc.o(.text) for RCC_APB2PeriphResetCmd
[...]
    .text                                    0x080098e6   Section        0  d2f.o(.text)
    .text                                    0x0800991e   Section        0  uidiv.o(.text)
    .text                                    0x0800994a   Section        0  uldiv.o(.text)
    .text                                    0x080099ac   Section        0  llshl.o(.text)
    .text                                    0x080099ca   Section        0  llushr.o(.text)
    .text                                    0x080099ea   Section        0  llsshr.o(.text)
    .text                                    0x08009a0e   Section        0  iusefp.o(.text)
    .text                                    0x08009a0e   Section        0  fepilogue.o(.text)
    .text                                    0x08009a7c   Section        0  depilogue.o(.text)
    .text                                    0x08009b36   Section        0  dfixul.o(.text)
    .text                                    0x08009b68   Section       48  cdrcmple.o(.text)
    .text                                    0x08009b98   Section       36  init.o(.text)
    .text                                    0x08009bbc   Section        0  dfixi.o(.text)
    i.__0printf                              0x08009bfc   Section        0  printfa.o(i.__0printf)
    i.__0sprintf                             0x08009c1c   Section        0  printfa.o(i.__0sprintf)
    i.__ARM_fpclassify                       0x08009c44   Section        0  fpclassify.o(i.__ARM_fpclassify)
    i.__hardfp_cos                           0x08009c78   Section        0  cos.o(i.__hardfp_cos)
    i.__hardfp_sin                           0x08009d40   Section        0  sin.o(i.__hardfp_sin)
    i.__ieee754_rem_pio2                     0x08009e08   Section        0  rred.o(i.__ieee754_rem_pio2)
    i.__kernel_cos                           0x0800a240   Section        0  cos_i.o(i.__kernel_cos)
    i.__kernel_poly                          0x0800a3b0   Section        0  poly.o(i.__kernel_poly)
    i.__kernel_sin                           0x0800a4a8   Section        0  sin_i.o(i.__kernel_sin)
    i.__mathlib_dbl_infnan                   0x0800a5d8   Section        0  dunder.o(i.__mathlib_dbl_infnan)
    i.__mathlib_dbl_invalid                  0x0800a5f0   Section        0  dunder.o(i.__mathlib_dbl_invalid)
    i.__mathlib_dbl_underflow                0x0800a610   Section        0  dunder.o(i.__mathlib_dbl_underflow)
    i.__scatterload_copy                     0x0800a630   Section       14  handlers.o(i.__scatterload_copy)
    i.__scatterload_null                     0x0800a63e   Section        2  handlers.o(i.__scatterload_null)
    i.__scatterload_zeroinit                 0x0800a640   Section       14  handlers.o(i.__scatterload_zeroinit)
    i.__set_errno                            0x0800a650   Section        0  errno.o(i.__set_errno)
    i._fp_digits                             0x0800a65c   Section        0  printfa.o(i._fp_digits)
    _fp_digits                               0x0800a65d   Thumb Code   334  printfa.o(i._fp_digits)
    i._printf_core                           0x0800a7c0   Section        0  printfa.o(i._printf_core)
    _printf_core                             0x0800a7c1   Thumb Code  1744  printfa.o(i._printf_core)
    i._printf_post_padding                   0x0800ae9c   Section        0  printfa.o(i._printf_post_padding)
    _printf_post_padding                     0x0800ae9d   Thumb Code    36  printfa.o(i._printf_post_padding)
    i._printf_pre_padding                    0x0800aec0   Section        0  printfa.o(i._printf_pre_padding)
    _printf_pre_padding                      0x0800aec1   Thumb Code    46  printfa.o(i._printf_pre_padding)
    i._sputc                                 0x0800aeee   Section        0  printfa.o(i._sputc)
    _sputc                                   0x0800aeef   Thumb Code    10  printfa.o(i._sputc)
    i.fabs                                   0x0800aef8   Section        0  fabs.o(i.fabs)
    .constdata                               0x0800af10   Section       14  stm32f4xx_it.o(.constdata)
    .constdata                               0x0800af1e   Section    45008  a.o(.constdata)
    .constdata                               0x08015eee   Section    20008  back.o(.constdata)
    .constdata                               0x0801ad16   Section    45008  gps1.o(.constdata)
    .constdata                               0x08025ce6   Section    45008  laba.o(.constdata)
    .constdata                               0x08030cb6   Section    45008  light.o(.constdata)
    .constdata                               0x0803bc86   Section    45008  phone.o(.constdata)
    .constdata                               0x08046c56   Section    45008  photo.o(.constdata)
    .constdata                               0x08051c26   Section    20008  shang.o(.constdata)
    .constdata                               0x08056a4e   Section    45008  timer.o(.constdata)
    .constdata                               0x08061a1e   Section    20008  xia.o(.constdata)
    .constdata                               0x08066846   Section    45008  motor.o(.constdata)
    .constdata                               0x08071816   Section      194  gt9147.o(.constdata)
    .constdata                               0x080718d8   Section    273712  lcd.o(.constdata)
    .constdata                               0x080b4608   Section    153600  girl2.o(.constdata)
    .constdata                               0x080d9e08   Section    153600  girl1.o(.constdata)
    .constdata                               0x080ff608   Section       48  cos_i.o(.constdata)
    C                                        0x080ff608   Data          48  cos_i.o(.constdata)
    .constdata                               0x080ff638   Section      200  rred.o(.constdata)
    pio2s                                    0x080ff638   Data          48  rred.o(.constdata)
    twooverpi                                0x080ff668   Data         152  rred.o(.constdata)
    .constdata                               0x080ff700   Section       40  sin_i.o(.constdata)
    S                                        0x080ff700   Data          40  sin_i.o(.constdata)
    .data                                    0x20000000   Section       20  system_stm32f4xx.o(.data)
    .data                                    0x20000014   Section        4  stm32f4xx_it.o(.data)
    cnt                                      0x20000014   Data           4  stm32f4xx_it.o(.data)
    .data                                    0x20000018   Section       16  stm32f4xx_rcc.o(.data)
    APBAHBPrescTable                         0x20000018   Data          16  stm32f4xx_rcc.o(.data)
    .data                                    0x20000028   Section        4  delay.o(.data)
    .data                                    0x2000002c   Section        2  mpu6050.o(.data)
    .data                                    0x2000002e   Section        1  key.o(.data)
    key_up                                   0x2000002e   Data           1  key.o(.data)
    .data                                    0x20000030   Section       41  gps.o(.data)
    .data                                    0x2000005c   Section       52  touch.o(.data)
    .data                                    0x20000090   Section        1  gt9147.o(.data)
    t                                        0x20000090   Data           1  gt9147.o(.data)
    .data                                    0x20000094   Section       38  lcd.o(.data)
    i                                        0x200000b6   Data           2  lcd.o(.data)
    j                                        0x200000b8   Data           2  lcd.o(.data)
    .data                                    0x200000bc   Section        4  stdout.o(.data)
    .data                                    0x200000c0   Section        4  errno.o(.data)
    _errno                                   0x200000c0   Data           4  errno.o(.data)
    .bss                                     0x200000c4   Section      636  usart3.o(.bss)
    .bss                                     0x20000340   Section       20  mpu6050.o(.bss)
    .bss                                     0x20000354   Section     1070  gps.o(.bss)
    .bss                                     0x20000784   Section       30  lcd.o(.bss)
    STACK                                    0x200007a8   Section     1024  startup_stm32f4xx.o(STACK)

    Global Symbols

    Symbol Name                              Value     Ov Type        Size  Object(Section)

    BuildAttributes$$THM_ISAv4$E$P$D$K$B$S$7EM$VFPi3$EXTD16$VFPS$VFMA$PE$A:L22UL41UL21$X:L11$S22US41US21$IEEE1$IW$USESV6$~STKCKD$USESV7$~SHL$OTIME$ROPI$IEEEX$EBA8$MICROLIB$REQ8$PRES8$EABIv2 0x00000000   Number         0  anon$$obj.o ABSOLUTE
    __ARM_use_no_argv                        0x00000000   Number         0  main.o ABSOLUTE
    _printf_a                                0x00000000   Number         0  stubs.o ABSOLUTE
    _printf_c                                0x00000000   Number         0  stubs.o ABSOLUTE
    _printf_charcount                        0x00000000   Number         0  stubs.o ABSOLUTE
    _printf_d                                0x00000000   Number         0  stubs.o ABSOLUTE
    _printf_e                                0x00000000   Number         0  stubs.o ABSOLUTE
    _printf_f                                0x00000000   Number         0  stubs.o ABSOLUTE
    _printf_flags                            0x00000000   Number         0  stubs.o ABSOLUTE
    _printf_fp_dec                           0x00000000   Number         0  stubs.o ABSOLUTE
    _printf_fp_hex                           0x00000000   Number         0  stubs.o ABSOLUTE
    _printf_g                                0x00000000   Number         0  stubs.o ABSOLUTE
    _printf_i                                0x00000000   Number         0  stubs.o ABSOLUTE
    _printf_int_dec                          0x00000000   Number         0  stubs.o ABSOLUTE
    _printf_l                                0x00000000   Number         0  stubs.o ABSOLUTE
    _printf_lc                               0x00000000   Number         0  stubs.o ABSOLUTE
    _printf_ll                               0x00000000   Number         0  stubs.o ABSOLUTE
    _printf_lld                              0x00000000   Number         0  stubs.o ABSOLUTE
    _printf_lli                              0x00000000   Number         0  stubs.o ABSOLUTE
    _printf_llo                              0x00000000   Number         0  stubs.o ABSOLUTE
    _printf_llu                              0x00000000   Number         0  stubs.o ABSOLUTE
    _printf_llx                              0x00000000   Number         0  stubs.o ABSOLUTE
    _printf_longlong_dec                     0x00000000   Number         0  stubs.o ABSOLUTE
    _printf_longlong_hex                     0x00000000   Number         0  stubs.o ABSOLUTE
    _printf_longlong_oct                     0x00000000   Number         0  stubs.o ABSOLUTE
    _printf_ls                               0x00000000   Number         0  stubs.o ABSOLUTE
    _printf_mbtowc                           0x00000000   Number         0  stubs.o ABSOLUTE
    _printf_n                                0x00000000   Number         0  stubs.o ABSOLUTE
    _printf_o                                0x00000000   Number         0  stubs.o ABSOLUTE
    _printf_p                                0x00000000   Number         0  stubs.o ABSOLUTE
    _printf_percent                          0x00000000   Number         0  stubs.o ABSOLUTE
    _printf_pre_padding                      0x00000000   Number         0  stubs.o ABSOLUTE
    _printf_return_value                     0x00000000   Number         0  stubs.o ABSOLUTE
    _printf_s                                0x00000000   Number         0  stubs.o ABSOLUTE
    _printf_sizespec                         0x00000000   Number         0  stubs.o ABSOLUTE
    _printf_str                              0x00000000   Number         0  stubs.o ABSOLUTE
    _printf_truncate_signed                  0x00000000   Number         0  stubs.o ABSOLUTE
    _printf_truncate_unsigned                0x00000000   Number         0  stubs.o ABSOLUTE
    _printf_u                                0x00000000   Number         0  stubs.o ABSOLUTE
    _printf_wc                               0x00000000   Number         0  stubs.o ABSOLUTE
    _printf_wctomb                           0x00000000   Number         0  stubs.o ABSOLUTE
    _printf_widthprec                        0x00000000   Number         0  stubs.o ABSOLUTE
    _printf_x                                0x00000000   Number         0  stubs.o ABSOLUTE
    __cpp_initialize__aeabi_                  - Undefined Weak Reference
    __cxa_finalize                            - Undefined Weak Reference
    __decompress                              - Undefined Weak Reference
    _clock_init                               - Undefined Weak Reference
    _microlib_exit                            - Undefined Weak Reference
    __Vectors_Size                           0x00000188   Number         0  startup_stm32f4xx.o ABSOLUTE
    __Vectors                                0x08000000   Data           4  startup_stm32f4xx.o(RESET)
    __Vectors_End                            0x08000188   Data           0  startup_stm32f4xx.o(RESET)
    __main                                   0x08000189   Thumb Code     0  entry.o(.ARM.Collect$$$$00000000)
    _main_stk                                0x08000189   Thumb Code     0  entry2.o(.ARM.Collect$$$$00000001)
    _main_scatterload                        0x0800018d   Thumb Code     0  entry5.o(.ARM.Collect$$$$00000004)
    __main_after_scatterload                 0x08000191   Thumb Code     0  entry5.o(.ARM.Collect$$$$00000004)
    _main_clock                              0x08000191   Thumb Code     0  entry7b.o(.ARM.Collect$$$$00000008)
    _main_cpp_init                           0x08000191   Thumb Code     0  entry8b.o(.ARM.Collect$$$$0000000A)
    _main_init                               0x08000191   Thumb Code     0  entry9a.o(.ARM.Collect$$$$0000000B)
    __rt_final_cpp                           0x08000199   Thumb Code     0  entry10a.o(.ARM.Collect$$$$0000000D)
    __rt_final_exit                          0x08000199   Thumb Code     0  entry11a.o(.ARM.Collect$$$$0000000F)
    SystemInit                               0x08000279   Thumb Code    88  system_stm32f4xx.o(.text)
    SystemCoreClockUpdate                    0x080002d1   Thumb Code   174  system_stm32f4xx.o(.text)
    Reset_Handler                            0x080003ad   Thumb Code     8  startup_stm32f4xx.o(.text)
    ADC_IRQHandler                           0x080003c7   Thumb Code     0  startup_stm32f4xx.o(.text)
    CAN1_RX0_IRQHandler                      0x080003c7   Thumb Code     0  startup_stm32f4xx.o(.text)
    CAN1_RX1_IRQHandler                      0x080003c7   Thumb Code     0  startup_stm32f4xx.o(.text)
    CAN1_SCE_IRQHandler                      0x080003c7   Thumb Code     0  startup_stm32f4xx.o(.text)
    CAN1_TX_IRQHandler                       0x080003c7   Thumb Code     0  startup_stm32f4xx.o(.text)
    CAN2_RX0_IRQHandler                      0x080003c7   Thumb Code     0  startup_stm32f4xx.o(.text)
    CAN2_RX1_IRQHandler                      0x080003c7   Thumb Code     0  startup_stm32f4xx.o(.text)
    CAN2_SCE_IRQHandler                      0x080003c7   Thumb Code     0  startup_stm32f4xx.o(.text)
    CAN2_TX_IRQHandler                       0x080003c7   Thumb Code     0  startup_stm32f4xx.o(.text)
    CRYP_IRQHandler                          0x080003c7   Thumb Code     0  startup_stm32f4xx.o(.text)
    DCMI_IRQHandler                          0x080003c7   Thumb Code     0  startup_stm32f4xx.o(.text)
    DMA1_Stream0_IRQHandler                  0x080003c7   Thumb Code     0  startup_stm32f4xx.o(.text)
    DMA1_Stream1_IRQHandler                  0x080003c7   Thumb Code     0  startup_stm32f4xx.o(.text)
    DMA1_Stream2_IRQHandler                  0x080003c7   Thumb Code     0  startup_stm32f4xx.o(.text)
    DMA1_Stream3_IRQHandler                  0x080003c7   Thumb Code     0  startup_stm32f4xx.o(.text)
    DMA1_Stream4_IRQHandler                  0x080003c7   Thumb Code     0  startup_stm32f4xx.o(.text)
    DMA1_Stream5_IRQHandler                  0x080003c7   Thumb Code     0  startup_stm32f4xx.o(.text)
    DMA1_Stream6_IRQHandler                  0x080003c7   Thumb Code     0  startup_stm32f4xx.o(.text)
    DMA1_Stream7_IRQHandler                  0x080003c7   Thumb Code     0  startup_stm32f4xx.o(.text)
    DMA2_Stream0_IRQHandler                  0x080003c7   Thumb Code     0  startup_stm32f4xx.o(.text)
    DMA2_Stream1_IRQHandler                  0x080003c7   Thumb Code     0  startup_stm32f4xx.o(.text)
    DMA2_Stream2_IRQHandler                  0x080003c7   Thumb Code     0  startup_stm32f4xx.o(.text)
    DMA2_Stream3_IRQHandler                  0x080003c7   Thumb Code     0  startup_stm32f4xx.o(.text)
    DMA2_Stream4_IRQHandler                  0x080003c7   Thumb Code     0  startup_stm32f4xx.o(.text)
    DMA2_Stream5_IRQHandler                  0x080003c7   Thumb Code     0  startup_stm32f4xx.o(.text)
    DMA2_Stream6_IRQHandler                  0x080003c7   Thumb Code     0  startup_stm32f4xx.o(.text)
    DMA2_Stream7_IRQHandler                  0x080003c7   Thumb Code     0  startup_stm32f4xx.o(.text)
    ETH_IRQHandler                           0x080003c7   Thumb Code     0  startup_stm32f4xx.o(.text)
    ETH_WKUP_IRQHandler                      0x080003c7   Thumb Code     0  startup_stm32f4xx.o(.text)
    EXTI0_IRQHandler                         0x080003c7   Thumb Code     0  startup_stm32f4xx.o(.text)
    EXTI15_10_IRQHandler                     0x080003c7   Thumb Code     0  startup_stm32f4xx.o(.text)
    EXTI1_IRQHandler                         0x080003c7   Thumb Code     0  startup_stm32f4xx.o(.text)
    EXTI2_IRQHandler                         0x080003c7   Thumb Code     0  startup_stm32f4xx.o(.text)
    EXTI3_IRQHandler                         0x080003c7   Thumb Code     0  startup_stm32f4xx.o(.text)
    EXTI4_IRQHandler                         0x080003c7   Thumb Code     0  startup_stm32f4xx.o(.text)
    FLASH_IRQHandler                         0x080003c7   Thumb Code     0  startup_stm32f4xx.o(.text)
    FPU_IRQHandler                           0x080003c7   Thumb Code     0  startup_stm32f4xx.o(.text)
    FSMC_IRQHandler                          0x080003c7   Thumb Code     0  startup_stm32f4xx.o(.text)
    HASH_RNG_IRQHandler                      0x080003c7   Thumb Code     0  startup_stm32f4xx.o(.text)
    I2C1_ER_IRQHandler                       0x080003c7   Thumb Code     0  startup_stm32f4xx.o(.text)
    I2C1_EV_IRQHandler                       0x080003c7   Thumb Code     0  startup_stm32f4xx.o(.text)
    I2C2_ER_IRQHandler                       0x080003c7   Thumb Code     0  startup_stm32f4xx.o(.text)
    I2C2_EV_IRQHandler                       0x080003c7   Thumb Code     0  startup_stm32f4xx.o(.text)
    I2C3_ER_IRQHandler                       0x080003c7   Thumb Code     0  startup_stm32f4xx.o(.text)
    I2C3_EV_IRQHandler                       0x080003c7   Thumb Code     0  startup_stm32f4xx.o(.text)
    OTG_FS_IRQHandler                        0x080003c7   Thumb Code     0  startup_stm32f4xx.o(.text)
    OTG_FS_WKUP_IRQHandler                   0x080003c7   Thumb Code     0  startup_stm32f4xx.o(.text)
    OTG_HS_EP1_IN_IRQHandler                 0x080003c7   Thumb Code     0  startup_stm32f4xx.o(.text)
    OTG_HS_EP1_OUT_IRQHandler                0x080003c7   Thumb Code     0  startup_stm32f4xx.o(.text)
    OTG_HS_IRQHandler                        0x080003c7   Thumb Code     0  startup_stm32f4xx.o(.text)
    OTG_HS_WKUP_IRQHandler                   0x080003c7   Thumb Code     0  startup_stm32f4xx.o(.text)
    PVD_IRQHandler                           0x080003c7   Thumb Code     0  startup_stm32f4xx.o(.text)
    RCC_IRQHandler                           0x080003c7   Thumb Code     0  startup_stm32f4xx.o(.text)
    RTC_Alarm_IRQHandler                     0x080003c7   Thumb Code     0  startup_stm32f4xx.o(.text)
    RTC_WKUP_IRQHandler                      0x080003c7   Thumb Code     0  startup_stm32f4xx.o(.text)
    SDIO_IRQHandler                          0x080003c7   Thumb Code     0  startup_stm32f4xx.o(.text)
    SPI1_IRQHandler                          0x080003c7   Thumb Code     0  startup_stm32f4xx.o(.text)
    SPI2_IRQHandler                          0x080003c7   Thumb Code     0  startup_stm32f4xx.o(.text)
    SPI3_IRQHandler                          0x080003c7   Thumb Code     0  startup_stm32f4xx.o(.text)
    TAMP_STAMP_IRQHandler                    0x080003c7   Thumb Code     0  startup_stm32f4xx.o(.text)
    TIM1_BRK_TIM9_IRQHandler                 0x080003c7   Thumb Code     0  startup_stm32f4xx.o(.text)
    TIM1_CC_IRQHandler                       0x080003c7   Thumb Code     0  startup_stm32f4xx.o(.text)
    TIM1_TRG_COM_TIM11_IRQHandler            0x080003c7   Thumb Code     0  startup_stm32f4xx.o(.text)
    TIM1_UP_TIM10_IRQHandler                 0x080003c7   Thumb Code     0  startup_stm32f4xx.o(.text)
    TIM3_IRQHandler                          0x080003c7   Thumb Code     0  startup_stm32f4xx.o(.text)
    TIM4_IRQHandler                          0x080003c7   Thumb Code     0  startup_stm32f4xx.o(.text)
    TIM5_IRQHandler                          0x080003c7   Thumb Code     0  startup_stm32f4xx.o(.text)
    TIM6_DAC_IRQHandler                      0x080003c7   Thumb Code     0  startup_stm32f4xx.o(.text)
    TIM7_IRQHandler                          0x080003c7   Thumb Code     0  startup_stm32f4xx.o(.text)
    TIM8_BRK_TIM12_IRQHandler                0x080003c7   Thumb Code     0  startup_stm32f4xx.o(.text)
    TIM8_CC_IRQHandler                       0x080003c7   Thumb Code     0  startup_stm32f4xx.o(.text)
    TIM8_TRG_COM_TIM14_IRQHandler            0x080003c7   Thumb Code     0  startup_stm32f4xx.o(.text)
    TIM8_UP_TIM13_IRQHandler                 0x080003c7   Thumb Code     0  startup_stm32f4xx.o(.text)
    UART4_IRQHandler                         0x080003c7   Thumb Code     0  startup_stm32f4xx.o(.text)
    USART1_IRQHandler                        0x080003c7   Thumb Code     0  startup_stm32f4xx.o(.text)
    USART2_IRQHandler                        0x080003c7   Thumb Code     0  startup_stm32f4xx.o(.text)
    USART3_IRQHandler                        0x080003c7   Thumb Code     0  startup_stm32f4xx.o(.text)
    WWDG_IRQHandler                          0x080003c7   Thumb Code     0  startup_stm32f4xx.o(.text)
    main                                     0x080003d1   Thumb Code   100  main.o(.text)
    NMI_Handler                              0x0800043d   Thumb Code     2  stm32f4xx_it.o(.text)
    HardFault_Handler                        0x0800043f   Thumb Code     4  stm32f4xx_it.o(.text)
    MemManage_Handler                        0x08000443   Thumb Code     4  stm32f4xx_it.o(.text)
    BusFault_Handler                         0x08000447   Thumb Code     4  stm32f4xx_it.o(.text)
    UsageFault_Handler                       0x0800044b   Thumb Code     4  stm32f4xx_it.o(.text)
    SVC_Handler                              0x0800044f   Thumb Code     2  stm32f4xx_it.o(.text)
    DebugMon_Handler                         0x08000451   Thumb Code     2  stm32f4xx_it.o(.text)
    PendSV_Handler                           0x08000453   Thumb Code     2  stm32f4xx_it.o(.text)
    SysTick_Handler                          0x08000455   Thumb Code    38  stm32f4xx_it.o(.text)
    UART5_IRQHandler                         0x0800047b   Thumb Code   256  stm32f4xx_it.o(.text)
    USART6_IRQHandler                        0x0800057b   Thumb Code   138  stm32f4xx_it.o(.text)
    TIM2_IRQHandler                          0x08000605   Thumb Code    22  stm32f4xx_it.o(.text)
    EXTI9_5_IRQHandler                       0x0800061b   Thumb Code    26  stm32f4xx_it.o(.text)
    TIM10_PWM_Init                           0x08000669   Thumb Code   152  pwm.o(.text)
    Alarm_GPIO_Configuration                 0x08000709   Thumb Code   112  ch455i2c.o(.text)
    init_CH455                               0x08000779   Thumb Code    12  ch455i2c.o(.text)
    CH455_Write                              0x08000785   Thumb Code    34  ch455i2c.o(.text)
    CH455_Read                               0x080007a7   Thumb Code    26  ch455i2c.o(.text)
    I2C_delay                                0x080007c5   Thumb Code    10  i2c.o(.text)
    I2C_Stop                                 0x080007cf   Thumb Code    36  i2c.o(.text)
    I2C_GPIO_Configuration                   0x080007f3   Thumb Code    52  i2c.o(.text)
    I2C_SDA_Input                            0x08000827   Thumb Code    30  i2c.o(.text)
    I2C_SDA_Output                           0x08000845   Thumb Code    40  i2c.o(.text)
    I2C_Start                                0x0800086d   Thumb Code    48  i2c.o(.text)
    I2C_SendACK                              0x0800089d   Thumb Code    52  i2c.o(.text)
    I2C_ReceiveACK                           0x080008d1   Thumb Code    66  i2c.o(.text)
    I2C_SendByte                             0x08000913   Thumb Code    74  i2c.o(.text)
    I2C_ReceiveByte                          0x0800095d   Thumb Code    70  i2c.o(.text)
    NVIC_PriorityGroupConfig                 0x080009a9   Thumb Code    10  misc.o(.text)
    NVIC_Init                                0x080009b3   Thumb Code   106  misc.o(.text)
    NVIC_SetVectorTable                      0x08000a1d   Thumb Code    14  misc.o(.text)
    NVIC_SystemLPConfig                      0x08000a2b   Thumb Code    34  misc.o(.text)
    SysTick_CLKSourceConfig                  0x08000a4d   Thumb Code    40  misc.o(.text)
    ADC_DeInit                               0x08000a89   Thumb Code    22  stm32f4xx_adc.o(.text)
    ADC_Init                                 0x08000a9f   Thumb Code    74  stm32f4xx_adc.o(.text)
    ADC_StructInit                           0x08000ae9   Thumb Code    20  stm32f4xx_adc.o(.text)
    ADC_CommonInit                           0x08000afd   Thumb Code    34  stm32f4xx_adc.o(.text)
    ADC_CommonStructInit                     0x08000b1f   Thumb Code    12  stm32f4xx_adc.o(.text)
    ADC_Cmd                                  0x08000b2b   Thumb Code    22  stm32f4xx_adc.o(.text)
    ADC_AnalogWatchdogCmd                    0x08000b41   Thumb Code    16  stm32f4xx_adc.o(.text)
    ADC_AnalogWatchdogThresholdsConfig       0x08000b51   Thumb Code     6  stm32f4xx_adc.o(.text)
    ADC_AnalogWatchdogSingleChannelConfig    0x08000b57   Thumb Code    16  stm32f4xx_adc.o(.text)
    ADC_TempSensorVrefintCmd                 0x08000b67   Thumb Code    34  stm32f4xx_adc.o(.text)
    ADC_VBATCmd                              0x08000b89   Thumb Code    34  stm32f4xx_adc.o(.text)
    ADC_RegularChannelConfig                 0x08000bab   Thumb Code   184  stm32f4xx_adc.o(.text)
    ADC_SoftwareStartConv                    0x08000c63   Thumb Code    10  stm32f4xx_adc.o(.text)
    ADC_GetSoftwareStartConvStatus           0x08000c6d   Thumb Code    20  stm32f4xx_adc.o(.text)
    ADC_EOCOnEachRegularChannelCmd           0x08000c81   Thumb Code    22  stm32f4xx_adc.o(.text)
    ADC_ContinuousModeCmd                    0x08000c97   Thumb Code    22  stm32f4xx_adc.o(.text)
    ADC_DiscModeChannelCountConfig           0x08000cad   Thumb Code    24  stm32f4xx_adc.o(.text)
    ADC_DiscModeCmd                          0x08000cc5   Thumb Code    22  stm32f4xx_adc.o(.text)
    ADC_GetConversionValue                   0x08000cdb   Thumb Code     8  stm32f4xx_adc.o(.text)
    ADC_GetMultiModeConversionValue          0x08000ce3   Thumb Code     8  stm32f4xx_adc.o(.text)
    ADC_DMACmd                               0x08000ceb   Thumb Code    22  stm32f4xx_adc.o(.text)
    ADC_DMARequestAfterLastTransferCmd       0x08000d01   Thumb Code    22  stm32f4xx_adc.o(.text)
    ADC_MultiModeDMARequestAfterLastTransferCmd 0x08000d17   Thumb Code    34  stm32f4xx_adc.o(.text)
    ADC_InjectedChannelConfig                0x08000d39   Thumb Code   130  stm32f4xx_adc.o(.text)
    ADC_InjectedSequencerLengthConfig        0x08000dbb   Thumb Code    24  stm32f4xx_adc.o(.text)
    ADC_SetInjectedOffset                    0x08000dd3   Thumb Code    20  stm32f4xx_adc.o(.text)
    ADC_ExternalTrigInjectedConvConfig       0x08000de7   Thumb Code    16  stm32f4xx_adc.o(.text)
    ADC_ExternalTrigInjectedConvEdgeConfig   0x08000df7   Thumb Code    16  stm32f4xx_adc.o(.text)
    ADC_SoftwareStartInjectedConv            0x08000e07   Thumb Code    10  stm32f4xx_adc.o(.text)
    ADC_GetSoftwareStartInjectedConvCmdStatus 0x08000e11   Thumb Code    20  stm32f4xx_adc.o(.text)
    ADC_AutoInjectedConvCmd                  0x08000e25   Thumb Code    22  stm32f4xx_adc.o(.text)
    ADC_InjectedDiscModeCmd                  0x08000e3b   Thumb Code    22  stm32f4xx_adc.o(.text)
    ADC_GetInjectedConversionValue           0x08000e51   Thumb Code    28  stm32f4xx_adc.o(.text)
    ADC_ITConfig                             0x08000e6d   Thumb Code    56  stm32f4xx_adc.o(.text)
    ADC_GetFlagStatus                        0x08000ea5   Thumb Code    18  stm32f4xx_adc.o(.text)
    ADC_ClearFlag                            0x08000eb7   Thumb Code     6  stm32f4xx_adc.o(.text)
    ADC_GetITStatus                          0x08000ebd   Thumb Code    38  stm32f4xx_adc.o(.text)
    ADC_ClearITPendingBit                    0x08000ee3   Thumb Code    10  stm32f4xx_adc.o(.text)
    EXTI_DeInit                              0x08000eed   Thumb Code    28  stm32f4xx_exti.o(.text)
    EXTI_Init                                0x08000f09   Thumb Code   142  stm32f4xx_exti.o(.text)
    EXTI_StructInit                          0x08000f97   Thumb Code    16  stm32f4xx_exti.o(.text)
    EXTI_GenerateSWInterrupt                 0x08000fa7   Thumb Code    16  stm32f4xx_exti.o(.text)
    EXTI_GetFlagStatus                       0x08000fb7   Thumb Code    22  stm32f4xx_exti.o(.text)
    EXTI_ClearFlag                           0x08000fcd   Thumb Code     8  stm32f4xx_exti.o(.text)
    EXTI_GetITStatus                         0x08000fd5   Thumb Code    34  stm32f4xx_exti.o(.text)
    EXTI_ClearITPendingBit                   0x08000ff7   Thumb Code     8  stm32f4xx_exti.o(.text)
    GPIO_DeInit                              0x08001009   Thumb Code   220  stm32f4xx_gpio.o(.text)
    GPIO_Init                                0x080010e5   Thumb Code   144  stm32f4xx_gpio.o(.text)
    GPIO_StructInit                          0x08001175   Thumb Code    18  stm32f4xx_gpio.o(.text)
    GPIO_PinLockConfig                       0x08001187   Thumb Code    34  stm32f4xx_gpio.o(.text)
    GPIO_ReadInputDataBit                    0x080011a9   Thumb Code    18  stm32f4xx_gpio.o(.text)
    GPIO_ReadInputData                       0x080011bb   Thumb Code     8  stm32f4xx_gpio.o(.text)
    GPIO_ReadOutputDataBit                   0x080011c3   Thumb Code    18  stm32f4xx_gpio.o(.text)
    GPIO_ReadOutputData                      0x080011d5   Thumb Code     8  stm32f4xx_gpio.o(.text)
    GPIO_SetBits                             0x080011dd   Thumb Code     4  stm32f4xx_gpio.o(.text)
    GPIO_ResetBits                           0x080011e1   Thumb Code     4  stm32f4xx_gpio.o(.text)
    GPIO_WriteBit                            0x080011e5   Thumb Code    10  stm32f4xx_gpio.o(.text)
    GPIO_Write                               0x080011ef   Thumb Code     4  stm32f4xx_gpio.o(.text)
    GPIO_ToggleBits                          0x080011f3   Thumb Code     8  stm32f4xx_gpio.o(.text)
    GPIO_PinAFConfig                         0x080011fb   Thumb Code    70  stm32f4xx_gpio.o(.text)
    RCC_DeInit                               0x08001265   Thumb Code    60  stm32f4xx_rcc.o(.text)
    RCC_HSEConfig                            0x080012a1   Thumb Code    14  stm32f4xx_rcc.o(.text)
    RCC_GetFlagStatus                        0x080012af   Thumb Code    60  stm32f4xx_rcc.o(.text)
    RCC_WaitForHSEStartUp                    0x080012eb   Thumb Code    56  stm32f4xx_rcc.o(.text)
    RCC_AdjustHSICalibrationValue            0x08001323   Thumb Code    20  stm32f4xx_rcc.o(.text)
    RCC_HSICmd                               0x08001337   Thumb Code     6  stm32f4xx_rcc.o(.text)
    RCC_LSEConfig                            0x0800133d   Thumb Code    46  stm32f4xx_rcc.o(.text)
    RCC_LSICmd                               0x0800136b   Thumb Code     6  stm32f4xx_rcc.o(.text)
    RCC_PLLConfig                            0x08001371   Thumb Code    32  stm32f4xx_rcc.o(.text)
    RCC_PLLCmd                               0x08001391   Thumb Code     6  stm32f4xx_rcc.o(.text)
    RCC_PLLI2SConfig                         0x08001397   Thumb Code    14  stm32f4xx_rcc.o(.text)
    RCC_PLLI2SCmd                            0x080013a5   Thumb Code     6  stm32f4xx_rcc.o(.text)
    RCC_ClockSecuritySystemCmd               0x080013ab   Thumb Code     6  stm32f4xx_rcc.o(.text)
    RCC_MCO1Config                           0x080013b1   Thumb Code    28  stm32f4xx_rcc.o(.text)
    RCC_MCO2Config                           0x080013cd   Thumb Code    28  stm32f4xx_rcc.o(.text)
    RCC_SYSCLKConfig                         0x080013e9   Thumb Code    20  stm32f4xx_rcc.o(.text)
    RCC_GetSYSCLKSource                      0x080013fd   Thumb Code    12  stm32f4xx_rcc.o(.text)
    RCC_HCLKConfig                           0x08001409   Thumb Code    20  stm32f4xx_rcc.o(.text)
    RCC_PCLK1Config                          0x0800141d   Thumb Code    20  stm32f4xx_rcc.o(.text)
    RCC_PCLK2Config                          0x08001431   Thumb Code    22  stm32f4xx_rcc.o(.text)
    RCC_GetClocksFreq                        0x08001447   Thumb Code   222  stm32f4xx_rcc.o(.text)
    RCC_RTCCLKConfig                         0x08001525   Thumb Code    54  stm32f4xx_rcc.o(.text)
    RCC_RTCCLKCmd                            0x0800155b   Thumb Code     8  stm32f4xx_rcc.o(.text)
    RCC_BackupResetCmd                       0x08001563   Thumb Code     8  stm32f4xx_rcc.o(.text)
    RCC_I2SCLKConfig                         0x0800156b   Thumb Code     6  stm32f4xx_rcc.o(.text)
    RCC_AHB1PeriphClockCmd                   0x08001571   Thumb Code    34  stm32f4xx_rcc.o(.text)
    RCC_AHB2PeriphClockCmd                   0x08001593   Thumb Code    34  stm32f4xx_rcc.o(.text)
    RCC_AHB3PeriphClockCmd                   0x080015b5   Thumb Code    34  stm32f4xx_rcc.o(.text)
    RCC_APB1PeriphClockCmd                   0x080015d7   Thumb Code    34  stm32f4xx_rcc.o(.text)
    RCC_APB2PeriphClockCmd                   0x080015f9   Thumb Code    34  stm32f4xx_rcc.o(.text)
    RCC_AHB1PeriphResetCmd                   0x0800161b   Thumb Code    34  stm32f4xx_rcc.o(.text)
    RCC_AHB2PeriphResetCmd                   0x0800163d   Thumb Code    72  stm32f4xx_rcc.o(.text)
    RCC_AHB3PeriphResetCmd                   0x08001685   Thumb Code    34  stm32f4xx_rcc.o(.text)
    RCC_APB1PeriphResetCmd                   0x080016a7   Thumb Code    34  stm32f4xx_rcc.o(.text)
    RCC_APB2PeriphResetCmd                   0x080016c9   Thumb Code    34  stm32f4xx_rcc.o(.text)
    RCC_AHB1PeriphClockLPModeCmd             0x080016eb   Thumb Code    34  stm32f4xx_rcc.o(.text)
    RCC_AHB2PeriphClockLPModeCmd             0x0800170d   Thumb Code    34  stm32f4xx_rcc.o(.text)
    RCC_AHB3PeriphClockLPModeCmd             0x0800172f   Thumb Code    34  stm32f4xx_rcc.o(.text)
    RCC_APB1PeriphClockLPModeCmd             0x08001751   Thumb Code    34  stm32f4xx_rcc.o(.text)
    RCC_APB2PeriphClockLPModeCmd             0x08001773   Thumb Code    34  stm32f4xx_rcc.o(.text)
    RCC_ITConfig                             0x08001795   Thumb Code    34  stm32f4xx_rcc.o(.text)
    RCC_ClearFlag                            0x080017b7   Thumb Code    18  stm32f4xx_rcc.o(.text)
    RCC_GetITStatus                          0x080017c9   Thumb Code    22  stm32f4xx_rcc.o(.text)
    RCC_ClearITPendingBit                    0x080017df   Thumb Code     8  stm32f4xx_rcc.o(.text)
    SYSCFG_DeInit                            0x080017ed   Thumb Code    22  stm32f4xx_syscfg.o(.text)
    SYSCFG_MemoryRemapConfig                 0x08001803   Thumb Code     6  stm32f4xx_syscfg.o(.text)
    SYSCFG_EXTILineConfig                    0x08001809   Thumb Code    66  stm32f4xx_syscfg.o(.text)
    SYSCFG_ETH_MediaInterfaceConfig          0x0800184b   Thumb Code     6  stm32f4xx_syscfg.o(.text)
    SYSCFG_CompensationCellCmd               0x08001851   Thumb Code     6  stm32f4xx_syscfg.o(.text)
    SYSCFG_GetCompensationCellStatus         0x08001857   Thumb Code    22  stm32f4xx_syscfg.o(.text)
    TIM_DeInit                               0x08001879   Thumb Code   346  stm32f4xx_tim.o(.text)
    TIM_TimeBaseInit                         0x080019d3   Thumb Code   104  stm32f4xx_tim.o(.text)
    TIM_TimeBaseStructInit                   0x08001a3b   Thumb Code    18  stm32f4xx_tim.o(.text)
    TIM_PrescalerConfig                      0x08001a4d   Thumb Code     6  stm32f4xx_tim.o(.text)
    TIM_CounterModeConfig                    0x08001a53   Thumb Code    18  stm32f4xx_tim.o(.text)
    TIM_SetCounter                           0x08001a65   Thumb Code     4  stm32f4xx_tim.o(.text)
    TIM_SetAutoreload                        0x08001a69   Thumb Code     4  stm32f4xx_tim.o(.text)
    TIM_GetCounter                           0x08001a6d   Thumb Code     6  stm32f4xx_tim.o(.text)
    TIM_GetPrescaler                         0x08001a73   Thumb Code     6  stm32f4xx_tim.o(.text)
    TIM_UpdateDisableConfig                  0x08001a79   Thumb Code    24  stm32f4xx_tim.o(.text)
    TIM_UpdateRequestConfig                  0x08001a91   Thumb Code    24  stm32f4xx_tim.o(.text)
    TIM_ARRPreloadConfig                     0x08001aa9   Thumb Code    24  stm32f4xx_tim.o(.text)
    TIM_SelectOnePulseMode                   0x08001ac1   Thumb Code    18  stm32f4xx_tim.o(.text)
    TIM_SetClockDivision                     0x08001ad3   Thumb Code    18  stm32f4xx_tim.o(.text)
    TIM_Cmd                                  0x08001ae5   Thumb Code    24  stm32f4xx_tim.o(.text)
    TIM_OC1Init                              0x08001afd   Thumb Code   114  stm32f4xx_tim.o(.text)
    TIM_OC2Init                              0x08001b6f   Thumb Code   154  stm32f4xx_tim.o(.text)
    TIM_OC3Init                              0x08001c09   Thumb Code   204  stm32f4xx_tim.o(.text)
    TIM_OC4Init                              0x08001cd5   Thumb Code   112  stm32f4xx_tim.o(.text)
    TIM_OCStructInit                         0x08001d45   Thumb Code    20  stm32f4xx_tim.o(.text)
    TIM_SelectOCxM                           0x08001d59   Thumb Code    86  stm32f4xx_tim.o(.text)
    TIM_SetCompare1                          0x08001daf   Thumb Code     4  stm32f4xx_tim.o(.text)
    TIM_SetCompare2                          0x08001db3   Thumb Code     4  stm32f4xx_tim.o(.text)
    TIM_SetCompare3                          0x08001db7   Thumb Code     4  stm32f4xx_tim.o(.text)
    TIM_SetCompare4                          0x08001dbb   Thumb Code     4  stm32f4xx_tim.o(.text)
    TIM_ForcedOC1Config                      0x08001dbf   Thumb Code    18  stm32f4xx_tim.o(.text)
    TIM_ForcedOC2Config                      0x08001dd1   Thumb Code    26  stm32f4xx_tim.o(.text)
    TIM_ForcedOC3Config                      0x08001deb   Thumb Code    18  stm32f4xx_tim.o(.text)
    TIM_ForcedOC4Config                      0x08001dfd   Thumb Code    26  stm32f4xx_tim.o(.text)
    TIM_OC1PreloadConfig                     0x08001e17   Thumb Code    18  stm32f4xx_tim.o(.text)
    TIM_OC2PreloadConfig                     0x08001e29   Thumb Code    26  stm32f4xx_tim.o(.text)
    TIM_OC3PreloadConfig                     0x08001e43   Thumb Code    18  stm32f4xx_tim.o(.text)
    TIM_OC4PreloadConfig                     0x08001e55   Thumb Code    26  stm32f4xx_tim.o(.text)
    TIM_OC1FastConfig                        0x08001e6f   Thumb Code    18  stm32f4xx_tim.o(.text)
    TIM_OC2FastConfig                        0x08001e81   Thumb Code    26  stm32f4xx_tim.o(.text)
    TIM_OC3FastConfig                        0x08001e9b   Thumb Code    18  stm32f4xx_tim.o(.text)
    TIM_OC4FastConfig                        0x08001ead   Thumb Code    26  stm32f4xx_tim.o(.text)
    TIM_ClearOC1Ref                          0x08001ec7   Thumb Code    18  stm32f4xx_tim.o(.text)
    TIM_ClearOC2Ref                          0x08001ed9   Thumb Code    24  stm32f4xx_tim.o(.text)
    TIM_ClearOC3Ref                          0x08001ef1   Thumb Code    18  stm32f4xx_tim.o(.text)
    TIM_ClearOC4Ref                          0x08001f03   Thumb Code    24  stm32f4xx_tim.o(.text)
    TIM_OC1PolarityConfig                    0x08001f1b   Thumb Code    18  stm32f4xx_tim.o(.text)
    TIM_OC1NPolarityConfig                   0x08001f2d   Thumb Code    18  stm32f4xx_tim.o(.text)
    TIM_OC2PolarityConfig                    0x08001f3f   Thumb Code    26  stm32f4xx_tim.o(.text)
    TIM_OC2NPolarityConfig                   0x08001f59   Thumb Code    26  stm32f4xx_tim.o(.text)
    TIM_OC3PolarityConfig                    0x08001f73   Thumb Code    26  stm32f4xx_tim.o(.text)
    TIM_OC3NPolarityConfig                   0x08001f8d   Thumb Code    26  stm32f4xx_tim.o(.text)
    TIM_OC4PolarityConfig                    0x08001fa7   Thumb Code    26  stm32f4xx_tim.o(.text)
    TIM_CCxCmd                               0x08001fc1   Thumb Code    30  stm32f4xx_tim.o(.text)
    TIM_CCxNCmd                              0x08001fdf   Thumb Code    30  stm32f4xx_tim.o(.text)
    TIM_SetIC4Prescaler                      0x08001ffd   Thumb Code    26  stm32f4xx_tim.o(.text)
    TIM_SetIC3Prescaler                      0x08002067   Thumb Code    18  stm32f4xx_tim.o(.text)
    TIM_SetIC2Prescaler                      0x080020c1   Thumb Code    26  stm32f4xx_tim.o(.text)
    TIM_SetIC1Prescaler                      0x08002135   Thumb Code    18  stm32f4xx_tim.o(.text)
    TIM_ICInit                               0x08002181   Thumb Code   110  stm32f4xx_tim.o(.text)
    TIM_ICStructInit                         0x080021ef   Thumb Code    18  stm32f4xx_tim.o(.text)
    TIM_PWMIConfig                           0x08002201   Thumb Code   124  stm32f4xx_tim.o(.text)
    TIM_GetCapture1                          0x0800227d   Thumb Code     6  stm32f4xx_tim.o(.text)
    TIM_GetCapture2                          0x08002283   Thumb Code     6  stm32f4xx_tim.o(.text)
    TIM_GetCapture3                          0x08002289   Thumb Code     6  stm32f4xx_tim.o(.text)
    TIM_GetCapture4                          0x0800228f   Thumb Code     6  stm32f4xx_tim.o(.text)
    TIM_BDTRConfig                           0x08002295   Thumb Code    32  stm32f4xx_tim.o(.text)
    TIM_BDTRStructInit                       0x080022b5   Thumb Code    18  stm32f4xx_tim.o(.text)
    TIM_CtrlPWMOutputs                       0x080022c7   Thumb Code    30  stm32f4xx_tim.o(.text)
    TIM_SelectCOM                            0x080022e5   Thumb Code    24  stm32f4xx_tim.o(.text)
    TIM_CCPreloadControl                     0x080022fd   Thumb Code    24  stm32f4xx_tim.o(.text)
    TIM_ITConfig                             0x08002315   Thumb Code    18  stm32f4xx_tim.o(.text)
    TIM_GenerateEvent                        0x08002327   Thumb Code     4  stm32f4xx_tim.o(.text)
    TIM_GetFlagStatus                        0x0800232b   Thumb Code    18  stm32f4xx_tim.o(.text)
    TIM_ClearFlag                            0x0800233d   Thumb Code     6  stm32f4xx_tim.o(.text)
    TIM_GetITStatus                          0x08002343   Thumb Code    34  stm32f4xx_tim.o(.text)
    TIM_ClearITPendingBit                    0x08002365   Thumb Code     6  stm32f4xx_tim.o(.text)
    TIM_DMAConfig                            0x0800236b   Thumb Code    10  stm32f4xx_tim.o(.text)
    TIM_DMACmd                               0x08002375   Thumb Code    18  stm32f4xx_tim.o(.text)
    TIM_SelectCCDMA                          0x08002387   Thumb Code    24  stm32f4xx_tim.o(.text)
    TIM_InternalClockConfig                  0x0800239f   Thumb Code    12  stm32f4xx_tim.o(.text)
    TIM_SelectInputTrigger                   0x080023ab   Thumb Code    18  stm32f4xx_tim.o(.text)
    TIM_ITRxExternalClockConfig              0x080023bd   Thumb Code    24  stm32f4xx_tim.o(.text)
    TIM_TIxExternalClockConfig               0x080023d5   Thumb Code    62  stm32f4xx_tim.o(.text)
    TIM_ETRConfig                            0x08002413   Thumb Code    28  stm32f4xx_tim.o(.text)
    TIM_ETRClockMode1Config                  0x0800242f   Thumb Code    54  stm32f4xx_tim.o(.text)
    TIM_ETRClockMode2Config                  0x08002465   Thumb Code    32  stm32f4xx_tim.o(.text)
    TIM_SelectOutputTrigger                  0x08002485   Thumb Code    18  stm32f4xx_tim.o(.text)
    TIM_SelectSlaveMode                      0x08002497   Thumb Code    18  stm32f4xx_tim.o(.text)
    TIM_SelectMasterSlaveMode                0x080024a9   Thumb Code    18  stm32f4xx_tim.o(.text)
    TIM_EncoderInterfaceConfig               0x080024bb   Thumb Code    66  stm32f4xx_tim.o(.text)
    TIM_SelectHallSensor                     0x080024fd   Thumb Code    24  stm32f4xx_tim.o(.text)
    TIM_RemapConfig                          0x08002515   Thumb Code     6  stm32f4xx_tim.o(.text)
    USART_DeInit                             0x0800251d   Thumb Code   156  stm32f4xx_usart.o(.text)
    USART_Init                               0x080025b9   Thumb Code   204  stm32f4xx_usart.o(.text)
    USART_StructInit                         0x08002685   Thumb Code    24  stm32f4xx_usart.o(.text)
    USART_ClockInit                          0x0800269d   Thumb Code    32  stm32f4xx_usart.o(.text)
    USART_ClockStructInit                    0x080026bd   Thumb Code    12  stm32f4xx_usart.o(.text)
    USART_Cmd                                0x080026c9   Thumb Code    24  stm32f4xx_usart.o(.text)
    USART_SetPrescaler                       0x080026e1   Thumb Code    16  stm32f4xx_usart.o(.text)
    USART_OverSampling8Cmd                   0x080026f1   Thumb Code    22  stm32f4xx_usart.o(.text)
    USART_OneBitMethodCmd                    0x08002707   Thumb Code    24  stm32f4xx_usart.o(.text)
    USART_SendData                           0x0800271f   Thumb Code     8  stm32f4xx_usart.o(.text)
    USART_ReceiveData                        0x08002727   Thumb Code    10  stm32f4xx_usart.o(.text)
    USART_SetAddress                         0x08002731   Thumb Code    18  stm32f4xx_usart.o(.text)
    USART_ReceiverWakeUpCmd                  0x08002743   Thumb Code    24  stm32f4xx_usart.o(.text)
    USART_WakeUpConfig                       0x0800275b   Thumb Code    18  stm32f4xx_usart.o(.text)
    USART_LINBreakDetectLengthConfig         0x0800276d   Thumb Code    18  stm32f4xx_usart.o(.text)
    USART_LINCmd                             0x0800277f   Thumb Code    24  stm32f4xx_usart.o(.text)
    USART_SendBreak                          0x08002797   Thumb Code    10  stm32f4xx_usart.o(.text)
    USART_HalfDuplexCmd                      0x080027a1   Thumb Code    24  stm32f4xx_usart.o(.text)
    USART_SetGuardTime                       0x080027b9   Thumb Code    16  stm32f4xx_usart.o(.text)
    USART_SmartCardCmd                       0x080027c9   Thumb Code    24  stm32f4xx_usart.o(.text)
    USART_SmartCardNACKCmd                   0x080027e1   Thumb Code    24  stm32f4xx_usart.o(.text)
    USART_IrDAConfig                         0x080027f9   Thumb Code    18  stm32f4xx_usart.o(.text)
    USART_IrDACmd                            0x0800280b   Thumb Code    24  stm32f4xx_usart.o(.text)
    USART_DMACmd                             0x08002823   Thumb Code    18  stm32f4xx_usart.o(.text)
    USART_ITConfig                           0x08002835   Thumb Code    74  stm32f4xx_usart.o(.text)
    USART_GetFlagStatus                      0x0800287f   Thumb Code    26  stm32f4xx_usart.o(.text)
    USART_ClearFlag                          0x08002899   Thumb Code    18  stm32f4xx_usart.o(.text)
    USART_GetITStatus                        0x080028ab   Thumb Code   110  stm32f4xx_usart.o(.text)
    USART_ClearITPendingBit                  0x08002919   Thumb Code    30  stm32f4xx_usart.o(.text)
    UART3_Configuration                      0x08002939   Thumb Code   154  usart3.o(.text)
    fputc                                    0x080029d3   Thumb Code    36  usart3.o(.text)
    USART3_Senddata                          0x080029f7   Thumb Code    42  usart3.o(.text)
    UART6_Configuration                      0x08002a21   Thumb Code   194  usart3.o(.text)
    USART6_Senddata                          0x08002ae3   Thumb Code    42  usart3.o(.text)
    UART5_Configuration                      0x08002b0d   Thumb Code   200  usart3.o(.text)
    UART5_Senddata                           0x08002bd5   Thumb Code    42  usart3.o(.text)
    SysTick_Init                             0x08002c25   Thumb Code    90  delay.o(.text)
    delay_ms                                 0x08002c7f   Thumb Code    16  delay.o(.text)
    delay_us                                 0x08002c8f   Thumb Code    28  delay.o(.text)
    TimingDelay_Decrement                    0x08002cab   Thumb Code    18  delay.o(.text)
    KEYGpio_Init                             0x08002ccd   Thumb Code    44  key.o(.text)
    KeyScan                                  0x08002cf9   Thumb Code   240  key.o(.text)
    setMp3Dev                                0x08002df1   Thumb Code    26  mp3.o(.text)
    setMp3Vol                                0x08002e0b   Thumb Code    26  mp3.o(.text)
    mp3Play                                  0x08002e25   Thumb Code    18  mp3.o(.text)
    mp3Stop                                  0x08002e37   Thumb Code    18  mp3.o(.text)
    mp3next                                  0x08002e49   Thumb Code    18  mp3.o(.text)
    mp3last                                  0x08002e5b   Thumb Code    18  mp3.o(.text)
    mp3voiceadd                              0x08002e6d   Thumb Code    18  mp3.o(.text)
    mp3voicedet                              0x08002e7f   Thumb Code    18  mp3.o(.text)
    mp3loopplay                              0x08002e91   Thumb Code    20  mp3.o(.text)
    mp3loopstop                              0x08002ea5   Thumb Code    20  mp3.o(.text)
    LEDGpio_Init                             0x08002ef1   Thumb Code   112  led.o(.text)
    BEEPGpio_Init                            0x08002f61   Thumb Code    60  led.o(.text)
    BEEP1                                    0x08002f9d   Thumb Code    46  led.o(.text)
    BEEP2                                    0x08002fcb   Thumb Code    32  led.o(.text)
    BEEP3                                    0x08002feb   Thumb Code    30  led.o(.text)
    GPS_Buff_Init                            0x08003011   Thumb Code    22  gps.o(.text)
    GNGGA_info                               0x08003027   Thumb Code   794  gps.o(.text)
    GSV_info                                 0x08003341   Thumb Code   728  gps.o(.text)
    TP_Drow_Touch_Point                      0x08003705   Thumb Code   108  touch.o(.text)
    TP_Draw_Big_Point                        0x08003771   Thumb Code    54  touch.o(.text)
    TP_Init                                  0x080037a7   Thumb Code    72  touch.o(.text)
    CT_Delay                                 0x08003801   Thumb Code    10  ctiic.o(.text)
    CT_IIC_Init                              0x0800380b   Thumb Code    56  ctiic.o(.text)
    CT_IIC_Start                             0x08003843   Thumb Code    62  ctiic.o(.text)
    CT_IIC_Stop                              0x08003881   Thumb Code    58  ctiic.o(.text)
    CT_IIC_Wait_Ack                          0x080038bb   Thumb Code    80  ctiic.o(.text)
    CT_IIC_Ack                               0x0800390b   Thumb Code    70  ctiic.o(.text)
    CT_IIC_NAck                              0x08003951   Thumb Code    70  ctiic.o(.text)
    CT_IIC_Send_Byte                         0x08003997   Thumb Code    86  ctiic.o(.text)
    CT_IIC_Read_Byte                         0x080039ed   Thumb Code    94  ctiic.o(.text)
    GT9147_WR_Reg                            0x08003a5d   Thumb Code    92  gt9147.o(.text)
    GT9147_Send_Cfg                          0x08003ab9   Thumb Code    86  gt9147.o(.text)
    GT9147_RD_Reg                            0x08003b0f   Thumb Code    98  gt9147.o(.text)
    GT9147_Init                              0x08003b71   Thumb Code   216  gt9147.o(.text)
    GT9147_Scan                              0x08003c49   Thumb Code   482  gt9147.o(.text)
    LCD_WR_REG                               0x08003e59   Thumb Code    18  lcd.o(.text)
    LCD_WR_DATA                              0x08003e6b   Thumb Code    20  lcd.o(.text)
    LCD_RD_DATA                              0x08003e7f   Thumb Code    16  lcd.o(.text)
    LCD_WriteReg                             0x08003e8f   Thumb Code    10  lcd.o(.text)
    LCD_ReadReg                              0x08003e99   Thumb Code    22  lcd.o(.text)
    LCD_WriteRAM_Prepare                     0x08003eaf   Thumb Code    10  lcd.o(.text)
    LCD_WriteRAM                             0x08003eb9   Thumb Code     8  lcd.o(.text)
    LCD_BGR2RGB                              0x08003ec1   Thumb Code    26  lcd.o(.text)
    opt_delay                                0x08003edb   Thumb Code    14  lcd.o(.text)
    LCD_SetCursor                            0x08003ee9   Thumb Code    84  lcd.o(.text)
    LCD_ReadPoint                            0x08003f3d   Thumb Code   146  lcd.o(.text)
    LCD_DisplayOn                            0x08003fcf   Thumb Code    24  lcd.o(.text)
    LCD_DisplayOff                           0x08003fe7   Thumb Code    24  lcd.o(.text)
    LCD_Scan_Dir                             0x08003fff   Thumb Code   306  lcd.o(.text)
    LCD_DrawPoint                            0x08004131   Thumb Code    30  lcd.o(.text)
    LCD_DrawPointcn                          0x0800414f   Thumb Code    28  lcd.o(.text)
    LCD_Fast_DrawPoint                       0x0800416b   Thumb Code    96  lcd.o(.text)
    LCD_Display_Dir                          0x080041cb   Thumb Code   150  lcd.o(.text)
    LCD_Set_Window                           0x08004261   Thumb Code   180  lcd.o(.text)
    LCD_Clear                                0x08004315   Thumb Code    42  lcd.o(.text)
    LCD_Init                                 0x0800433f   Thumb Code  4542  lcd.o(.text)
    LCD_Fill                                 0x080054fd   Thumb Code    80  lcd.o(.text)
    LCD_Color_Fill                           0x0800554d   Thumb Code    92  lcd.o(.text)
    LCD_DrawLine                             0x080055a9   Thumb Code   176  lcd.o(.text)
    LCD_DrawRectangle                        0x08005659   Thumb Code    60  lcd.o(.text)
    LCD_Draw_Circle                          0x08005695   Thumb Code   152  lcd.o(.text)
    LCD_ShowChar                             0x0800572d   Thumb Code   272  lcd.o(.text)
    LCD_Pow                                  0x0800583d   Thumb Code    22  lcd.o(.text)
    LCD_ShowNum                              0x08005853   Thumb Code   148  lcd.o(.text)
    LCD_ShowxNum                             0x080058e7   Thumb Code   222  lcd.o(.text)
    LCD_ShowString                           0x080059c5   Thumb Code   102  lcd.o(.text)
    LCD_ShowHzString                         0x08005a2b   Thumb Code   184  lcd.o(.text)
    LCD_Showcn                               0x08005ae3   Thumb Code    52  lcd.o(.text)
    LCDDrawLine_fill                         0x08005b17   Thumb Code   690  lcd.o(.text)
    LCD_DrawCircle_fill                      0x08005dc9   Thumb Code   226  lcd.o(.text)
    LCD_DrawOnrPoint                         0x08005eab   Thumb Code    28  lcd.o(.text)
    LCD_DrawPicture                          0x08005ec7   Thumb Code   102  lcd.o(.text)
    Exit                                     0x08005f2d   Thumb Code   210  lcd.o(.text)
    ctp_test2                                0x08005fff   Thumb Code  2210  lcd.o(.text)
    gui_draw_hline                           0x080068a1   Thumb Code    36  lcd.o(.text)
    gui_fill_circle                          0x080068c5   Thumb Code   176  lcd.o(.text)
    close                                    0x08006975   Thumb Code   302  lcd.o(.text)
    In                                       0x08006aa3   Thumb Code   248  lcd.o(.text)
    menuset                                  0x08006b9b   Thumb Code   338  lcd.o(.text)
    Light                                    0x08006ced   Thumb Code   464  lcd.o(.text)
    photo                                    0x08006ebd   Thumb Code   502  lcd.o(.text)
    LCD_ShowChar2                            0x080070b3   Thumb Code   264  lcd.o(.text)
    LCD_ShowCharString                       0x080071bb   Thumb Code    78  lcd.o(.text)
    LCD_ShowString2                          0x08007209   Thumb Code    78  lcd.o(.text)
    Gps                                      0x08007257   Thumb Code   746  lcd.o(.text)
    music                                    0x08007541   Thumb Code  1520  lcd.o(.text)
    tandw                                    0x08007b31   Thumb Code   554  lcd.o(.text)
    motor                                    0x08007d5b   Thumb Code   508  lcd.o(.text)
    closeforphone                            0x08007f57   Thumb Code   388  lcd.o(.text)
    phone                                    0x080080db   Thumb Code   718  lcd.o(.text)
    timescreen                               0x080083a9   Thumb Code    44  lcd.o(.text)
    timer                                    0x080083d5   Thumb Code  1514  lcd.o(.text)
    apps                                     0x080089bf   Thumb Code   870  lcd.o(.text)
    MY_NVIC_SetVectorTable                   0x08008d49   Thumb Code    12  sys.o(.text)
    MY_NVIC_PriorityGroupConfig              0x08008d55   Thumb Code    36  sys.o(.text)
    MY_NVIC_Init                             0x08008d79   Thumb Code   116  sys.o(.text)
    Ex_NVIC_Config                           0x08008ded   Thumb Code   168  sys.o(.text)
    GPIO_AF_Set                              0x08008e95   Thumb Code    64  sys.o(.text)
    GPIO_Set                                 0x08008ed5   Thumb Code   222  sys.o(.text)
    WFI_SET                                  0x08008fb3   Thumb Code     4  sys.o(.text)
    INTX_DISABLE                             0x08008fb7   Thumb Code     4  sys.o(.text)
    INTX_ENABLE                              0x08008fbb   Thumb Code     4  sys.o(.text)
    Sys_Standby                              0x08008fbf   Thumb Code    72  sys.o(.text)
    Sys_Soft_Reset                           0x08009007   Thumb Code    12  sys.o(.text)
    Sys_Clock_Set                            0x08009013   Thumb Code   266  sys.o(.text)
    Stm32_Clock_Init                         0x0800911d   Thumb Code   134  sys.o(.text)
    Adc_Init                                 0x080091ad   Thumb Code   124  adc.o(.text)
    Get_Adc                                  0x08009229   Thumb Code    44  adc.o(.text)
    Get_Adc_Average                          0x08009255   Thumb Code    46  adc.o(.text)
    DTH11_OUT                                0x0800928d   Thumb Code    48  dth11.o(.text)
    DTH11_IN                                 0x080092bd   Thumb Code    44  dth11.o(.text)
    DTH11_Delay                              0x080092e9   Thumb Code    22  dth11.o(.text)
    Delay_10us                               0x080092ff   Thumb Code    26  dth11.o(.text)
    DTH11_ReadByte                           0x08009319   Thumb Code    82  dth11.o(.text)
    DTH11_ReadData                           0x0800936b   Thumb Code   182  dth11.o(.text)
    DCMotorGpio_Init                         0x08009425   Thumb Code    78  dcmotor.o(.text)
    DCMotorTest                              0x08009473   Thumb Code    72  dcmotor.o(.text)
    __aeabi_memcpy                           0x080094c5   Thumb Code    36  memcpya.o(.text)
    __aeabi_memcpy4                          0x080094c5   Thumb Code     0  memcpya.o(.text)
    __aeabi_memcpy8                          0x080094c5   Thumb Code     0  memcpya.o(.text)
    __aeabi_memset                           0x080094e9   Thumb Code    14  memseta.o(.text)
    __aeabi_memset4                          0x080094e9   Thumb Code     0  memseta.o(.text)
    __aeabi_memset8                          0x080094e9   Thumb Code     0  memseta.o(.text)
    __aeabi_memclr                           0x080094f7   Thumb Code     4  memseta.o(.text)
    __aeabi_memclr4                          0x080094f7   Thumb Code     0  memseta.o(.text)
    __aeabi_memclr8                          0x080094f7   Thumb Code     0  memseta.o(.text)
    _memset$wrapper                          0x080094fb   Thumb Code    18  memseta.o(.text)
    strcmp                                   0x0800950d   Thumb Code    28  strcmp.o(.text)
    memcmp                                   0x08009529   Thumb Code    26  memcmp.o(.text)
    __aeabi_dadd                             0x08009543   Thumb Code   322  dadd.o(.text)
    __aeabi_dsub                             0x08009685   Thumb Code     6  dadd.o(.text)
    __aeabi_drsub                            0x0800968b   Thumb Code     6  dadd.o(.text)
    __aeabi_dmul                             0x08009691   Thumb Code   228  dmul.o(.text)
    __aeabi_ddiv                             0x08009775   Thumb Code   222  ddiv.o(.text)
    __aeabi_i2d                              0x08009853   Thumb Code    34  dflti.o(.text)
    __aeabi_ui2d                             0x08009875   Thumb Code    26  dfltui.o(.text)
    __aeabi_d2uiz                            0x0800988f   Thumb Code    50  dfixui.o(.text)
    __aeabi_f2d                              0x080098c1   Thumb Code    38  f2d.o(.text)
    __aeabi_d2f                              0x080098e7   Thumb Code    56  d2f.o(.text)
    __aeabi_uidiv                            0x0800991f   Thumb Code     0  uidiv.o(.text)
    __aeabi_uidivmod                         0x0800991f   Thumb Code    44  uidiv.o(.text)
    __aeabi_uldivmod                         0x0800994b   Thumb Code    98  uldiv.o(.text)
    __aeabi_llsl                             0x080099ad   Thumb Code    30  llshl.o(.text)
    _ll_shift_l                              0x080099ad   Thumb Code     0  llshl.o(.text)
    __aeabi_llsr                             0x080099cb   Thumb Code    32  llushr.o(.text)
    _ll_ushift_r                             0x080099cb   Thumb Code     0  llushr.o(.text)
    __aeabi_lasr                             0x080099eb   Thumb Code    36  llsshr.o(.text)
    _ll_sshift_r                             0x080099eb   Thumb Code     0  llsshr.o(.text)
    __I$use$fp                               0x08009a0f   Thumb Code     0  iusefp.o(.text)
    _float_round                             0x08009a0f   Thumb Code    18  fepilogue.o(.text)
    _float_epilogue                          0x08009a21   Thumb Code    92  fepilogue.o(.text)
    _double_round                            0x08009a7d   Thumb Code    30  depilogue.o(.text)
    _double_epilogue                         0x08009a9b   Thumb Code   156  depilogue.o(.text)
    __aeabi_d2ulz                            0x08009b37   Thumb Code    48  dfixul.o(.text)
    __aeabi_cdrcmple                         0x08009b69   Thumb Code    48  cdrcmple.o(.text)
    __scatterload                            0x08009b99   Thumb Code    28  init.o(.text)
    __scatterload_rt2                        0x08009b99   Thumb Code     0  init.o(.text)
    __aeabi_d2iz                             0x08009bbd   Thumb Code    62  dfixi.o(.text)
    __0printf                                0x08009bfd   Thumb Code    22  printfa.o(i.__0printf)
    __1printf                                0x08009bfd   Thumb Code     0  printfa.o(i.__0printf)
    __2printf                                0x08009bfd   Thumb Code     0  printfa.o(i.__0printf)
    __c89printf                              0x08009bfd   Thumb Code     0  printfa.o(i.__0printf)
    printf                                   0x08009bfd   Thumb Code     0  printfa.o(i.__0printf)
    __0sprintf                               0x08009c1d   Thumb Code    34  printfa.o(i.__0sprintf)
    __1sprintf                               0x08009c1d   Thumb Code     0  printfa.o(i.__0sprintf)
    __2sprintf                               0x08009c1d   Thumb Code     0  printfa.o(i.__0sprintf)
    __c89sprintf                             0x08009c1d   Thumb Code     0  printfa.o(i.__0sprintf)
    sprintf                                  0x08009c1d   Thumb Code     0  printfa.o(i.__0sprintf)
    __ARM_fpclassify                         0x08009c45   Thumb Code    48  fpclassify.o(i.__ARM_fpclassify)
    __hardfp_cos                             0x08009c79   Thumb Code   180  cos.o(i.__hardfp_cos)
    __hardfp_sin                             0x08009d41   Thumb Code   180  sin.o(i.__hardfp_sin)
    __ieee754_rem_pio2                       0x08009e09   Thumb Code   938  rred.o(i.__ieee754_rem_pio2)
    __kernel_cos                             0x0800a241   Thumb Code   322  cos_i.o(i.__kernel_cos)
    __kernel_poly                            0x0800a3b1   Thumb Code   248  poly.o(i.__kernel_poly)
    __kernel_sin                             0x0800a4a9   Thumb Code   280  sin_i.o(i.__kernel_sin)
    __mathlib_dbl_infnan                     0x0800a5d9   Thumb Code    20  dunder.o(i.__mathlib_dbl_infnan)
    __mathlib_dbl_invalid                    0x0800a5f1   Thumb Code    24  dunder.o(i.__mathlib_dbl_invalid)
    __mathlib_dbl_underflow                  0x0800a611   Thumb Code    24  dunder.o(i.__mathlib_dbl_underflow)
    __scatterload_copy                       0x0800a631   Thumb Code    14  handlers.o(i.__scatterload_copy)
    __scatterload_null                       0x0800a63f   Thumb Code     2  handlers.o(i.__scatterload_null)
    __scatterload_zeroinit                   0x0800a641   Thumb Code    14  handlers.o(i.__scatterload_zeroinit)
    __set_errno                              0x0800a651   Thumb Code     6  errno.o(i.__set_errno)
    fabs                                     0x0800aef9   Thumb Code    24  fabs.o(i.fabs)
    gImage_a                                 0x0800af1e   Data       45008  a.o(.constdata)
    gImage_back                              0x08015eee   Data       20008  back.o(.constdata)
    gImage_gps1                              0x0801ad16   Data       45008  gps1.o(.constdata)
    gImage_laba                              0x08025ce6   Data       45008  laba.o(.constdata)
    gImage_light                             0x08030cb6   Data       45008  light.o(.constdata)
    gImage_phone                             0x0803bc86   Data       45008  phone.o(.constdata)
    gImage_photo                             0x08046c56   Data       45008  photo.o(.constdata)
    gImage_shang                             0x08051c26   Data       20008  shang.o(.constdata)
    gImage_timer                             0x08056a4e   Data       45008  timer.o(.constdata)
    gImage_xia                               0x08061a1e   Data       20008  xia.o(.constdata)
    gImage_motor                             0x08066846   Data       45008  motor.o(.constdata)
    GT9147_CFG_TBL                           0x08071816   Data         184  gt9147.o(.constdata)
    GT9147_TPX_TBL                           0x080718ce   Data          10  gt9147.o(.constdata)
    asc2_1206                                0x080718d8   Data        1140  lcd.o(.constdata)
    asc2_1608                                0x08071d4c   Data        1520  lcd.o(.constdata)
    asc2_2412                                0x0807233c   Data        3420  lcd.o(.constdata)
    Hzk16                                    0x08073098   Data       267616  lcd.o(.constdata)
    BCD_decode_tab                           0x080b45f8   Data          16  lcd.o(.constdata)
    gImage_girl2                             0x080b4608   Data       153600  girl2.o(.constdata)
    gImage_girl1                             0x080d9e08   Data       153600  girl1.o(.constdata)
    Region$$Table$$Base                      0x080ff728   Number         0  anon$$obj.o(Region$$Table)
    Region$$Table$$Limit                     0x080ff748   Number         0  anon$$obj.o(Region$$Table)
    SystemCoreClock                          0x20000000   Data           4  system_stm32f4xx.o(.data)
    AHBPrescTable                            0x20000004   Data          16  system_stm32f4xx.o(.data)
    TimingDelay                              0x20000028   Data           4  delay.o(.data)
    display_flag                             0x2000002c   Data           1  mpu6050.o(.data)
    flag                                     0x2000002d   Data           1  mpu6050.o(.data)
    RxDataInPtr                              0x20000030   Data           4  gps.o(.data)
    RxDataOutPtr                             0x20000034   Data           4  gps.o(.data)
    RxDataEndPtr                             0x20000038   Data           4  gps.o(.data)
    latitude                                 0x2000003c   Data           4  gps.o(.data)
    longitude                                0x20000040   Data           4  gps.o(.data)
    latitude_dir                             0x20000044   Data           1  gps.o(.data)
    longitude_dir                            0x20000045   Data           1  gps.o(.data)
    numMsg                                   0x20000046   Data           1  gps.o(.data)
    msgNo                                    0x20000047   Data           1  gps.o(.data)
    numSv                                    0x20000048   Data           1  gps.o(.data)
    SVID                                     0x2000004c   Data           4  gps.o(.data)
    ele                                      0x20000050   Data           1  gps.o(.data)
    az                                       0x20000054   Data           4  gps.o(.data)
    cn0                                      0x20000058   Data           1  gps.o(.data)
    tp_dev                                   0x2000005c   Data          52  touch.o(.data)
    POINT_COLOR                              0x20000094   Data           2  lcd.o(.data)
    BACK_COLOR                               0x20000096   Data           2  lcd.o(.data)
    Password                                 0x20000098   Data          16  lcd.o(.data)
    voice                                    0x200000a8   Data           4  lcd.o(.data)
    photo_flag                               0x200000ac   Data           1  lcd.o(.data)
    exit_flag                                0x200000ad   Data           1  lcd.o(.data)
    light_flag                               0x200000ae   Data           1  lcd.o(.data)
    gps_flag                                 0x200000af   Data           1  lcd.o(.data)
    mp3_flag                                 0x200000b0   Data           1  lcd.o(.data)
    temwet_flag                              0x200000b1   Data           1  lcd.o(.data)
    motor_flag                               0x200000b2   Data           1  lcd.o(.data)
    phone_flag                               0x200000b3   Data           1  lcd.o(.data)
    time_flag                                0x200000b4   Data           1  lcd.o(.data)
    ch455_key                                0x200000b5   Data           1  lcd.o(.data)
    __stdout                                 0x200000bc   Data           4  stdout.o(.data)
    Uart6ReceiveBuf                          0x200000c4   Data         300  usart3.o(.bss)
    Uart5ReceiveBuf                          0x200001f0   Data         300  usart3.o(.bss)
    Uart3                                    0x2000031c   Data          12  usart3.o(.bss)
    Uart6                                    0x20000328   Data          12  usart3.o(.bss)
    Uart5                                    0x20000334   Data          12  usart3.o(.bss)
    databuf                                  0x20000340   Data          20  mpu6050.o(.bss)
    gpgsv                                    0x20000354   Data          20  gps.o(.bss)
    RxDataBuf                                0x20000368   Data        1000  gps.o(.bss)
    gps_time                                 0x20000750   Data          50  gps.o(.bss)
    password                                 0x20000784   Data          16  lcd.o(.bss)
    lcddev                                   0x20000794   Data          14  lcd.o(.bss)
    __initial_sp                             0x20000ba8   Data           0  startup_stm32f4xx.o(STACK)



==============================================================================

Memory Map of the image

  Image Entry point : 0x08000189

  Load Region LR_IROM1 (Base: 0x08000000, Size: 0x000ff80c, Max: 0x00100000, ABSOLUTE)

    Execution Region ER_IROM1 (Base: 0x08000000, Size: 0x000ff748, Max: 0x00100000, ABSOLUTE)

    Base Addr    Size         Type   Attr      Idx    E Section Name        Object

    0x08000000   0x00000188   Data   RO          139    RESET               startup_stm32f4xx.o
    0x08000188   0x00000000   Code   RO         1942  * .ARM.Collect$$$$00000000  mc_w.l(entry.o)
    0x08000188   0x00000004   Code   RO         2262    .ARM.Collect$$$$00000001  mc_w.l(entry2.o)
    0x0800018c   0x00000004   Code   RO         2265    .ARM.Collect$$$$00000004  mc_w.l(entry5.o)
    0x08000190   0x00000000   Code   RO         2267    .ARM.Collect$$$$00000008  mc_w.l(entry7b.o)
    0x08000190   0x00000000   Code   RO         2269    .ARM.Collect$$$$0000000A  mc_w.l(entry8b.o)
    0x08000190   0x00000008   Code   RO         2270    .ARM.Collect$$$$0000000B  mc_w.l(entry9a.o)
    0x08000198   0x00000000   Code   RO         2272    .ARM.Collect$$$$0000000D  mc_w.l(entry10a.o)
    0x08000198   0x00000000   Code   RO         2274    .ARM.Collect$$$$0000000F  mc_w.l(entry11a.o)
    0x08000198   0x00000004   Code   RO         2263    .ARM.Collect$$$$00002712  mc_w.l(entry2.o)
    0x0800019c   0x00000210   Code   RO            4    .text               system_stm32f4xx.o
    0x080003ac   0x00000024   Code   RO          140    .text               startup_stm32f4xx.o
    0x080003d0   0x0000006c   Code   RO          147    .text               main.o
    0x0800043c   0x0000022c   Code   RO          264    .text               stm32f4xx_it.o
    0x08000668   0x000000a0   Code   RO          399    .text               pwm.o
    0x08000708   0x000000bc   Code   RO          423    .text               ch455i2c.o
    0x080007c4   0x000001e4   Code   RO          453    .text               i2c.o
    0x080009a8   0x000000e0   Code   RO          484    .text               misc.o
    0x08000a88   0x00000464   Code   RO          508    .text               stm32f4xx_adc.o
    0x08000eec   0x0000011c   Code   RO          772    .text               stm32f4xx_exti.o
    0x08001008   0x0000025c   Code   RO          844    .text               stm32f4xx_gpio.o
    0x08001264   0x00000588   Code   RO         1012    .text               stm32f4xx_rcc.o
    0x080017ec   0x0000008c   Code   RO         1134    .text               stm32f4xx_syscfg.o
    0x08001878   0x00000ca2   Code   RO         1158    .text               stm32f4xx_tim.o
    0x0800251a   0x00000002   PAD
    0x0800251c   0x0000041a   Code   RO         1182    .text               stm32f4xx_usart.o
    0x08002936   0x00000002   PAD
    0x08002938   0x000002ec   Code   RO         1230    .text               usart3.o
    0x08002c24   0x000000a8   Code   RO         1260    .text               delay.o
    0x08002ccc   0x00000124   Code   RO         1326    .text               key.o
    0x08002df0   0x00000100   Code   RO         1348    .text               mp3.o
    0x08002ef0   0x00000120   Code   RO         1363    .text               led.o
    0x08003010   0x000006f4   Code   RO         1414    .text               gps.o
    0x08003704   0x000000fc   Code   RO         1436    .text               touch.o
    0x08003800   0x0000025c   Code   RO         1499    .text               ctiic.o
    0x08003a5c   0x000003fc   Code   RO         1526    .text               gt9147.o
    0x08003e58   0x00004ef0   Code   RO         1582    .text               lcd.o
    0x08008d48   0x00000464   Code   RO         1695    .text               sys.o
    0x080091ac   0x000000e0   Code   RO         1770    .text               adc.o
    0x0800928c   0x00000198   Code   RO         1797    .text               dth11.o
    0x08009424   0x000000a0   Code   RO         1848    .text               dcmotor.o
    0x080094c4   0x00000024   Code   RO         1945    .text               mc_w.l(memcpya.o)
    0x080094e8   0x00000024   Code   RO         1947    .text               mc_w.l(memseta.o)
    0x0800950c   0x0000001c   Code   RO         1951    .text               mc_w.l(strcmp.o)
    0x08009528   0x0000001a   Code   RO         1953    .text               mc_w.l(memcmp.o)
    0x08009542   0x0000014e   Code   RO         2218    .text               mf_w.l(dadd.o)
    0x08009690   0x000000e4   Code   RO         2220    .text               mf_w.l(dmul.o)
    0x08009774   0x000000de   Code   RO         2222    .text               mf_w.l(ddiv.o)
    0x08009852   0x00000022   Code   RO         2224    .text               mf_w.l(dflti.o)
    0x08009874   0x0000001a   Code   RO         2226    .text               mf_w.l(dfltui.o)
    0x0800988e   0x00000032   Code   RO         2228    .text               mf_w.l(dfixui.o)
    0x080098c0   0x00000026   Code   RO         2230    .text               mf_w.l(f2d.o)
    0x080098e6   0x00000038   Code   RO         2232    .text               mf_w.l(d2f.o)
    0x0800991e   0x0000002c   Code   RO         2277    .text               mc_w.l(uidiv.o)
    0x0800994a   0x00000062   Code   RO         2279    .text               mc_w.l(uldiv.o)
    0x080099ac   0x0000001e   Code   RO         2281    .text               mc_w.l(llshl.o)
    0x080099ca   0x00000020   Code   RO         2283    .text               mc_w.l(llushr.o)
    0x080099ea   0x00000024   Code   RO         2285    .text               mc_w.l(llsshr.o)
    0x08009a0e   0x00000000   Code   RO         2294    .text               mc_w.l(iusefp.o)
    0x08009a0e   0x0000006e   Code   RO         2295    .text               mf_w.l(fepilogue.o)
    0x08009a7c   0x000000ba   Code   RO         2297    .text               mf_w.l(depilogue.o)
    0x08009b36   0x00000030   Code   RO         2301    .text               mf_w.l(dfixul.o)
    0x08009b66   0x00000002   PAD
    0x08009b68   0x00000030   Code   RO         2303    .text               mf_w.l(cdrcmple.o)
    0x08009b98   0x00000024   Code   RO         2315    .text               mc_w.l(init.o)
    0x08009bbc   0x0000003e   Code   RO         2317    .text               mf_w.l(dfixi.o)
    0x08009bfa   0x00000002   PAD
    0x08009bfc   0x00000020   Code   RO         2190    i.__0printf         mc_w.l(printfa.o)
    0x08009c1c   0x00000028   Code   RO         2192    i.__0sprintf        mc_w.l(printfa.o)
    0x08009c44   0x00000030   Code   RO         2311    i.__ARM_fpclassify  m_wm.l(fpclassify.o)
    0x08009c74   0x00000004   PAD
    0x08009c78   0x000000c8   Code   RO         1918    i.__hardfp_cos      m_wm.l(cos.o)
    0x08009d40   0x000000c8   Code   RO         1930    i.__hardfp_sin      m_wm.l(sin.o)
    0x08009e08   0x00000438   Code   RO         2251    i.__ieee754_rem_pio2  m_wm.l(rred.o)
    0x0800a240   0x00000170   Code   RO         2234    i.__kernel_cos      m_wm.l(cos_i.o)
    0x0800a3b0   0x000000f8   Code   RO         2313    i.__kernel_poly     m_wm.l(poly.o)
    0x0800a4a8   0x00000130   Code   RO         2256    i.__kernel_sin      m_wm.l(sin_i.o)
    0x0800a5d8   0x00000014   Code   RO         2238    i.__mathlib_dbl_infnan  m_wm.l(dunder.o)
    0x0800a5ec   0x00000004   PAD
    0x0800a5f0   0x00000020   Code   RO         2240    i.__mathlib_dbl_invalid  m_wm.l(dunder.o)
    0x0800a610   0x00000020   Code   RO         2243    i.__mathlib_dbl_underflow  m_wm.l(dunder.o)
    0x0800a630   0x0000000e   Code   RO         2321    i.__scatterload_copy  mc_w.l(handlers.o)
    0x0800a63e   0x00000002   Code   RO         2322    i.__scatterload_null  mc_w.l(handlers.o)
    0x0800a640   0x0000000e   Code   RO         2323    i.__scatterload_zeroinit  mc_w.l(handlers.o)
    0x0800a64e   0x00000002   PAD
    0x0800a650   0x0000000c   Code   RO         2289    i.__set_errno       mc_w.l(errno.o)
    0x0800a65c   0x00000164   Code   RO         2197    i._fp_digits        mc_w.l(printfa.o)
    0x0800a7c0   0x000006dc   Code   RO         2198    i._printf_core      mc_w.l(printfa.o)
    0x0800ae9c   0x00000024   Code   RO         2199    i._printf_post_padding  mc_w.l(printfa.o)
    0x0800aec0   0x0000002e   Code   RO         2200    i._printf_pre_padding  mc_w.l(printfa.o)
    0x0800aeee   0x0000000a   Code   RO         2202    i._sputc            mc_w.l(printfa.o)
    0x0800aef8   0x00000018   Code   RO         2307    i.fabs              m_wm.l(fabs.o)
    0x0800af10   0x0000000e   Data   RO          265    .constdata          stm32f4xx_it.o
    0x0800af1e   0x0000afd0   Data   RO          305    .constdata          a.o
    0x08015eee   0x00004e28   Data   RO          312    .constdata          back.o
    0x0801ad16   0x0000afd0   Data   RO          319    .constdata          gps1.o
    0x08025ce6   0x0000afd0   Data   RO          326    .constdata          laba.o
    0x08030cb6   0x0000afd0   Data   RO          333    .constdata          light.o
    0x0803bc86   0x0000afd0   Data   RO          340    .constdata          phone.o
    0x08046c56   0x0000afd0   Data   RO          347    .constdata          photo.o
    0x08051c26   0x00004e28   Data   RO          354    .constdata          shang.o
    0x08056a4e   0x0000afd0   Data   RO          361    .constdata          timer.o
    0x08061a1e   0x00004e28   Data   RO          368    .constdata          xia.o
    0x08066846   0x0000afd0   Data   RO          375    .constdata          motor.o
    0x08071816   0x000000c2   Data   RO         1527    .constdata          gt9147.o
    0x080718d8   0x00042d30   Data   RO         1584    .constdata          lcd.o
    0x080b4608   0x00025800   Data   RO         1904    .constdata          girl2.o
    0x080d9e08   0x00025800   Data   RO         1911    .constdata          girl1.o
    0x080ff608   0x00000030   Data   RO         2235    .constdata          m_wm.l(cos_i.o)
    0x080ff638   0x000000c8   Data   RO         2253    .constdata          m_wm.l(rred.o)
    0x080ff700   0x00000028   Data   RO         2257    .constdata          m_wm.l(sin_i.o)
    0x080ff728   0x00000020   Data   RO         2319    Region$$Table       anon$$obj.o


    Execution Region RW_IRAM1 (Base: 0x20000000, Size: 0x00000ba8, Max: 0x00020000, ABSOLUTE)

    Base Addr    Size         Type   Attr      Idx    E Section Name        Object

    0x20000000   0x00000014   Data   RW            5    .data               system_stm32f4xx.o
    0x20000014   0x00000004   Data   RW          266    .data               stm32f4xx_it.o
    0x20000018   0x00000010   Data   RW         1013    .data               stm32f4xx_rcc.o
    0x20000028   0x00000004   Data   RW         1261    .data               delay.o
    0x2000002c   0x00000002   Data   RW         1293    .data               mpu6050.o
    0x2000002e   0x00000001   Data   RW         1327    .data               key.o
    0x2000002f   0x00000001   PAD
    0x20000030   0x00000029   Data   RW         1416    .data               gps.o
    0x20000059   0x00000003   PAD
    0x2000005c   0x00000034   Data   RW         1437    .data               touch.o
    0x20000090   0x00000001   Data   RW         1528    .data               gt9147.o
    0x20000091   0x00000003   PAD
    0x20000094   0x00000026   Data   RW         1585    .data               lcd.o
    0x200000ba   0x00000002   PAD
    0x200000bc   0x00000004   Data   RW         2276    .data               mc_w.l(stdout.o)
    0x200000c0   0x00000004   Data   RW         2290    .data               mc_w.l(errno.o)
    0x200000c4   0x0000027c   Zero   RW         1231    .bss                usart3.o
    0x20000340   0x00000014   Zero   RW         1292    .bss                mpu6050.o
    0x20000354   0x0000042e   Zero   RW         1415    .bss                gps.o
    0x20000782   0x00000002   PAD
    0x20000784   0x0000001e   Zero   RW         1583    .bss                lcd.o
    0x200007a2   0x00000006   PAD
    0x200007a8   0x00000400   Zero   RW          137    STACK               startup_stm32f4xx.o


==============================================================================

Image component sizes


      Code (inc. data)   RO Data    RW Data    ZI Data      Debug   Object Name

         0          0      45008          0          0        499   a.o
       224         10          0          0          0       1211   adc.o
         0          0      20008          0          0        510   back.o
       188          4          0          0          0       1197   ch455i2c.o
       604         18          0          0          0       2061   ctiic.o
       160         10          0          0          0        823   dcmotor.o
       168         16          0          4          0      28236   delay.o
       408          4          0          0          0       1950   dth11.o
         0          0     153600          0          0        515   girl1.o
         0          0     153600          0          0        515   girl2.o
      1780        292          0         41       1070       3994   gps.o
         0          0      45008          0          0        510   gps1.o
      1020         46        194          1          0       3070   gt9147.o
       484          6          0          0          0       2179   i2c.o
       292          8          0          1          0        943   key.o
         0          0      45008          0          0        510   laba.o
     20208       1438     273712         38         30      30746   lcd.o
       288          8          0          0          0       1159   led.o
         0          0      45008          0          0        515   light.o
       108          8          0          0          0       1867   main.o
       224         20          0          0          0       2093   misc.o
         0          0      45008          0          0        515   motor.o
       256         56          0          0          0       1902   mp3.o
         0          0          0          2         20        868   mpu6050.o
         0          0      45008          0          0        515   phone.o
         0          0      45008          0          0        515   photo.o
       160          8          0          0          0        833   pwm.o
         0          0      20008          0          0        515   shang.o
        36          8        392          0       1024        956   startup_stm32f4xx.o
      1124         24          0          0          0      10962   stm32f4xx_adc.o
       284         10          0          0          0       2595   stm32f4xx_exti.o
       604         36          0          0          0       4397   stm32f4xx_gpio.o
       556         52         14          4          0       2268   stm32f4xx_it.o
      1416         48          0         16          0      11407   stm32f4xx_rcc.o
       140         12          0          0          0       1803   stm32f4xx_syscfg.o
      3234         60          0          0          0      23288   stm32f4xx_tim.o
      1050         26          0          0          0       8136   stm32f4xx_usart.o
      1124         46          0          0          0       4077   sys.o
       528         46          0         20          0     277959   system_stm32f4xx.o
         0          0      45008          0          0        515   timer.o
       252         18          0         52          0       2101   touch.o
       748         38          0          0        636       3907   usart3.o
         0          0      20008          0          0        505   xia.o

    ----------------------------------------------------------------------
     37672       2376    1001632        188       2788     445642   Object Totals
         0          0         32          0          0          0   (incl. Generated)
         4          0          0          9          8          0   (incl. Padding)

    ----------------------------------------------------------------------

      Code (inc. data)   RO Data    RW Data    ZI Data      Debug   Library Member Name

       200         20          0          0          0        164   cos.o
       368         46         48          0          0        200   cos_i.o
        84         16          0          0          0        372   dunder.o
        24          0          0          0          0        124   fabs.o
        48          0          0          0          0        124   fpclassify.o
       248          0          0          0          0        152   poly.o
      1080        142        200          0          0        188   rred.o
       200         20          0          0          0        164   sin.o
       304         24         40          0          0        208   sin_i.o
         0          0          0          0          0          0   entry.o
         0          0          0          0          0          0   entry10a.o
         0          0          0          0          0          0   entry11a.o
         8          4          0          0          0          0   entry2.o
         4          0          0          0          0          0   entry5.o
         0          0          0          0          0          0   entry7b.o
         0          0          0          0          0          0   entry8b.o
         8          4          0          0          0          0   entry9a.o
        12          6          0          4          0         68   errno.o
        30          0          0          0          0          0   handlers.o
        36          8          0          0          0         68   init.o
         0          0          0          0          0          0   iusefp.o
        30          0          0          0          0         68   llshl.o
        36          0          0          0          0         68   llsshr.o
        32          0          0          0          0         68   llushr.o
        26          0          0          0          0         80   memcmp.o
        36          0          0          0          0         68   memcpya.o
        36          0          0          0          0        108   memseta.o
      2276         96          0          0          0        596   printfa.o
         0          0          0          4          0          0   stdout.o
        28          0          0          0          0         76   strcmp.o
        44          0          0          0          0         80   uidiv.o
        98          0          0          0          0         92   uldiv.o
        48          0          0          0          0         68   cdrcmple.o
        56          0          0          0          0         88   d2f.o
       334          0          0          0          0        148   dadd.o
       222          0          0          0          0        100   ddiv.o
       186          0          0          0          0        176   depilogue.o
        62          0          0          0          0         80   dfixi.o
        50          0          0          0          0         76   dfixui.o
        48          0          0          0          0         68   dfixul.o
        34          0          0          0          0         76   dflti.o
        26          0          0          0          0         76   dfltui.o
       228          0          0          0          0         96   dmul.o
        38          0          0          0          0         68   f2d.o
       110          0          0          0          0        168   fepilogue.o

    ----------------------------------------------------------------------
      6752        386        288          8          0       4424   Library Totals
        14          0          0          0          0          0   (incl. Padding)

    ----------------------------------------------------------------------

      Code (inc. data)   RO Data    RW Data    ZI Data      Debug   Library Name

      2556        268        288          0          0       1696   m_wm.l
      2740        118          0          8          0       1440   mc_w.l
      1442          0          0          0          0       1288   mf_w.l

    ----------------------------------------------------------------------
      6752        386        288          8          0       4424   Library Totals

    ----------------------------------------------------------------------

==============================================================================


      Code (inc. data)   RO Data    RW Data    ZI Data      Debug   

     44424       2762    1001920        196       2788     442314   Grand Totals
     44424       2762    1001920        196       2788     442314   ELF Image Totals
     44424       2762    1001920        196          0          0   ROM Totals

==============================================================================

    Total RO  Size (Code + RO Data)              1046344 (1021.82kB)
    Total RW  Size (RW Data + ZI Data)              2984 (   2.91kB)
    Total ROM Size (Code + RO Data + RW Data)    1046540 (1022.01kB)

==============================================================================

