<html>
<body>
<pre>
<h1>礦ision Build Log</h1>
<h2>Tool Versions:</h2>
IDE-Version: μVision V5.17.0.0
Copyright (C) 2015 ARM Ltd and ARM Germany GmbH. All rights reserved.
License Information: Shiina Chizuru, 1, LIC=NQQMA-1T7E9-WFWI7-EE0ZT-HPE1W-MWZ26
 
Tool Versions:
Toolchain:       MDK-ARM Standard  Version: 5.17
Toolchain Path:  D:\Keil_v5\ARM\ARMCC\Bin
C Compiler:      Armcc.exe V5.06 update 1 (build 61)
Assembler:       Armasm.exe V5.06 update 1 (build 61)
Linker/Locator:  ArmLink.exe V5.06 update 1 (build 61)
Library Manager: ArmAr.exe V5.06 update 1 (build 61)
Hex Converter:   FromElf.exe V5.06 update 1 (build 61)
CPU DLL:         SARMCM3.DLL V5.17
Dialog DLL:      DCM.DLL V1.13.4.0
Target DLL:      Segger\JL2CM3.dll V2.99.16.0
Dialog DLL:      TCM.DLL V1.14.6.0
 
<h2>Project:</h2>
E:\ZJUT\科目学习资料\单片机课设\指纹门禁系统验收版\lcd显示屏触摸屏成功--指纹门禁实验(4)\指纹模块实验\Project\test.uvprojx
Project File Date:  12/05/2024

<h2>Output:</h2>
*** Using Compiler 'V5.06 update 1 (build 61)', folder: 'D:\Keil_v5\ARM\ARMCC\Bin'
Rebuild target 'PROJECT'
assembling startup_stm32f4xx.s...
compiling stm32f4xx_cryp_tdes.c...
compiling stm32f4xx_crc.c...
compiling stm32f4xx_it.c...
..\BaseDrive\mp3.h(10): warning:  #1295-D: Deprecated declaration setMp3Dev - give arg types
  void setMp3Dev();
..\User\stm32f4xx_it.c: 1 warning, 0 errors
compiling stm32f4xx_cryp_des.c...
compiling stm32f4xx_adc.c...
compiling stm32f4xx_dbgmcu.c...
compiling stm32f4xx_cryp.c...
compiling stm32f4xx_dac.c...
compiling system_stm32f4xx.c...
compiling misc.c...
compiling stm32f4xx_dcmi.c...
compiling stm32f4xx_cryp_aes.c...
compiling main.c...
..\BaseDrive\mp3.h(10): warning:  #1295-D: Deprecated declaration setMp3Dev - give arg types
  void setMp3Dev();
..\User\main.c(41): warning:  #223-D: function "UART6_Configuration" declared implicitly
  	UART6_Configuration(9600);
..\User\main.c(66): warning:  #177-D: variable "vol" was declared but never referenced
    unsigned char vol = 0;
..\User\main.c: 3 warnings, 0 errors
compiling stm32f4xx_dma.c...
compiling stm32f4xx_can.c...
compiling stm32f4xx_exti.c...
compiling stm32f4xx_fsmc.c...
compiling stm32f4xx_flash.c...
compiling stm32f4xx_gpio.c...
compiling stm32f4xx_hash_md5.c...
compiling stm32f4xx_hash.c...
compiling stm32f4xx_pwr.c...
compiling stm32f4xx_iwdg.c...
compiling stm32f4xx_i2c.c...
compiling stm32f4xx_hash_sha1.c...
compiling stm32f4xx_rng.c...
compiling stm32f4xx_syscfg.c...
compiling stm32f4xx_sdio.c...
compiling stm32f4xx_rcc.c...
compiling stm32f4xx_spi.c...
compiling stm32f4xx_usart.c...
compiling stm32f4xx_rtc.c...
compiling stm32f4xx_tim.c...
compiling stm32f4xx_wwdg.c...
compiling delay.c...
compiling ADC.c...
compiling DAC.c...
compiling LED.c...
compiling USART.c...
compiling CH455I2C.C...
compiling KEY.c...
..\BaseDrive\KEY.c(118): warning:  #1-D: last line of file ends without a newline
  }
..\BaseDrive\KEY.c(101): warning:  #177-D: variable "keys" was declared but never referenced
      char keys[5];
..\BaseDrive\KEY.c: 2 warnings, 0 errors
compiling I2C.c...
compiling rx_data_queue.c...
compiling bsp_as608.c...
..\BaseDrive\bsp_as608.c(434): warning:  #223-D: function "my_key" declared implicitly
      num=my_key();
..\BaseDrive\bsp_as608.c: 1 warning, 0 errors
compiling bsp_debug_usart.c...
compiling as608_test.c...
..\BaseDrive\as608_test.c(154): warning:  #223-D: function "read_password" declared implicitly
                  read_password();
..\BaseDrive\as608_test.c(183): warning:  #223-D: function "OpenDoor" declared implicitly
                      OpenDoor(30);
..\BaseDrive\as608_test.c(195): warning:  #223-D: function "OpenDoor" declared implicitly
                  OpenDoor(30);
..\BaseDrive\as608_test.c(239): warning:  #223-D: function "save_password" declared implicitly
                          save_password();
..\BaseDrive\as608_test.c(118): warning:  #177-D: variable "ch" was declared but never referenced
      uint32_t   ch;
..\BaseDrive\as608_test.c(981): warning:  #177-D: variable "i" was declared but never referenced
  	unsigned int i=0;
..\BaseDrive\as608_test.c: 6 warnings, 0 errors
compiling spi.c...
compiling mp3.c...
..\BaseDrive\mp3.h(10): warning:  #1295-D: Deprecated declaration setMp3Dev - give arg types
  void setMp3Dev();
..\BaseDrive\mp3.c(15): warning:  #223-D: function "USART6_Senddata" declared implicitly
      USART6_Senddata(device, 6);
..\BaseDrive\mp3.c(22): warning:  #223-D: function "USART6_Senddata" declared implicitly
      USART6_Senddata(volume, 6);
..\BaseDrive\mp3.c(29): warning:  #223-D: function "USART6_Senddata" declared implicitly
  	  USART6_Senddata(gequ, 6); 
..\BaseDrive\mp3.c(38): warning:  #223-D: function "USART6_Senddata" declared implicitly
      USART6_Senddata(Play, 4); 
..\BaseDrive\mp3.c(115): warning:  #1-D: last line of file ends without a newline
  	
..\BaseDrive\mp3.c: 7 warnings, 0 errors
compiling w25qxx.c...
..\BaseDrive\w25qxx.c(407): warning:  #177-D: variable "nums" was declared but never referenced
  	char nums[4];
..\BaseDrive\w25qxx.c(429): warning:  #177-D: variable "nums" was declared but never referenced
  	char nums[4];
..\BaseDrive\w25qxx.c: 2 warnings, 0 errors
compiling touch.c...
compiling gt9147.c...
compiling ctiic.c...
..\Touch\ctiic.c(23): warning:  #61-D: integer operation result is out of range
      
T_SDA_OUT();     //sda???涑?
..\Touch\ctiic.c(34): warning:  #61-D: integer operation result is out of range
      
T_SDA_OUT();//sda???涑?
..\Touch\ctiic.c(47): warning:  #61-D: integer operation result is out of range
      
T_SDA_IN();      //SDA????为????
..\Touch\ctiic.c(68): warning:  #61-D: integer operation result is out of range
      
T_SDA_OUT();
..\Touch\ctiic.c(80): warning:  #61-D: integer operation result is out of range
      
T_SDA_OUT();
..\Touch\ctiic.c(95): warning:  #61-D: integer operation result is out of range
      
T_SDA_OUT();
..\Touch\ctiic.c(112): warning:  #61-D: integer operation result is out of range
      
T_SDA_IN();//SDA????为????
..\Touch\ctiic.c: 7 warnings, 0 errors
compiling sys.c...
compiling lcd.c...
linking...
Program Size: Code=35360 RO-data=274388 RW-data=188 ZI-data=5892  
FromELF: creating hex file...
".\Obj\test.axf" - 0 Error(s), 28 Warning(s).

<h2>Software Packages used:</h2>

Package Vendor: ARM
                http://www.keil.com/pack/ARM.CMSIS.4.5.0.pack
                ARM::CMSIS:CORE:4.3.0
                CMSIS (Cortex Microcontroller Software Interface Standard)
   * Component: CORE Version: 4.3.0

<h2>Collection of Component include folders:</h2>
  E:\ZJUT\科目学习资料\单片机课设\指纹门禁系统验收版\lcd显示屏触摸屏成功--指纹门禁实验(4)\指纹模块实验\Project\RTE
  D:\Keil_v5\ARM\PACK\ARM\CMSIS\4.5.0\CMSIS\Include
  D:\Keil_v5\ARM\PACK\Keil\STM32F4xx_DFP\2.7.0\Drivers\CMSIS\Device\ST\STM32F4xx\Include

<h2>Collection of Component Files used:</h2>

   * Component: ARM::CMSIS:CORE:4.3.0
Build Time Elapsed:  00:00:02
</pre>
</body>
</html>
