<html>
<body>
<pre>
<h1>礦ision Build Log</h1>
<h2>Tool Versions:</h2>
IDE-Version: μVision V5.17.0.0
Copyright (C) 2015 ARM Ltd and ARM Germany GmbH. All rights reserved.
License Information: Shiina Chizuru, 1, LIC=NQQMA-1T7E9-WFWI7-EE0ZT-HPE1W-MWZ26
 
Tool Versions:
Toolchain:       MDK-ARM Standard  Version: 5.17
Toolchain Path:  D:\Keil_v5\ARM\ARMCC\Bin
C Compiler:      Armcc.exe V5.06 update 1 (build 61)
Assembler:       Armasm.exe V5.06 update 1 (build 61)
Linker/Locator:  ArmLink.exe V5.06 update 1 (build 61)
Library Manager: ArmAr.exe V5.06 update 1 (build 61)
Hex Converter:   FromElf.exe V5.06 update 1 (build 61)
CPU DLL:         SARMCM3.DLL V5.17
Dialog DLL:      DCM.DLL V1.13.4.0
Target DLL:      Segger\JL2CM3.dll V2.99.16.0
Dialog DLL:      TCM.DLL V1.14.6.0
 
<h2>Project:</h2>
E:\ZJUT\科目学习资料\单片机课设\智能手机\指纹门禁系统验收版\lcd显示屏触摸屏成功--指纹门禁实验(4)\指纹模块实验\Project\test.uvprojx
Project File Date:  12/21/2024

<h2>Output:</h2>
*** Using Compiler 'V5.06 update 1 (build 61)', folder: 'D:\Keil_v5\ARM\ARMCC\Bin'
Build target 'PROJECT'
compiling as608_test.c...
..\BaseDrive\as608_test.c(478): warning:  #223-D: function "read_password" declared implicitly
                  read_password();
..\BaseDrive\as608_test.c(507): warning:  #223-D: function "OpenDoor" declared implicitly
                      OpenDoor(30);
..\BaseDrive\as608_test.c(522): warning:  #223-D: function "OpenDoor" declared implicitly
                      OpenDoor(30);
..\BaseDrive\as608_test.c(568): warning:  #223-D: function "save_password" declared implicitly
                          save_password();
..\BaseDrive\as608_test.c(442): warning:  #177-D: variable "ch" was declared but never referenced
      uint32_t   ch;
..\BaseDrive\as608_test.c: 5 warnings, 0 errors
linking...
Program Size: Code=262836 RO-data=329780 RW-data=912 ZI-data=103808  
FromELF: creating hex file...
".\Obj\test.axf" - 0 Error(s), 5 Warning(s).

<h2>Software Packages used:</h2>

Package Vendor: ARM
                http://www.keil.com/pack/ARM.CMSIS.4.5.0.pack
                ARM::CMSIS:CORE:4.3.0
                CMSIS (Cortex Microcontroller Software Interface Standard)
   * Component: CORE Version: 4.3.0

<h2>Collection of Component include folders:</h2>
  E:\ZJUT\科目学习资料\单片机课设\智能手机\指纹门禁系统验收版\lcd显示屏触摸屏成功--指纹门禁实验(4)\指纹模块实验\Project\RTE
  D:\Keil_v5\ARM\PACK\ARM\CMSIS\4.5.0\CMSIS\Include
  D:\Keil_v5\ARM\PACK\Keil\STM32F4xx_DFP\2.7.0\Drivers\CMSIS\Device\ST\STM32F4xx\Include

<h2>Collection of Component Files used:</h2>

   * Component: ARM::CMSIS:CORE:4.3.0
Build Time Elapsed:  00:00:02
</pre>
</body>
</html>
