Component: ARM Compiler 5.06 update 1 (build 61) Tool: armlink [4d35a8]

==============================================================================

Section Cross References

    system_stm32f4xx.o(.text) refers to system_stm32f4xx.o(.data) for SystemCoreClock
    startup_stm32f4xx.o(RESET) refers to startup_stm32f4xx.o(STACK) for __initial_sp
    startup_stm32f4xx.o(RESET) refers to startup_stm32f4xx.o(.text) for Reset_Handler
    startup_stm32f4xx.o(RESET) refers to stm32f4xx_it.o(.text) for NMI_Handler
    startup_stm32f4xx.o(.text) refers to system_stm32f4xx.o(.text) for SystemInit
    startup_stm32f4xx.o(.text) refers to entry.o(.ARM.Collect$$$$00000000) for __main
    main.o(.text) refers to delay.o(.text) for SysTick_Init
    main.o(.text) refers to led.o(.text) for LEDGpio_Init
    main.o(.text) refers to key.o(.text) for KEYGpio_Init
    main.o(.text) refers to w25qxx.o(.text) for W25QXX_Init
    main.o(.text) refers to usart.o(.text) for UART3_Configuration
    main.o(.text) refers to printf5.o(i.__0printf$5) for __2printf
    main.o(.text) refers to stm32f4xx_gpio.o(.text) for GPIO_ResetBits
    main.o(.text) refers to rx_data_queue.o(.text) for rx_queue_init
    main.o(.text) refers to bsp_as608.o(.text) for AS608_Config
    main.o(.text) refers to as608_test.o(.text) for Connect_Test
    main.o(.text) refers to lcd.o(.text) for LCD_Init
    main.o(.text) refers to lv_obj.o(.text) for lv_init
    main.o(.text) refers to lv_port_disp.o(.text) for lv_port_disp_init
    main.o(.text) refers to lv_port_indev.o(.text) for lv_port_indev_init
    main.o(.text) refers to touch.o(.data) for tp_dev
    stm32f4xx_it.o(.text) refers to lv_hal_tick.o(.text) for lv_tick_inc
    stm32f4xx_it.o(.text) refers to stm32f4xx_gpio.o(.text) for GPIO_ReadOutputDataBit
    stm32f4xx_it.o(.text) refers to delay.o(.text) for TimingDelay_Decrement
    stm32f4xx_it.o(.text) refers to lv_timer.o(.text) for lv_timer_handler
    stm32f4xx_it.o(.text) refers to stm32f4xx_usart.o(.text) for USART_GetITStatus
    stm32f4xx_it.o(.text) refers to printf5.o(i.__0printf$5) for __2printf
    stm32f4xx_it.o(.text) refers to memmovea.o(.text) for __aeabi_memcpy
    stm32f4xx_it.o(.text) refers to stm32f4xx_exti.o(.text) for EXTI_GetITStatus
    stm32f4xx_it.o(.text) refers to rx_data_queue.o(.text) for cbWrite
    stm32f4xx_it.o(.text) refers to stm32f4xx_it.o(.data) for cnt
    stm32f4xx_it.o(.text) refers to mp3.o(.data) for flag
    stm32f4xx_it.o(.text) refers to usart.o(.bss) for Uart3
    stm32f4xx_it.o(.text) refers to main.o(.data) for num_a
    stm32f4xx_it.o(.text) refers to mp3.o(.bss) for databuf
    stm32f4xx_it.o(.text) refers to rx_data_queue.o(.bss) for rx_queue
    stm32f4xx_adc.o(.text) refers to stm32f4xx_rcc.o(.text) for RCC_APB2PeriphResetCmd
    stm32f4xx_can.o(.text) refers to stm32f4xx_rcc.o(.text) for RCC_APB1PeriphResetCmd
    stm32f4xx_cryp.o(.text) refers to stm32f4xx_rcc.o(.text) for RCC_AHB2PeriphResetCmd
    stm32f4xx_cryp_aes.o(.text) refers to stm32f4xx_cryp.o(.text) for CRYP_KeyStructInit
    stm32f4xx_cryp_des.o(.text) refers to stm32f4xx_cryp.o(.text) for CRYP_KeyStructInit
    stm32f4xx_cryp_tdes.o(.text) refers to stm32f4xx_cryp.o(.text) for CRYP_KeyStructInit
    stm32f4xx_dac.o(.text) refers to stm32f4xx_rcc.o(.text) for RCC_APB1PeriphResetCmd
    stm32f4xx_gpio.o(.text) refers to stm32f4xx_rcc.o(.text) for RCC_AHB1PeriphResetCmd
    stm32f4xx_hash.o(.text) refers to stm32f4xx_rcc.o(.text) for RCC_AHB2PeriphResetCmd
    stm32f4xx_hash_md5.o(.text) refers to stm32f4xx_hash.o(.text) for HASH_DeInit
    stm32f4xx_hash_sha1.o(.text) refers to stm32f4xx_hash.o(.text) for HASH_DeInit
    stm32f4xx_i2c.o(.text) refers to stm32f4xx_rcc.o(.text) for RCC_APB1PeriphResetCmd
    stm32f4xx_pwr.o(.text) refers to stm32f4xx_rcc.o(.text) for RCC_APB1PeriphResetCmd
    stm32f4xx_rcc.o(.text) refers to stm32f4xx_rcc.o(.data) for APBAHBPrescTable
    stm32f4xx_rng.o(.text) refers to stm32f4xx_rcc.o(.text) for RCC_AHB2PeriphResetCmd
    stm32f4xx_sdio.o(.text) refers to stm32f4xx_rcc.o(.text) for RCC_APB2PeriphResetCmd
    stm32f4xx_spi.o(.text) refers to stm32f4xx_rcc.o(.text) for RCC_APB2PeriphResetCmd
    stm32f4xx_syscfg.o(.text) refers to stm32f4xx_rcc.o(.text) for RCC_APB2PeriphResetCmd
    stm32f4xx_tim.o(.text) refers to stm32f4xx_rcc.o(.text) for RCC_APB2PeriphResetCmd
    stm32f4xx_usart.o(.text) refers to stm32f4xx_rcc.o(.text) for RCC_APB2PeriphResetCmd
    stm32f4xx_wwdg.o(.text) refers to stm32f4xx_rcc.o(.text) for RCC_APB1PeriphResetCmd
    delay.o(.text) refers to system_stm32f4xx.o(.data) for SystemCoreClock
    delay.o(.text) refers to delay.o(.data) for TimingDelay
    adc.o(.text) refers to stm32f4xx_rcc.o(.text) for RCC_AHB1PeriphClockCmd
    adc.o(.text) refers to stm32f4xx_gpio.o(.text) for GPIO_Init
    adc.o(.text) refers to stm32f4xx_adc.o(.text) for ADC_CommonInit
[...]
    lv_draw_sw_layer_adjust                  0x0802fb9d   Thumb Code   100  lv_draw_sw_layer.o(.text)
    lv_draw_sw_layer_blend                   0x0802fc01   Thumb Code   142  lv_draw_sw_layer.o(.text)
    lv_draw_sw_layer_destroy                 0x0802fc8f   Thumb Code    14  lv_draw_sw_layer.o(.text)
    lv_draw_sw_letter                        0x0803004b   Thumb Code   378  lv_draw_sw_letter.o(.text)
    lv_draw_sw_line                          0x080309ab   Thumb Code   516  lv_draw_sw_line.o(.text)
    lv_draw_sw_polygon                       0x08030bbd   Thumb Code   910  lv_draw_sw_polygon.o(.text)
    draw_border_generic                      0x0803107d   Thumb Code  1422  lv_draw_sw_rect.o(.text)
    lv_draw_sw_rect                          0x08032f33   Thumb Code    60  lv_draw_sw_rect.o(.text)
    lv_draw_sw_bg                            0x08032f6f   Thumb Code    30  lv_draw_sw_rect.o(.text)
    lv_draw_sw_transform                     0x080335e1   Thumb Code   530  lv_draw_sw_transform.o(.text)
    lv_disp_get_scr_act                      0x080337f5   Thumb Code    26  lv_disp.o(.text)
    lv_disp_get_scr_prev                     0x0803380f   Thumb Code    26  lv_disp.o(.text)
    lv_scr_load_anim                         0x0803394f   Thumb Code   898  lv_disp.o(.text)
    lv_disp_load_scr                         0x08033cd1   Thumb Code    22  lv_disp.o(.text)
    lv_disp_get_layer_top                    0x08033ce7   Thumb Code    26  lv_disp.o(.text)
    lv_disp_get_layer_sys                    0x08033d01   Thumb Code    26  lv_disp.o(.text)
    lv_disp_set_theme                        0x08033d1b   Thumb Code    72  lv_disp.o(.text)
    lv_disp_get_theme                        0x08033d63   Thumb Code    16  lv_disp.o(.text)
    lv_disp_set_bg_color                     0x08033d73   Thumb Code    76  lv_disp.o(.text)
    lv_disp_set_bg_image                     0x08033dbf   Thumb Code    70  lv_disp.o(.text)
    lv_disp_set_bg_opa                       0x08033e05   Thumb Code    92  lv_disp.o(.text)
    lv_disp_get_inactive_time                0x08033e61   Thumb Code    74  lv_disp.o(.text)
    lv_disp_trig_activity                    0x08033eab   Thumb Code    32  lv_disp.o(.text)
    lv_disp_clean_dcache                     0x08033ecb   Thumb Code    36  lv_disp.o(.text)
    lv_disp_enable_invalidation              0x08033eef   Thumb Code    46  lv_disp.o(.text)
    lv_disp_is_invalidation_enabled          0x08033f1d   Thumb Code    38  lv_disp.o(.text)
    _lv_disp_get_refr_timer                  0x08033f43   Thumb Code    26  lv_disp.o(.text)
    lv_obj_event_base                        0x0803403b   Thumb Code    74  lv_event.o(.text)
    lv_event_send                            0x080341bd   Thumb Code   102  lv_event.o(.text)
    lv_event_get_target                      0x08034223   Thumb Code     6  lv_event.o(.text)
    lv_event_get_current_target              0x08034229   Thumb Code     6  lv_event.o(.text)
    lv_event_get_code                        0x0803422f   Thumb Code    10  lv_event.o(.text)
    lv_event_get_param                       0x08034239   Thumb Code     6  lv_event.o(.text)
    lv_event_get_user_data                   0x0803423f   Thumb Code     6  lv_event.o(.text)
    lv_event_stop_bubbling                   0x08034245   Thumb Code    12  lv_event.o(.text)
    lv_event_stop_processing                 0x08034251   Thumb Code    12  lv_event.o(.text)
    lv_event_register_id                     0x0803425d   Thumb Code    16  lv_event.o(.text)
    _lv_event_mark_deleted                   0x0803426d   Thumb Code    38  lv_event.o(.text)
    lv_obj_add_event_cb                      0x08034293   Thumb Code   172  lv_event.o(.text)
    lv_obj_remove_event_cb                   0x0803433f   Thumb Code   174  lv_event.o(.text)
    lv_obj_remove_event_cb_with_user_data    0x080343ed   Thumb Code   198  lv_event.o(.text)
    lv_obj_remove_event_dsc                  0x080344b3   Thumb Code   172  lv_event.o(.text)
    lv_obj_get_event_user_data               0x0803455f   Thumb Code    74  lv_event.o(.text)
    lv_event_get_indev                       0x080345a9   Thumb Code   126  lv_event.o(.text)
    lv_event_get_draw_part_dsc               0x08034627   Thumb Code    32  lv_event.o(.text)
    lv_event_get_draw_ctx                    0x08034647   Thumb Code    56  lv_event.o(.text)
    lv_event_get_old_size                    0x0803467f   Thumb Code    26  lv_event.o(.text)
    lv_event_get_key                         0x08034699   Thumb Code    36  lv_event.o(.text)
    lv_event_get_scroll_anim                 0x080346bd   Thumb Code    26  lv_event.o(.text)
    lv_event_set_ext_draw_size               0x080346d7   Thumb Code    46  lv_event.o(.text)
    lv_event_get_self_size_info              0x08034705   Thumb Code    26  lv_event.o(.text)
    lv_event_get_hit_test_info               0x0803471f   Thumb Code    26  lv_event.o(.text)
    lv_event_get_cover_area                  0x08034739   Thumb Code    30  lv_event.o(.text)
    lv_event_set_cover_res                   0x08034757   Thumb Code    36  lv_event.o(.text)
    _lv_group_init                           0x0803477d   Thumb Code    12  lv_group.o(.text)
    lv_group_create                          0x08034789   Thumb Code    92  lv_group.o(.text)
    lv_group_del                             0x0803483f   Thumb Code   150  lv_group.o(.text)
    lv_group_set_default                     0x080348d5   Thumb Code     6  lv_group.o(.text)
    lv_group_get_default                     0x080348db   Thumb Code     6  lv_group.o(.text)
    lv_group_focus_prev                      0x08034a0b   Thumb Code    32  lv_group.o(.text)
    lv_group_focus_next                      0x08034a2b   Thumb Code    32  lv_group.o(.text)
    lv_group_remove_obj                      0x08034a87   Thumb Code   186  lv_group.o(.text)
    lv_group_add_obj                         0x08034b41   Thumb Code   194  lv_group.o(.text)
    lv_group_get_focused                     0x08034c03   Thumb Code    22  lv_group.o(.text)
    lv_group_set_editing                     0x08034c19   Thumb Code    90  lv_group.o(.text)
    lv_group_focus_obj                       0x08034c73   Thumb Code   184  lv_group.o(.text)
    lv_group_swap_obj                        0x08034d2b   Thumb Code   116  lv_group.o(.text)
    lv_group_remove_all_objs                 0x08034d9f   Thumb Code    86  lv_group.o(.text)
    lv_group_focus_freeze                    0x08034df5   Thumb Code    24  lv_group.o(.text)
    lv_group_send_data                       0x08034e0d   Thumb Code    44  lv_group.o(.text)
    lv_group_set_focus_cb                    0x08034e39   Thumb Code     4  lv_group.o(.text)
    lv_group_set_edge_cb                     0x08034e3d   Thumb Code     4  lv_group.o(.text)
    lv_group_set_refocus_policy              0x08034e41   Thumb Code    10  lv_group.o(.text)
    lv_group_set_wrap                        0x08034e4b   Thumb Code    10  lv_group.o(.text)
    lv_group_get_focus_cb                    0x08034e55   Thumb Code    12  lv_group.o(.text)
    lv_group_get_edge_cb                     0x08034e61   Thumb Code    12  lv_group.o(.text)
    lv_group_get_editing                     0x08034e6d   Thumb Code    16  lv_group.o(.text)
    lv_group_get_wrap                        0x08034e7d   Thumb Code    16  lv_group.o(.text)
    lv_group_get_obj_count                   0x08034e8d   Thumb Code    12  lv_group.o(.text)
    lv_indev_search_obj                      0x080352c9   Thumb Code   138  lv_indev.o(.text)
    lv_indev_read_timer_cb                   0x08035ec7   Thumb Code   288  lv_indev.o(.text)
    lv_indev_enable                          0x08035fe7   Thumb Code    60  lv_indev.o(.text)
    lv_indev_get_act                         0x08036023   Thumb Code     6  lv_indev.o(.text)
    lv_indev_get_type                        0x08036029   Thumb Code    14  lv_indev.o(.text)
    lv_indev_reset                           0x08036037   Thumb Code   180  lv_indev.o(.text)
    lv_indev_reset_long_press                0x080360eb   Thumb Code    26  lv_indev.o(.text)
    lv_indev_set_cursor                      0x08036105   Thumb Code    72  lv_indev.o(.text)
    lv_indev_set_group                       0x0803614d   Thumb Code    20  lv_indev.o(.text)
    lv_indev_set_button_points               0x08036161   Thumb Code    12  lv_indev.o(.text)
    lv_indev_get_point                       0x0803616d   Thumb Code    48  lv_indev.o(.text)
    lv_indev_get_gesture_dir                 0x0803619d   Thumb Code    10  lv_indev.o(.text)
    lv_indev_get_key                         0x080361a7   Thumb Code    18  lv_indev.o(.text)
    lv_indev_get_scroll_dir                  0x080361b9   Thumb Code    38  lv_indev.o(.text)
    lv_indev_get_scroll_obj                  0x080361df   Thumb Code    32  lv_indev.o(.text)
    lv_indev_get_vect                        0x080361ff   Thumb Code    38  lv_indev.o(.text)
    lv_indev_wait_release                    0x08036225   Thumb Code    18  lv_indev.o(.text)
    lv_indev_get_obj_act                     0x08036237   Thumb Code     6  lv_indev.o(.text)
    lv_indev_get_read_timer                  0x0803623d   Thumb Code    16  lv_indev.o(.text)
    _lv_indev_scroll_handler                 0x08036b59   Thumb Code   402  lv_indev_scroll.o(.text)
    _lv_indev_scroll_throw_handler           0x08036d57   Thumb Code   580  lv_indev_scroll.o(.text)
    lv_indev_scroll_throw_predict            0x08036f9b   Thumb Code    72  lv_indev_scroll.o(.text)
    lv_indev_scroll_get_snap_dist            0x08036fe3   Thumb Code    44  lv_indev_scroll.o(.text)
    lv_is_initialized                        0x080371c9   Thumb Code     6  lv_obj.o(.text)
    lv_init                                  0x080371cf   Thumb Code   150  lv_obj.o(.text)
    lv_deinit                                0x08037265   Thumb Code    28  lv_obj.o(.text)
    lv_obj_create                            0x08037281   Thumb Code    28  lv_obj.o(.text)
    lv_obj_get_group                         0x0803729d   Thumb Code    20  lv_obj.o(.text)
    lv_obj_has_state                         0x080372b1   Thumb Code    20  lv_obj.o(.text)
    lv_obj_add_flag                          0x080372c5   Thumb Code   166  lv_obj.o(.text)
    lv_obj_clear_flag                        0x0803736b   Thumb Code   130  lv_obj.o(.text)
    lv_obj_add_state                         0x08037609   Thumb Code    32  lv_obj.o(.text)
    lv_obj_clear_state                       0x08037629   Thumb Code    32  lv_obj.o(.text)
    lv_obj_has_flag                          0x08037649   Thumb Code    22  lv_obj.o(.text)
    lv_obj_has_flag_any                      0x0803765f   Thumb Code    20  lv_obj.o(.text)
    lv_obj_get_state                         0x08037673   Thumb Code    10  lv_obj.o(.text)
    lv_obj_allocate_spec_attr                0x0803767d   Thumb Code    84  lv_obj.o(.text)
    lv_obj_check_type                        0x080376d1   Thumb Code    22  lv_obj.o(.text)
    lv_obj_has_class                         0x080376e7   Thumb Code    26  lv_obj.o(.text)
    lv_obj_get_class                         0x08037701   Thumb Code     6  lv_obj.o(.text)
    lv_obj_is_valid                          0x0803774d   Thumb Code    82  lv_obj.o(.text)
    lv_obj_class_create_obj                  0x08038311   Thumb Code   240  lv_obj_class.o(.text)
    lv_obj_is_group_def                      0x08038401   Thumb Code    42  lv_obj_class.o(.text)
    lv_obj_class_init_obj                    0x08038455   Thumb Code   116  lv_obj_class.o(.text)
    _lv_obj_destruct                         0x080384c9   Thumb Code    38  lv_obj_class.o(.text)
    lv_obj_is_editable                       0x080384ef   Thumb Code    42  lv_obj_class.o(.text)
    lv_obj_init_draw_rect_dsc                0x0803855d   Thumb Code   880  lv_obj_draw.o(.text)
    lv_obj_init_draw_label_dsc               0x080388cd   Thumb Code   208  lv_obj_draw.o(.text)
    lv_obj_init_draw_img_dsc                 0x0803899d   Thumb Code   208  lv_obj_draw.o(.text)
    lv_obj_init_draw_line_dsc                0x08038a6d   Thumb Code   252  lv_obj_draw.o(.text)
    lv_obj_init_draw_arc_dsc                 0x08038b69   Thumb Code   216  lv_obj_draw.o(.text)
    lv_obj_calculate_ext_draw_size           0x08038c41   Thumb Code   306  lv_obj_draw.o(.text)
    lv_obj_draw_dsc_init                     0x08038d73   Thumb Code    18  lv_obj_draw.o(.text)
    lv_obj_draw_part_check_type              0x08038d85   Thumb Code    22  lv_obj_draw.o(.text)
    _lv_obj_get_ext_draw_size                0x08038d9b   Thumb Code    18  lv_obj_draw.o(.text)
    lv_obj_refresh_ext_draw_size             0x08038dad   Thumb Code    94  lv_obj_draw.o(.text)
    _lv_obj_get_layer_type                   0x08038e0b   Thumb Code    18  lv_obj_draw.o(.text)
    lv_obj_set_y                             0x08038f1f   Thumb Code    48  lv_obj_pos.o(.text)
    lv_obj_set_x                             0x08038f4f   Thumb Code    48  lv_obj_pos.o(.text)
    lv_obj_set_pos                           0x08038f7f   Thumb Code    30  lv_obj_pos.o(.text)
    lv_obj_transform_point                   0x08039117   Thumb Code   110  lv_obj_pos.o(.text)
    lv_obj_get_transformed_area              0x08039185   Thumb Code   506  lv_obj_pos.o(.text)
    lv_obj_area_is_visible                   0x0803937f   Thumb Code   282  lv_obj_pos.o(.text)
    lv_obj_invalidate_area                   0x08039499   Thumb Code    70  lv_obj_pos.o(.text)
    lv_obj_invalidate                        0x080394df   Thumb Code    84  lv_obj_pos.o(.text)
    lv_obj_get_coords                        0x08039533   Thumb Code    22  lv_obj_pos.o(.text)
    lv_obj_get_content_coords                0x08039549   Thumb Code   108  lv_obj_pos.o(.text)
    lv_obj_get_height                        0x080395b5   Thumb Code    18  lv_obj_pos.o(.text)
    lv_obj_get_width                         0x080395c7   Thumb Code    18  lv_obj_pos.o(.text)
    lv_clamp_height                          0x080395d9   Thumb Code   174  lv_obj_pos.o(.text)
    lv_obj_is_layout_positioned              0x08039687   Thumb Code    52  lv_obj_pos.o(.text)
    lv_obj_get_self_height                   0x080396bb   Thumb Code    26  lv_obj_pos.o(.text)
    lv_obj_get_content_height                0x08039805   Thumb Code    62  lv_obj_pos.o(.text)
    lv_clamp_width                           0x08039843   Thumb Code   174  lv_obj_pos.o(.text)
    lv_obj_get_self_width                    0x080398f1   Thumb Code    28  lv_obj_pos.o(.text)
    lv_obj_get_content_width                 0x08039b2b   Thumb Code    62  lv_obj_pos.o(.text)
    lv_obj_refr_size                         0x08039b69   Thumb Code   838  lv_obj_pos.o(.text)
    lv_obj_set_height                        0x08039eaf   Thumb Code    48  lv_obj_pos.o(.text)
    lv_obj_set_width                         0x08039edf   Thumb Code    54  lv_obj_pos.o(.text)
    lv_obj_set_size                          0x08039f15   Thumb Code    30  lv_obj_pos.o(.text)
    lv_obj_set_content_width                 0x08039f33   Thumb Code    60  lv_obj_pos.o(.text)
    lv_obj_set_content_height                0x08039f6f   Thumb Code    60  lv_obj_pos.o(.text)
    lv_obj_mark_layout_as_dirty              0x08039fab   Thumb Code    52  lv_obj_pos.o(.text)
    lv_obj_set_layout                        0x08039fdf   Thumb Code    28  lv_obj_pos.o(.text)
    lv_obj_move_children_by                  0x08039ffb   Thumb Code   110  lv_obj_pos.o(.text)
    lv_obj_move_to                           0x0803a069   Thumb Code   342  lv_obj_pos.o(.text)
    lv_obj_refr_pos                          0x0803a1bf   Thumb Code   734  lv_obj_pos.o(.text)
    lv_obj_update_layout                     0x0803a537   Thumb Code    74  lv_obj_pos.o(.text)
    lv_layout_register                       0x0803a581   Thumb Code    88  lv_obj_pos.o(.text)
    lv_obj_set_align                         0x0803a5d9   Thumb Code    18  lv_obj_pos.o(.text)
    lv_obj_align                             0x0803a5eb   Thumb Code    36  lv_obj_pos.o(.text)
    lv_obj_align_to                          0x0803a60f   Thumb Code  1154  lv_obj_pos.o(.text)
    lv_obj_get_x                             0x0803aa91   Thumb Code    70  lv_obj_pos.o(.text)
    lv_obj_get_x2                            0x0803aad7   Thumb Code    28  lv_obj_pos.o(.text)
    lv_obj_get_y                             0x0803aaf3   Thumb Code    70  lv_obj_pos.o(.text)
    lv_obj_get_y2                            0x0803ab39   Thumb Code    28  lv_obj_pos.o(.text)
    lv_obj_get_x_aligned                     0x0803ab55   Thumb Code    14  lv_obj_pos.o(.text)
    lv_obj_get_y_aligned                     0x0803ab63   Thumb Code    14  lv_obj_pos.o(.text)
    lv_obj_refresh_self_size                 0x0803ab71   Thumb Code    50  lv_obj_pos.o(.text)
    lv_obj_is_visible                        0x0803aba3   Thumb Code    84  lv_obj_pos.o(.text)
    lv_obj_set_ext_click_area                0x0803abf7   Thumb Code    22  lv_obj_pos.o(.text)
    lv_obj_get_click_area                    0x0803ac0d   Thumb Code    70  lv_obj_pos.o(.text)
    lv_obj_hit_test                          0x0803ac53   Thumb Code   102  lv_obj_pos.o(.text)
    lv_obj_set_scrollbar_mode                0x0803adf5   Thumb Code    52  lv_obj_scroll.o(.text)
    lv_obj_set_scroll_dir                    0x0803ae29   Thumb Code    30  lv_obj_scroll.o(.text)
    lv_obj_set_scroll_snap_x                 0x0803ae47   Thumb Code    26  lv_obj_scroll.o(.text)
    lv_obj_set_scroll_snap_y                 0x0803ae61   Thumb Code    26  lv_obj_scroll.o(.text)
    lv_obj_get_scrollbar_mode                0x0803ae7b   Thumb Code    20  lv_obj_scroll.o(.text)
    lv_obj_get_scroll_dir                    0x0803ae8f   Thumb Code    20  lv_obj_scroll.o(.text)
    lv_obj_get_scroll_snap_x                 0x0803aea3   Thumb Code    20  lv_obj_scroll.o(.text)
    lv_obj_get_scroll_snap_y                 0x0803aeb7   Thumb Code    20  lv_obj_scroll.o(.text)
    lv_obj_get_scroll_x                      0x0803aecb   Thumb Code    20  lv_obj_scroll.o(.text)
    lv_obj_get_scroll_y                      0x0803aedf   Thumb Code    20  lv_obj_scroll.o(.text)
    lv_obj_get_scroll_top                    0x0803aef3   Thumb Code    20  lv_obj_scroll.o(.text)
    lv_obj_get_scroll_bottom                 0x0803af07   Thumb Code   182  lv_obj_scroll.o(.text)
    lv_obj_get_scroll_left                   0x0803afbd   Thumb Code   232  lv_obj_scroll.o(.text)
    lv_obj_get_scroll_right                  0x0803b0a5   Thumb Code   210  lv_obj_scroll.o(.text)
    _lv_obj_scroll_by_raw                    0x0803b177   Thumb Code    92  lv_obj_scroll.o(.text)
    lv_obj_get_scroll_end                    0x0803b20b   Thumb Code    64  lv_obj_scroll.o(.text)
    lv_obj_scroll_by                         0x0803b25b   Thumb Code   398  lv_obj_scroll.o(.text)
    lv_obj_scroll_by_bounded                 0x0803b3e9   Thumb Code   262  lv_obj_scroll.o(.text)
    lv_obj_scroll_to_y                       0x0803b4ef   Thumb Code    50  lv_obj_scroll.o(.text)
    lv_obj_scroll_to_x                       0x0803b521   Thumb Code    50  lv_obj_scroll.o(.text)
    lv_obj_scroll_to                         0x0803b553   Thumb Code    36  lv_obj_scroll.o(.text)
    lv_obj_scroll_to_view                    0x0803b8e5   Thumb Code    32  lv_obj_scroll.o(.text)
    lv_obj_scroll_to_view_recursive          0x0803b905   Thumb Code    58  lv_obj_scroll.o(.text)
    lv_obj_is_scrolling                      0x0803b93f   Thumb Code    44  lv_obj_scroll.o(.text)
    lv_obj_update_snap                       0x0803b96b   Thumb Code    38  lv_obj_scroll.o(.text)
    lv_obj_get_scrollbar_area                0x0803b991   Thumb Code  2144  lv_obj_scroll.o(.text)
    lv_obj_scrollbar_invalidate              0x0803c1f1   Thumb Code    68  lv_obj_scroll.o(.text)
    lv_obj_readjust_scroll                   0x0803c235   Thumb Code   180  lv_obj_scroll.o(.text)
    lv_obj_style_get_selector_state          0x0803c38d   Thumb Code     6  lv_obj_style.o(.text)
    lv_obj_style_get_selector_part           0x0803c393   Thumb Code     8  lv_obj_style.o(.text)
    lv_obj_get_style_prop                    0x0803c4f7   Thumb Code   160  lv_obj_style.o(.text)
    _lv_obj_style_init                       0x0803c597   Thumb Code    12  lv_obj_style.o(.text)
    lv_obj_refresh_style                     0x0803c651   Thumb Code   330  lv_obj_style.o(.text)
    lv_obj_add_style                         0x0803c84f   Thumb Code   194  lv_obj_style.o(.text)
    lv_obj_remove_style                      0x0803c911   Thumb Code   326  lv_obj_style.o(.text)
    lv_obj_report_style_change               0x0803cab1   Thumb Code    64  lv_obj_style.o(.text)
    lv_obj_enable_style_refresh              0x0803caf1   Thumb Code     6  lv_obj_style.o(.text)
    lv_obj_set_local_style_prop              0x0803cbfd   Thumb Code    44  lv_obj_style.o(.text)
    lv_obj_set_local_style_prop_meta         0x0803cc29   Thumb Code    46  lv_obj_style.o(.text)
    lv_obj_get_local_style_prop              0x0803cc57   Thumb Code    80  lv_obj_style.o(.text)
    lv_obj_remove_local_style_prop           0x0803cca7   Thumb Code   116  lv_obj_style.o(.text)
    _lv_obj_style_create_transition          0x0803d0d1   Thumb Code   396  lv_obj_style.o(.text)
    _lv_obj_style_apply_color_filter         0x0803d25d   Thumb Code    88  lv_obj_style.o(.text)
    _lv_obj_style_state_compare              0x0803d2b5   Thumb Code   700  lv_obj_style.o(.text)
    lv_obj_fade_in                           0x0803d593   Thumb Code   108  lv_obj_style.o(.text)
    lv_obj_fade_out                          0x0803d5ff   Thumb Code    78  lv_obj_style.o(.text)
    lv_obj_calculate_style_text_align        0x0803d64d   Thumb Code    68  lv_obj_style.o(.text)
    lv_obj_get_style_opa_recursive           0x0803d691   Thumb Code   116  lv_obj_style.o(.text)
    lv_obj_set_style_width                   0x0803d759   Thumb Code    24  lv_obj_style_gen.o(.text)
    lv_obj_set_style_min_width               0x0803d771   Thumb Code    24  lv_obj_style_gen.o(.text)
    lv_obj_set_style_max_width               0x0803d789   Thumb Code    24  lv_obj_style_gen.o(.text)
    lv_obj_set_style_height                  0x0803d7a1   Thumb Code    24  lv_obj_style_gen.o(.text)
    lv_obj_set_style_min_height              0x0803d7b9   Thumb Code    24  lv_obj_style_gen.o(.text)
    lv_obj_set_style_max_height              0x0803d7d1   Thumb Code    24  lv_obj_style_gen.o(.text)
    lv_obj_set_style_x                       0x0803d7e9   Thumb Code    24  lv_obj_style_gen.o(.text)
    lv_obj_set_style_y                       0x0803d801   Thumb Code    24  lv_obj_style_gen.o(.text)
    lv_obj_set_style_align                   0x0803d819   Thumb Code    24  lv_obj_style_gen.o(.text)
    lv_obj_set_style_transform_width         0x0803d831   Thumb Code    24  lv_obj_style_gen.o(.text)
    lv_obj_set_style_transform_height        0x0803d849   Thumb Code    24  lv_obj_style_gen.o(.text)
    lv_obj_set_style_translate_x             0x0803d861   Thumb Code    24  lv_obj_style_gen.o(.text)
    lv_obj_set_style_translate_y             0x0803d879   Thumb Code    24  lv_obj_style_gen.o(.text)
    lv_obj_set_style_transform_zoom          0x0803d891   Thumb Code    24  lv_obj_style_gen.o(.text)
    lv_obj_set_style_transform_angle         0x0803d8a9   Thumb Code    24  lv_obj_style_gen.o(.text)
    lv_obj_set_style_transform_pivot_x       0x0803d8c1   Thumb Code    24  lv_obj_style_gen.o(.text)
    lv_obj_set_style_transform_pivot_y       0x0803d8d9   Thumb Code    24  lv_obj_style_gen.o(.text)
    lv_obj_set_style_pad_top                 0x0803d8f1   Thumb Code    24  lv_obj_style_gen.o(.text)
    lv_obj_set_style_pad_bottom              0x0803d909   Thumb Code    24  lv_obj_style_gen.o(.text)
    lv_obj_set_style_pad_left                0x0803d921   Thumb Code    24  lv_obj_style_gen.o(.text)
    lv_obj_set_style_pad_right               0x0803d939   Thumb Code    24  lv_obj_style_gen.o(.text)
    lv_obj_set_style_pad_row                 0x0803d951   Thumb Code    24  lv_obj_style_gen.o(.text)
    lv_obj_set_style_pad_column              0x0803d969   Thumb Code    24  lv_obj_style_gen.o(.text)
    lv_obj_set_style_bg_color                0x0803d981   Thumb Code    32  lv_obj_style_gen.o(.text)
    lv_obj_set_style_bg_opa                  0x0803d9a1   Thumb Code    24  lv_obj_style_gen.o(.text)
    lv_obj_set_style_bg_grad_color           0x0803d9b9   Thumb Code    32  lv_obj_style_gen.o(.text)
    lv_obj_set_style_bg_grad_dir             0x0803d9d9   Thumb Code    24  lv_obj_style_gen.o(.text)
    lv_obj_set_style_bg_main_stop            0x0803d9f1   Thumb Code    24  lv_obj_style_gen.o(.text)
    lv_obj_set_style_bg_grad_stop            0x0803da09   Thumb Code    24  lv_obj_style_gen.o(.text)
    lv_obj_set_style_bg_grad                 0x0803da21   Thumb Code    24  lv_obj_style_gen.o(.text)
    lv_obj_set_style_bg_dither_mode          0x0803da39   Thumb Code    24  lv_obj_style_gen.o(.text)
    lv_obj_set_style_bg_img_src              0x0803da51   Thumb Code    24  lv_obj_style_gen.o(.text)
    lv_obj_set_style_bg_img_opa              0x0803da69   Thumb Code    24  lv_obj_style_gen.o(.text)
    lv_obj_set_style_bg_img_recolor          0x0803da81   Thumb Code    32  lv_obj_style_gen.o(.text)
    lv_obj_set_style_bg_img_recolor_opa      0x0803daa1   Thumb Code    24  lv_obj_style_gen.o(.text)
    lv_obj_set_style_bg_img_tiled            0x0803dab9   Thumb Code    24  lv_obj_style_gen.o(.text)
    lv_obj_set_style_border_color            0x0803dad1   Thumb Code    32  lv_obj_style_gen.o(.text)
    lv_obj_set_style_border_opa              0x0803daf1   Thumb Code    24  lv_obj_style_gen.o(.text)
    lv_obj_set_style_border_width            0x0803db09   Thumb Code    24  lv_obj_style_gen.o(.text)
    lv_obj_set_style_border_side             0x0803db21   Thumb Code    24  lv_obj_style_gen.o(.text)
    lv_obj_set_style_border_post             0x0803db39   Thumb Code    24  lv_obj_style_gen.o(.text)
    lv_obj_set_style_outline_width           0x0803db51   Thumb Code    24  lv_obj_style_gen.o(.text)
    lv_obj_set_style_outline_color           0x0803db69   Thumb Code    32  lv_obj_style_gen.o(.text)
    lv_obj_set_style_outline_opa             0x0803db89   Thumb Code    24  lv_obj_style_gen.o(.text)
    lv_obj_set_style_outline_pad             0x0803dba1   Thumb Code    24  lv_obj_style_gen.o(.text)
    lv_obj_set_style_shadow_width            0x0803dbb9   Thumb Code    24  lv_obj_style_gen.o(.text)
    lv_obj_set_style_shadow_ofs_x            0x0803dbd1   Thumb Code    24  lv_obj_style_gen.o(.text)
    lv_obj_set_style_shadow_ofs_y            0x0803dbe9   Thumb Code    24  lv_obj_style_gen.o(.text)
    lv_obj_set_style_shadow_spread           0x0803dc01   Thumb Code    24  lv_obj_style_gen.o(.text)
    lv_obj_set_style_shadow_color            0x0803dc19   Thumb Code    32  lv_obj_style_gen.o(.text)
    lv_obj_set_style_shadow_opa              0x0803dc39   Thumb Code    24  lv_obj_style_gen.o(.text)
    lv_obj_set_style_img_opa                 0x0803dc51   Thumb Code    24  lv_obj_style_gen.o(.text)
    lv_obj_set_style_img_recolor             0x0803dc69   Thumb Code    32  lv_obj_style_gen.o(.text)
    lv_obj_set_style_img_recolor_opa         0x0803dc89   Thumb Code    24  lv_obj_style_gen.o(.text)
    lv_obj_set_style_line_width              0x0803dca1   Thumb Code    24  lv_obj_style_gen.o(.text)
    lv_obj_set_style_line_dash_width         0x0803dcb9   Thumb Code    24  lv_obj_style_gen.o(.text)
    lv_obj_set_style_line_dash_gap           0x0803dcd1   Thumb Code    24  lv_obj_style_gen.o(.text)
    lv_obj_set_style_line_rounded            0x0803dce9   Thumb Code    24  lv_obj_style_gen.o(.text)
    lv_obj_set_style_line_color              0x0803dd01   Thumb Code    32  lv_obj_style_gen.o(.text)
    lv_obj_set_style_line_opa                0x0803dd21   Thumb Code    24  lv_obj_style_gen.o(.text)
    lv_obj_set_style_arc_width               0x0803dd39   Thumb Code    24  lv_obj_style_gen.o(.text)
    lv_obj_set_style_arc_rounded             0x0803dd51   Thumb Code    24  lv_obj_style_gen.o(.text)
    lv_obj_set_style_arc_color               0x0803dd69   Thumb Code    32  lv_obj_style_gen.o(.text)
    lv_obj_set_style_arc_opa                 0x0803dd89   Thumb Code    24  lv_obj_style_gen.o(.text)
    lv_obj_set_style_arc_img_src             0x0803dda1   Thumb Code    24  lv_obj_style_gen.o(.text)
    lv_obj_set_style_text_color              0x0803ddb9   Thumb Code    32  lv_obj_style_gen.o(.text)
    lv_obj_set_style_text_opa                0x0803ddd9   Thumb Code    24  lv_obj_style_gen.o(.text)
    lv_obj_set_style_text_font               0x0803ddf1   Thumb Code    24  lv_obj_style_gen.o(.text)
    lv_obj_set_style_text_letter_space       0x0803de09   Thumb Code    24  lv_obj_style_gen.o(.text)
    lv_obj_set_style_text_line_space         0x0803de21   Thumb Code    24  lv_obj_style_gen.o(.text)
    lv_obj_set_style_text_decor              0x0803de39   Thumb Code    24  lv_obj_style_gen.o(.text)
    lv_obj_set_style_text_align              0x0803de51   Thumb Code    24  lv_obj_style_gen.o(.text)
    lv_obj_set_style_radius                  0x0803de69   Thumb Code    24  lv_obj_style_gen.o(.text)
    lv_obj_set_style_clip_corner             0x0803de81   Thumb Code    24  lv_obj_style_gen.o(.text)
    lv_obj_set_style_opa                     0x0803de99   Thumb Code    24  lv_obj_style_gen.o(.text)
    lv_obj_set_style_opa_layered             0x0803deb1   Thumb Code    24  lv_obj_style_gen.o(.text)
    lv_obj_set_style_color_filter_dsc        0x0803dec9   Thumb Code    24  lv_obj_style_gen.o(.text)
    lv_obj_set_style_color_filter_opa        0x0803dee1   Thumb Code    24  lv_obj_style_gen.o(.text)
    lv_obj_set_style_anim                    0x0803def9   Thumb Code    24  lv_obj_style_gen.o(.text)
    lv_obj_set_style_anim_time               0x0803df11   Thumb Code    24  lv_obj_style_gen.o(.text)
    lv_obj_set_style_anim_speed              0x0803df29   Thumb Code    24  lv_obj_style_gen.o(.text)
    lv_obj_set_style_transition              0x0803df41   Thumb Code    24  lv_obj_style_gen.o(.text)
    lv_obj_set_style_blend_mode              0x0803df59   Thumb Code    24  lv_obj_style_gen.o(.text)
    lv_obj_set_style_layout                  0x0803df71   Thumb Code    24  lv_obj_style_gen.o(.text)
    lv_obj_set_style_base_dir                0x0803df89   Thumb Code    24  lv_obj_style_gen.o(.text)
    lv_obj_get_child                         0x0803dfa1   Thumb Code    60  lv_obj_tree.o(.text)
    lv_obj_get_child_cnt                     0x0803dfdd   Thumb Code    20  lv_obj_tree.o(.text)
    lv_obj_get_parent                        0x0803dff1   Thumb Code    16  lv_obj_tree.o(.text)
    lv_obj_get_index                         0x0803e001   Thumb Code    62  lv_obj_tree.o(.text)
    lv_obj_get_screen                        0x0803e03f   Thumb Code    30  lv_obj_tree.o(.text)
    lv_obj_get_disp                          0x0803e05d   Thumb Code    82  lv_obj_tree.o(.text)
    lv_obj_del                               0x0803e209   Thumb Code   108  lv_obj_tree.o(.text)
    lv_obj_clean                             0x0803e275   Thumb Code    84  lv_obj_tree.o(.text)
    lv_obj_del_anim_ready_cb                 0x0803e2c9   Thumb Code    12  lv_obj_tree.o(.text)
    lv_obj_del_delayed                       0x0803e2d5   Thumb Code    58  lv_obj_tree.o(.text)
    lv_obj_del_async                         0x0803e31f   Thumb Code    18  lv_obj_tree.o(.text)
    lv_obj_set_parent                        0x0803e331   Thumb Code   250  lv_obj_tree.o(.text)
    lv_obj_move_to_index                     0x0803e42b   Thumb Code   168  lv_obj_tree.o(.text)
    lv_obj_swap                              0x0803e4d3   Thumb Code   152  lv_obj_tree.o(.text)
    lv_obj_tree_walk                         0x0803e5f3   Thumb Code    20  lv_obj_tree.o(.text)
    _lv_refr_init                            0x0803e669   Thumb Code    10  lv_refr.o(.text)
    lv_obj_redraw                            0x0803eb83   Thumb Code   252  lv_refr.o(.text)
    _lv_disp_refr_timer                      0x0803f9b7   Thumb Code   692  lv_refr.o(.text)
    lv_refr_now                              0x0803fc6b   Thumb Code    58  lv_refr.o(.text)
    _lv_inv_area                             0x0803fca5   Thumb Code   274  lv_refr.o(.text)
    _lv_refr_get_disp_refreshing             0x0803fdb7   Thumb Code     6  lv_refr.o(.text)
    _lv_refr_set_disp_refreshing             0x0803fdbd   Thumb Code     6  lv_refr.o(.text)
    lv_refr_reset_fps_counter                0x0803fdc3   Thumb Code    10  lv_refr.o(.text)
    lv_refr_get_fps_avg                      0x0803fdcd   Thumb Code    24  lv_refr.o(.text)
    lv_theme_get_from_obj                    0x0803fe19   Thumb Code    28  lv_theme.o(.text)
    lv_theme_apply                           0x0803fe55   Thumb Code    42  lv_theme.o(.text)
    lv_theme_set_parent                      0x0803fe7f   Thumb Code     4  lv_theme.o(.text)
    lv_theme_set_apply_cb                    0x0803fe83   Thumb Code     4  lv_theme.o(.text)
    lv_theme_get_font_small                  0x0803fe87   Thumb Code    22  lv_theme.o(.text)
    lv_theme_get_font_normal                 0x0803fe9d   Thumb Code    22  lv_theme.o(.text)
    lv_theme_get_font_large                  0x0803feb3   Thumb Code    22  lv_theme.o(.text)
    lv_theme_get_color_primary               0x0803fec9   Thumb Code    36  lv_theme.o(.text)
    lv_theme_get_color_secondary             0x0803feed   Thumb Code    36  lv_theme.o(.text)
    __aeabi_uldivmod                         0x0803ff19   Thumb Code    98  uldiv.o(.text)
    ___aeabi_memcpy8$move                    0x0803ff7b   Thumb Code     0  memmovea.o(.text)
    __aeabi_memcpy                           0x0803ff7b   Thumb Code    64  memmovea.o(.text)
    __aeabi_memcpy4                          0x0803ff7b   Thumb Code     0  memmovea.o(.text)
    __aeabi_memmove                          0x0803ff7b   Thumb Code     0  memmovea.o(.text)
    __aeabi_memmove4                         0x0803ff7b   Thumb Code     0  memmovea.o(.text)
    __aeabi_memmove8                         0x0803ff7b   Thumb Code     0  memmovea.o(.text)
    __aeabi_memset                           0x0803ffbb   Thumb Code    14  memseta.o(.text)
    __aeabi_memset4                          0x0803ffbb   Thumb Code     0  memseta.o(.text)
    __aeabi_memset8                          0x0803ffbb   Thumb Code     0  memseta.o(.text)
    __aeabi_memclr                           0x0803ffc9   Thumb Code     4  memseta.o(.text)
    __aeabi_memclr4                          0x0803ffc9   Thumb Code     0  memseta.o(.text)
    __aeabi_memclr8                          0x0803ffc9   Thumb Code     0  memseta.o(.text)
    _memset$wrapper                          0x0803ffcd   Thumb Code    18  memseta.o(.text)
    strcat                                   0x0803ffdf   Thumb Code    24  strcat.o(.text)
    strlen                                   0x0803fff7   Thumb Code    14  strlen.o(.text)
    strcmp                                   0x08040005   Thumb Code    28  strcmp.o(.text)
    memcmp                                   0x08040021   Thumb Code    26  memcmp.o(.text)
    strcpy                                   0x0804003b   Thumb Code    18  strcpy.o(.text)
    __aeabi_llsl                             0x0804004d   Thumb Code    30  llshl.o(.text)
    _ll_shift_l                              0x0804004d   Thumb Code     0  llshl.o(.text)
    __aeabi_llsr                             0x0804006b   Thumb Code    32  llushr.o(.text)
    _ll_ushift_r                             0x0804006b   Thumb Code     0  llushr.o(.text)
    __scatterload                            0x0804008d   Thumb Code    28  init.o(.text)
    __scatterload_rt2                        0x0804008d   Thumb Code     0  init.o(.text)
    __decompress                             0x080400b1   Thumb Code     0  __dczerorl2.o(.text)
    __decompress1                            0x080400b1   Thumb Code    86  __dczerorl2.o(.text)
    __0printf$5                              0x08040109   Thumb Code    22  printf5.o(i.__0printf$5)
    __1printf$5                              0x08040109   Thumb Code     0  printf5.o(i.__0printf$5)
    __2printf                                0x08040109   Thumb Code     0  printf5.o(i.__0printf$5)
    __0sprintf$5                             0x08040129   Thumb Code    34  printf5.o(i.__0sprintf$5)
    __1sprintf$5                             0x08040129   Thumb Code     0  printf5.o(i.__0sprintf$5)
    __2sprintf                               0x08040129   Thumb Code     0  printf5.o(i.__0sprintf$5)
    __scatterload_copy                       0x08040151   Thumb Code    14  handlers.o(i.__scatterload_copy)
    __scatterload_null                       0x0804015f   Thumb Code     2  handlers.o(i.__scatterload_null)
    __scatterload_zeroinit                   0x08040161   Thumb Code    14  handlers.o(i.__scatterload_zeroinit)
    Hzk16                                    0x08040444   Data       267680  lcd.o(.constdata)
    asc2_1206                                0x080819e4   Data        1140  lcd.o(.constdata)
    asc2_1608                                0x08081e58   Data        1520  lcd.o(.constdata)
    asc2_2412                                0x08082448   Data        3420  lcd.o(.constdata)
    GT9147_CFG_TBL                           0x080831a4   Data         184  gt9147.o(.constdata)
    GT9147_TPX_TBL                           0x0808325c   Data          10  gt9147.o(.constdata)
    lv_arc_class                             0x08083268   Data          28  lv_arc.o(.constdata)
    lv_bar_class                             0x08083284   Data          28  lv_bar.o(.constdata)
    lv_btn_class                             0x080832a0   Data          28  lv_btn.o(.constdata)
    lv_btnmatrix_class                       0x080832bc   Data          28  lv_btnmatrix.o(.constdata)
    lv_checkbox_class                        0x080832d8   Data          28  lv_checkbox.o(.constdata)
    lv_dropdown_class                        0x080832f4   Data          28  lv_dropdown.o(.constdata)
    lv_dropdownlist_class                    0x08083310   Data          28  lv_dropdown.o(.constdata)
    lv_img_class                             0x0808332c   Data          28  lv_img.o(.constdata)
    lv_label_class                           0x08083348   Data          28  lv_label.o(.constdata)
    lv_line_class                            0x08083364   Data          28  lv_line.o(.constdata)
    lv_roller_class                          0x08083380   Data          28  lv_roller.o(.constdata)
    lv_roller_label_class                    0x0808339c   Data          28  lv_roller.o(.constdata)
    lv_slider_class                          0x080833b8   Data          28  lv_slider.o(.constdata)
    lv_switch_class                          0x080833d4   Data          28  lv_switch.o(.constdata)
    lv_table_class                           0x080833f0   Data          28  lv_table.o(.constdata)
    lv_textarea_class                        0x0808340c   Data          28  lv_textarea.o(.constdata)
    _lv_style_builtin_prop_flag_lookup_table 0x0808365c   Data         113  lv_style.o(.constdata)
    lv_font_montserrat_14                    0x08086bfc   Data          28  lv_font_montserrat_14.o(.constdata)
    lv_font_montserrat_28                    0x0808fda4   Data          28  lv_font_montserrat_28.o(.constdata)
    lv_calendar_class                        0x0808fdd8   Data          28  lv_calendar.o(.constdata)
    lv_calendar_header_arrow_class           0x0808fdf4   Data          28  lv_calendar_header_arrow.o(.constdata)
    lv_calendar_header_dropdown_class        0x0808fe10   Data          28  lv_calendar_header_dropdown.o(.constdata)
    lv_chart_class                           0x0808fe2c   Data          28  lv_chart.o(.constdata)
    lv_colorwheel_class                      0x0808fe48   Data          28  lv_colorwheel.o(.constdata)
    lv_keyboard_class                        0x0808fe64   Data          28  lv_keyboard.o(.constdata)
    lv_led_class                             0x080901f8   Data          28  lv_led.o(.constdata)
    lv_list_class                            0x08090214   Data          28  lv_list.o(.constdata)
    lv_list_btn_class                        0x08090230   Data          28  lv_list.o(.constdata)
    lv_list_text_class                       0x0809024c   Data          28  lv_list.o(.constdata)
    lv_menu_class                            0x08090268   Data          28  lv_menu.o(.constdata)
    lv_menu_page_class                       0x08090284   Data          28  lv_menu.o(.constdata)
    lv_menu_cont_class                       0x080902a0   Data          28  lv_menu.o(.constdata)
    lv_menu_section_class                    0x080902bc   Data          28  lv_menu.o(.constdata)
    lv_menu_separator_class                  0x080902d8   Data          28  lv_menu.o(.constdata)
    lv_menu_sidebar_cont_class               0x080902f4   Data          28  lv_menu.o(.constdata)
    lv_menu_main_cont_class                  0x08090310   Data          28  lv_menu.o(.constdata)
    lv_menu_main_header_cont_class           0x0809032c   Data          28  lv_menu.o(.constdata)
    lv_menu_sidebar_header_cont_class        0x08090348   Data          28  lv_menu.o(.constdata)
    lv_meter_class                           0x08090364   Data          28  lv_meter.o(.constdata)
    lv_msgbox_class                          0x08090380   Data          28  lv_msgbox.o(.constdata)
    lv_msgbox_content_class                  0x0809039c   Data          28  lv_msgbox.o(.constdata)
    lv_msgbox_backdrop_class                 0x080903b8   Data          28  lv_msgbox.o(.constdata)
    lv_spinbox_class                         0x080903d4   Data          28  lv_spinbox.o(.constdata)
    lv_spinner_class                         0x080903f0   Data          28  lv_spinner.o(.constdata)
    lv_tabview_class                         0x0809040c   Data          28  lv_tabview.o(.constdata)
    lv_tileview_class                        0x08090428   Data          28  lv_tileview.o(.constdata)
    lv_tileview_tile_class                   0x08090444   Data          28  lv_tileview.o(.constdata)
    lv_win_class                             0x08090460   Data          28  lv_win.o(.constdata)
    _lv_bpp1_opa_table                       0x0809047c   Data           2  lv_draw_sw_letter.o(.constdata)
    _lv_bpp2_opa_table                       0x0809047e   Data           4  lv_draw_sw_letter.o(.constdata)
    _lv_bpp3_opa_table                       0x08090482   Data           8  lv_draw_sw_letter.o(.constdata)
    _lv_bpp4_opa_table                       0x0809048a   Data          16  lv_draw_sw_letter.o(.constdata)
    _lv_bpp8_opa_table                       0x0809049a   Data         256  lv_draw_sw_letter.o(.constdata)
    lv_obj_class                             0x080905c4   Data          28  lv_obj.o(.constdata)
    Region$$Table$$Base                      0x08090ac8   Number         0  anon$$obj.o(Region$$Table)
    Region$$Table$$Limit                     0x08090ae8   Number         0  anon$$obj.o(Region$$Table)
    SystemCoreClock                          0x20000000   Data           4  system_stm32f4xx.o(.data)
    AHBPrescTable                            0x20000004   Data          16  system_stm32f4xx.o(.data)
    num_a                                    0x20000014   Data           1  main.o(.data)
    ch455_key                                0x20000015   Data           1  main.o(.data)
    PWMcnt                                   0x20000018   Data           4  stm32f4xx_it.o(.data)
    opendoortime                             0x2000001c   Data           4  stm32f4xx_it.o(.data)
    TimingDelay                              0x20000038   Data           4  delay.o(.data)
    key                                      0x2000003c   Data           1  key.o(.data)
    mode                                     0x20000042   Data           1  as608_test.o(.data)
    flag1                                    0x20000043   Data           1  as608_test.o(.data)
    flag2                                    0x20000044   Data           1  as608_test.o(.data)
    flag3                                    0x20000045   Data           1  as608_test.o(.data)
    flag4                                    0x20000046   Data           1  as608_test.o(.data)
    flag5                                    0x20000047   Data           1  as608_test.o(.data)
    flag6                                    0x20000048   Data           1  as608_test.o(.data)
    flag7                                    0x20000049   Data           1  as608_test.o(.data)
    flag8                                    0x2000004a   Data           1  as608_test.o(.data)
    flag9                                    0x2000004b   Data           1  as608_test.o(.data)
    flag10                                   0x2000004c   Data           1  as608_test.o(.data)
    flag11                                   0x2000004d   Data           1  as608_test.o(.data)
    flag12                                   0x2000004e   Data           1  as608_test.o(.data)
    Password_count                           0x2000004f   Data           1  as608_test.o(.data)
    Password                                 0x20000050   Data           3  as608_test.o(.data)
    Password1                                0x20000053   Data           3  as608_test.o(.data)
    x                                        0x20000056   Data           1  as608_test.o(.data)
    y                                        0x20000057   Data           1  as608_test.o(.data)
    a                                        0x20000058   Data           1  as608_test.o(.data)
    flag0                                    0x2000005c   Data           4  as608_test.o(.data)
    flag00                                   0x20000060   Data           4  as608_test.o(.data)
    AS608_Addr                               0x200000f4   Data           4  bsp_as608.o(.data)
    POINT_COLOR                              0x200000f8   Data           2  lcd.o(.data)
    BACK_COLOR                               0x200000fa   Data           2  lcd.o(.data)
    W25QXX_TYPE                              0x20000100   Data           2  w25qxx.o(.data)
    WriteBuf                                 0x20000102   Data          10  w25qxx.o(.data)
    display_flag                             0x2000010c   Data           1  mp3.o(.data)
    flag                                     0x2000010d   Data           1  mp3.o(.data)
    PWMflag                                  0x2000010e   Data           1  mp3.o(.data)
    volume                                   0x2000010f   Data           6  mp3.o(.data)
    tp_dev                                   0x20000118   Data          52  touch.o(.data)
    disp_flush_enabled                       0x2000014d   Data           1  lv_port_disp.o(.data)
    indev_touchpad                           0x20000150   Data           4  lv_port_indev.o(.data)
    indev_mouse                              0x20000154   Data           4  lv_port_indev.o(.data)
    indev_keypad                             0x20000158   Data           4  lv_port_indev.o(.data)
    indev_encoder                            0x2000015c   Data           4  lv_port_indev.o(.data)
    indev_button                             0x20000160   Data           4  lv_port_indev.o(.data)
    _lv_layout_list                          0x200001b0   Data           4  lv_gc.o(.data)
    _lv_timer_act                            0x200001b4   Data           4  lv_gc.o(.data)
    _lv_theme_default_styles                 0x200001b8   Data           4  lv_gc.o(.data)
    _lv_theme_basic_styles                   0x200001bc   Data           4  lv_gc.o(.data)
    _lv_grad_cache_mem                       0x200001c0   Data           4  lv_gc.o(.data)
    _lv_style_custom_prop_flag_lookup_table  0x200001c4   Data           4  lv_gc.o(.data)
    _lv_style_custom_prop_flag_lookup_table_size 0x200001dc   Data           4  lv_style.o(.data)
    _lv_txt_encoded_size                     0x200001f8   Data           4  lv_txt.o(.data)
    _lv_txt_unicode_to_encoded               0x200001fc   Data           4  lv_txt.o(.data)
    _lv_txt_encoded_conv_wc                  0x20000200   Data           4  lv_txt.o(.data)
    _lv_txt_encoded_next                     0x20000204   Data           4  lv_txt.o(.data)
    _lv_txt_encoded_prev                     0x20000208   Data           4  lv_txt.o(.data)
    _lv_txt_encoded_get_byte_id              0x2000020c   Data           4  lv_txt.o(.data)
    _lv_txt_encoded_get_char_id              0x20000210   Data           4  lv_txt.o(.data)
    _lv_txt_get_encoded_length               0x20000214   Data           4  lv_txt.o(.data)
    LV_LAYOUT_FLEX                           0x20000240   Data           2  lv_flex.o(.data)
    LV_STYLE_FLEX_FLOW                       0x20000242   Data           2  lv_flex.o(.data)
    LV_STYLE_FLEX_MAIN_PLACE                 0x20000244   Data           2  lv_flex.o(.data)
    LV_STYLE_FLEX_CROSS_PLACE                0x20000246   Data           2  lv_flex.o(.data)
    LV_STYLE_FLEX_TRACK_PLACE                0x20000248   Data           2  lv_flex.o(.data)
    LV_STYLE_FLEX_GROW                       0x2000024a   Data           2  lv_flex.o(.data)
    LV_LAYOUT_GRID                           0x2000024c   Data           2  lv_grid.o(.data)
    LV_STYLE_GRID_COLUMN_DSC_ARRAY           0x2000024e   Data           2  lv_grid.o(.data)
    LV_STYLE_GRID_COLUMN_ALIGN               0x20000250   Data           2  lv_grid.o(.data)
    LV_STYLE_GRID_ROW_DSC_ARRAY              0x20000252   Data           2  lv_grid.o(.data)
    LV_STYLE_GRID_ROW_ALIGN                  0x20000254   Data           2  lv_grid.o(.data)
    LV_STYLE_GRID_CELL_COLUMN_POS            0x20000256   Data           2  lv_grid.o(.data)
    LV_STYLE_GRID_CELL_COLUMN_SPAN           0x20000258   Data           2  lv_grid.o(.data)
    LV_STYLE_GRID_CELL_X_ALIGN               0x2000025a   Data           2  lv_grid.o(.data)
    LV_STYLE_GRID_CELL_ROW_POS               0x2000025c   Data           2  lv_grid.o(.data)
    LV_STYLE_GRID_CELL_ROW_SPAN              0x2000025e   Data           2  lv_grid.o(.data)
    LV_STYLE_GRID_CELL_Y_ALIGN               0x20000260   Data           2  lv_grid.o(.data)
    __stdout                                 0x2000038c   Data           4  stdout.o(.data)
    ReceiveBuffer                            0x20000390   Data         300  usart.o(.bss)
    Uart6ReceiveBuf                          0x200004bc   Data         300  usart.o(.bss)
    Uart6                                    0x200005e8   Data          12  usart.o(.bss)
    Uart3                                    0x200005f4   Data          12  usart.o(.bss)
    node_data                                0x2000060c   Data          16  rx_data_queue.o(.bss)
    rx_queue                                 0x2000061c   Data          28  rx_data_queue.o(.bss)
    node_buff                                0x20000638   Data          60  rx_data_queue.o(.bss)
    lcddev                                   0x20000674   Data          14  lcd.o(.bss)
    ReadBuf                                  0x20000682   Data          10  w25qxx.o(.bss)
    W25QXX_BUFFER                            0x2000068c   Data        4096  w25qxx.o(.bss)
    databuf                                  0x2000168c   Data          20  mp3.o(.bss)
    _lv_timer_ll                             0x200055ac   Data          12  lv_gc.o(.bss)
    _lv_disp_ll                              0x200055b8   Data          12  lv_gc.o(.bss)
    _lv_indev_ll                             0x200055c4   Data          12  lv_gc.o(.bss)
    _lv_fsdrv_ll                             0x200055d0   Data          12  lv_gc.o(.bss)
    _lv_anim_ll                              0x200055dc   Data          12  lv_gc.o(.bss)
    _lv_group_ll                             0x200055e8   Data          12  lv_gc.o(.bss)
    _lv_img_decoder_ll                       0x200055f4   Data          12  lv_gc.o(.bss)
    _lv_obj_style_trans_ll                   0x20005600   Data          12  lv_gc.o(.bss)
    _lv_img_cache_single                     0x2000560c   Data          44  lv_gc.o(.bss)
    lv_mem_buf                               0x20005638   Data         128  lv_gc.o(.bss)
    _lv_circle_cache                         0x200056b8   Data         112  lv_gc.o(.bss)
    _lv_draw_mask_list                       0x20005728   Data         128  lv_gc.o(.bss)
    __initial_sp                             0x20019910   Data           0  startup_stm32f4xx.o(STACK)



==============================================================================

Memory Map of the image

  Image Entry point : 0x08000189

  Load Region LR_IROM1 (Base: 0x08000000, Size: 0x00090e78, Max: 0x00100000, ABSOLUTE, COMPRESSED[0x00090c08])

    Execution Region ER_IROM1 (Base: 0x08000000, Size: 0x00090ae8, Max: 0x00100000, ABSOLUTE)

    Base Addr    Size         Type   Attr      Idx    E Section Name        Object

    0x08000000   0x00000188   Data   RO          132    RESET               startup_stm32f4xx.o
    0x08000188   0x00000000   Code   RO        25412  * .ARM.Collect$$$$00000000  mc_w.l(entry.o)
    0x08000188   0x00000004   Code   RO        25708    .ARM.Collect$$$$00000001  mc_w.l(entry2.o)
    0x0800018c   0x00000004   Code   RO        25711    .ARM.Collect$$$$00000004  mc_w.l(entry5.o)
    0x08000190   0x00000000   Code   RO        25713    .ARM.Collect$$$$00000008  mc_w.l(entry7b.o)
    0x08000190   0x00000000   Code   RO        25715    .ARM.Collect$$$$0000000A  mc_w.l(entry8b.o)
    0x08000190   0x00000008   Code   RO        25716    .ARM.Collect$$$$0000000B  mc_w.l(entry9a.o)
    0x08000198   0x00000000   Code   RO        25718    .ARM.Collect$$$$0000000D  mc_w.l(entry10a.o)
    0x08000198   0x00000000   Code   RO        25720    .ARM.Collect$$$$0000000F  mc_w.l(entry11a.o)
    0x08000198   0x00000004   Code   RO        25709    .ARM.Collect$$$$00002712  mc_w.l(entry2.o)
    0x0800019c   0x00000210   Code   RO            3    .text               system_stm32f4xx.o
    0x080003ac   0x00000024   Code   RO          133    .text               startup_stm32f4xx.o
    0x080003d0   0x000000a4   Code   RO          139    .text               main.o
    0x08000474   0x00000220   Code   RO          667    .text               stm32f4xx_it.o
    0x08000694   0x000000e0   Code   RO          711    .text               misc.o
    0x08000774   0x0000011c   Code   RO          951    .text               stm32f4xx_exti.o
    0x08000890   0x00000608   Code   RO          991    .text               stm32f4xx_fsmc.o
    0x08000e98   0x0000025c   Code   RO         1011    .text               stm32f4xx_gpio.o
    0x080010f4   0x00000588   Code   RO         1151    .text               stm32f4xx_rcc.o
    0x0800167c   0x000003f8   Code   RO         1233    .text               stm32f4xx_spi.o
    0x08001a74   0x0000008c   Code   RO         1253    .text               stm32f4xx_syscfg.o
    0x08001b00   0x00000ca2   Code   RO         1273    .text               stm32f4xx_tim.o
    0x080027a2   0x00000002   PAD
    0x080027a4   0x0000041a   Code   RO         1293    .text               stm32f4xx_usart.o
    0x08002bbe   0x00000002   PAD
    0x08002bc0   0x000000a8   Code   RO         1333    .text               delay.o
    0x08002c68   0x00000074   Code   RO         1406    .text               led.o
    0x08002cdc   0x00000208   Code   RO         1426    .text               usart.o
    0x08002ee4   0x00000174   Code   RO         1452    .text               key.o
    0x08003058   0x00002254   Code   RO         1527    .text               as608_test.o
    0x080052ac   0x00000af0   Code   RO         1779    .text               bsp_as608.o
    0x08005d9c   0x000001d8   Code   RO         1806    .text               rx_data_queue.o
    0x08005f74   0x00000154   Code   RO         1839    .text               bsp_debug_usart.o
    0x080060c8   0x00001c60   Code   RO         1859    .text               lcd.o
    0x08007d28   0x000004b4   Code   RO         1892    .text               w25qxx.o
    0x080081dc   0x000000f4   Code   RO         1923    .text               spi.o
    0x080082d0   0x00000184   Code   RO         1943    .text               mp3.o
    0x08008454   0x00000054   Code   RO         1971    .text               touch.o
    0x080084a8   0x000003fc   Code   RO         2005    .text               gt9147.o
    0x080088a4   0x0000025c   Code   RO         2036    .text               ctiic.o
    0x08008b00   0x00000464   Code   RO         2057    .text               sys.o
    0x08008f64   0x0000008c   Code   RO         2080    .text               lv_port_disp.o
    0x08008ff0   0x000001b4   Code   RO         2313    .text               lv_port_indev.o
    0x080091a4   0x00001428   Code   RO         2355    .text               lv_arc.o
    0x0800a5cc   0x00000ae8   Code   RO         2525    .text               lv_bar.o
    0x0800b0b4   0x0000003c   Code   RO         2627    .text               lv_btn.o
    0x0800b0f0   0x00001558   Code   RO         2651    .text               lv_btnmatrix.o
    0x0800c648   0x00000554   Code   RO         2835    .text               lv_checkbox.o
    0x0800cb9c   0x00001388   Code   RO         2926    .text               lv_dropdown.o
    0x0800df24   0x00000eb8   Code   RO         3024    .text               lv_img.o
    0x0800eddc   0x00001668   Code   RO         3121    .text               lv_label.o
    0x08010444   0x00000284   Code   RO         3218    .text               lv_line.o
    0x080106c8   0x00000df0   Code   RO         3243    .text               lv_roller.o
    0x080114b8   0x00000bc2   Code   RO         3325    .text               lv_slider.o
    0x0801207a   0x00000002   PAD
    0x0801207c   0x0000046a   Code   RO         3438    .text               lv_switch.o
    0x080124e6   0x00000002   PAD
    0x080124e8   0x00001710   Code   RO         3539    .text               lv_table.o
    0x08013bf8   0x000016ce   Code   RO         3622    .text               lv_textarea.o
    0x080152c6   0x00000002   PAD
    0x080152c8   0x00000664   Code   RO         3721    .text               lv_anim.o
    0x0801592c   0x00000c10   Code   RO         3814    .text               lv_area.o
    0x0801653c   0x000000ac   Code   RO         3830    .text               lv_async.o
    0x080165e8   0x000004c8   Code   RO         3874    .text               lv_color.o
    0x08016ab0   0x000006bc   Code   RO         3890    .text               lv_fs.o
    0x0801716c   0x000000dc   Code   RO         3930    .text               lv_gc.o
    0x08017248   0x00000342   Code   RO         3955    .text               lv_ll.o
    0x0801758a   0x00000002   PAD
    0x0801758c   0x00000264   Code   RO         3988    .text               lv_math.o
    0x080177f0   0x000006ea   Code   RO         4003    .text               lv_mem.o
    0x08017eda   0x00000002   PAD
    0x08017edc   0x00000968   Code   RO         4021    .text               lv_printf.o
    0x08018844   0x000006a0   Code   RO         4033    .text               lv_style.o
    0x08018ee4   0x000006e0   Code   RO         4102    .text               lv_style_gen.o
    0x080195c4   0x000002a0   Code   RO         4128    .text               lv_timer.o
    0x08019864   0x00000db0   Code   RO         4142    .text               lv_tlsf.o
    0x0801a614   0x000008e4   Code   RO         4157    .text               lv_txt.o
    0x0801aef8   0x00000054   Code   RO         4260    .text               lv_utils.o
    0x0801af4c   0x00000a3c   Code   RO         4275    .text               lv_hal_disp.o
    0x0801b988   0x000001cc   Code   RO         4478    .text               lv_hal_indev.o
    0x0801bb54   0x0000004c   Code   RO         4643    .text               lv_hal_tick.o
    0x0801bba0   0x0000011a   Code   RO         4666    .text               lv_font.o
    0x0801bcba   0x00000002   PAD
    0x0801bcbc   0x000003e0   Code   RO         5119    .text               lv_font_fmt_txt.o
    0x0801c09c   0x0000000c   Code   RO         5745    .text               lv_extra.o
    0x0801c0a8   0x00000f0c   Code   RO         6161    .text               lv_flex.o
    0x0801cfb4   0x00000f2c   Code   RO         6335    .text               lv_grid.o
    0x0801dee0   0x00003264   Code   RO        13079    .text               lv_theme_default.o
    0x08021144   0x00000614   Code   RO        14344    .text               lv_calendar.o
    0x08021758   0x00000220   Code   RO        14764    .text               lv_calendar_header_arrow.o
    0x08021978   0x0000028c   Code   RO        14953    .text               lv_calendar_header_dropdown.o
    0x08021c04   0x00002a12   Code   RO        15066    .text               lv_chart.o
    0x08024616   0x00000002   PAD
    0x08024618   0x00000e66   Code   RO        15484    .text               lv_colorwheel.o
    0x0802547e   0x00000002   PAD
    0x08025480   0x00000424   Code   RO        16321    .text               lv_keyboard.o
    0x080258a4   0x00000440   Code   RO        16502    .text               lv_led.o
    0x08025ce4   0x000009d8   Code   RO        17109    .text               lv_menu.o
    0x080266bc   0x00001038   Code   RO        17292    .text               lv_meter.o
    0x080276f4   0x00000694   Code   RO        18547    .text               lv_spinbox.o
    0x08027d88   0x000000f8   Code   RO        18965    .text               lv_spinner.o
    0x08027e80   0x0000067c   Code   RO        19384    .text               lv_tabview.o
    0x080284fc   0x000002bc   Code   RO        19803    .text               lv_tileview.o
    0x080287b8   0x00000140   Code   RO        19974    .text               lv_win.o
    0x080288f8   0x00000012   Code   RO        20393    .text               lv_draw.o
    0x0802890a   0x000004d2   Code   RO        20533    .text               lv_draw_arc.o
    0x08028ddc   0x000004c0   Code   RO        20584    .text               lv_draw_img.o
    0x0802929c   0x00000880   Code   RO        20702    .text               lv_draw_label.o
    0x08029b1c   0x000000ee   Code   RO        20796    .text               lv_draw_layer.o
    0x08029c0a   0x00000086   Code   RO        20853    .text               lv_draw_line.o
    0x08029c90   0x00001da0   Code   RO        21005    .text               lv_draw_mask.o
    0x0802ba30   0x00000110   Code   RO        21070    .text               lv_draw_rect.o
    0x0802bb40   0x00000042   Code   RO        21125    .text               lv_draw_transform.o
    0x0802bb82   0x00000002   PAD
    0x0802bb84   0x0000099a   Code   RO        21170    .text               lv_img_buf.o
    0x0802c51e   0x00000002   PAD
    0x0802c520   0x00000064   Code   RO        21210    .text               lv_img_cache.o
    0x0802c584   0x00000ae8   Code   RO        21257    .text               lv_img_decoder.o
    0x0802d06c   0x0000011c   Code   RO        21484    .text               lv_draw_sw.o
    0x0802d188   0x00000daa   Code   RO        21624    .text               lv_draw_sw_arc.o
    0x0802df32   0x00000002   PAD
    0x0802df34   0x00001014   Code   RO        21725    .text               lv_draw_sw_blend.o
    0x0802ef48   0x00000550   Code   RO        21862    .text               lv_draw_sw_gradient.o
    0x0802f498   0x000005d6   Code   RO        21920    .text               lv_draw_sw_img.o
    0x0802fa6e   0x0000023c   Code   RO        22014    .text               lv_draw_sw_layer.o
    0x0802fcaa   0x00000002   PAD
    0x0802fcac   0x00000518   Code   RO        22098    .text               lv_draw_sw_letter.o
    0x080301c4   0x000009f8   Code   RO        22194    .text               lv_draw_sw_line.o
    0x08030bbc   0x00000394   Code   RO        22286    .text               lv_draw_sw_polygon.o
    0x08030f50   0x00002058   Code   RO        22351    .text               lv_draw_sw_rect.o
    0x08032fa8   0x0000084a   Code   RO        22438    .text               lv_draw_sw_transform.o
    0x080337f2   0x00000002   PAD
    0x080337f4   0x00000790   Code   RO        23346    .text               lv_disp.o
    0x08033f84   0x000007f6   Code   RO        23516    .text               lv_event.o
    0x0803477a   0x00000002   PAD
    0x0803477c   0x0000071c   Code   RO        23655    .text               lv_group.o
    0x08034e98   0x000013bc   Code   RO        23816    .text               lv_indev.o
    0x08036254   0x00000e66   Code   RO        23875    .text               lv_indev_scroll.o
    0x080370ba   0x00000002   PAD
    0x080370bc   0x00001232   Code   RO        23960    .text               lv_obj.o
    0x080382ee   0x0000022a   Code   RO        24301    .text               lv_obj_class.o
    0x08038518   0x000009f2   Code   RO        24315    .text               lv_obj_draw.o
    0x08038f0a   0x00000002   PAD
    0x08038f0c   0x00001ee8   Code   RO        24467    .text               lv_obj_pos.o
    0x0803adf4   0x00001598   Code   RO        24565    .text               lv_obj_scroll.o
    0x0803c38c   0x000013cc   Code   RO        24665    .text               lv_obj_style.o
    0x0803d758   0x00000848   Code   RO        24764    .text               lv_obj_style_gen.o
    0x0803dfa0   0x00000666   Code   RO        24809    .text               lv_obj_tree.o
    0x0803e606   0x00000002   PAD
    0x0803e608   0x00001810   Code   RO        24885    .text               lv_refr.o
    0x0803fe18   0x00000100   Code   RO        24996    .text               lv_theme.o
    0x0803ff18   0x00000062   Code   RO        25415    .text               mc_w.l(uldiv.o)
    0x0803ff7a   0x00000040   Code   RO        25419    .text               mc_w.l(memmovea.o)
    0x0803ffba   0x00000024   Code   RO        25421    .text               mc_w.l(memseta.o)
    0x0803ffde   0x00000018   Code   RO        25423    .text               mc_w.l(strcat.o)
    0x0803fff6   0x0000000e   Code   RO        25427    .text               mc_w.l(strlen.o)
    0x08040004   0x0000001c   Code   RO        25429    .text               mc_w.l(strcmp.o)
    0x08040020   0x0000001a   Code   RO        25431    .text               mc_w.l(memcmp.o)
    0x0804003a   0x00000012   Code   RO        25433    .text               mc_w.l(strcpy.o)
    0x0804004c   0x0000001e   Code   RO        25725    .text               mc_w.l(llshl.o)
    0x0804006a   0x00000020   Code   RO        25727    .text               mc_w.l(llushr.o)
    0x0804008a   0x00000002   PAD
    0x0804008c   0x00000024   Code   RO        25738    .text               mc_w.l(init.o)
    0x080400b0   0x00000056   Code   RO        25750    .text               mc_w.l(__dczerorl2.o)
    0x08040106   0x00000002   PAD
    0x08040108   0x00000020   Code   RO        25572    i.__0printf$5       mc_w.l(printf5.o)
    0x08040128   0x00000028   Code   RO        25574    i.__0sprintf$5      mc_w.l(printf5.o)
    0x08040150   0x0000000e   Code   RO        25744    i.__scatterload_copy  mc_w.l(handlers.o)
    0x0804015e   0x00000002   Code   RO        25745    i.__scatterload_null  mc_w.l(handlers.o)
    0x08040160   0x0000000e   Code   RO        25746    i.__scatterload_zeroinit  mc_w.l(handlers.o)
    0x0804016e   0x00000002   PAD
    0x08040170   0x000002c0   Code   RO        25579    i._printf_core      mc_w.l(printf5.o)
    0x08040430   0x0000000a   Code   RO        25581    i._sputc            mc_w.l(printf5.o)
    0x0804043a   0x00000002   PAD
    0x0804043c   0x00000008   Data   RO         1529    .constdata          as608_test.o
    0x08040444   0x00042d60   Data   RO         1861    .constdata          lcd.o
    0x080831a4   0x000000c2   Data   RO         2006    .constdata          gt9147.o
    0x08083266   0x00000002   PAD
    0x08083268   0x0000001c   Data   RO         2356    .constdata          lv_arc.o
    0x08083284   0x0000001c   Data   RO         2526    .constdata          lv_bar.o
    0x080832a0   0x0000001c   Data   RO         2628    .constdata          lv_btn.o
    0x080832bc   0x0000001c   Data   RO         2652    .constdata          lv_btnmatrix.o
    0x080832d8   0x0000001c   Data   RO         2836    .constdata          lv_checkbox.o
    0x080832f4   0x00000038   Data   RO         2927    .constdata          lv_dropdown.o
    0x0808332c   0x0000001c   Data   RO         3025    .constdata          lv_img.o
    0x08083348   0x0000001c   Data   RO         3122    .constdata          lv_label.o
    0x08083364   0x0000001c   Data   RO         3219    .constdata          lv_line.o
    0x08083380   0x00000038   Data   RO         3244    .constdata          lv_roller.o
    0x080833b8   0x0000001c   Data   RO         3326    .constdata          lv_slider.o
    0x080833d4   0x0000001c   Data   RO         3439    .constdata          lv_switch.o
    0x080833f0   0x0000001c   Data   RO         3540    .constdata          lv_table.o
    0x0808340c   0x0000001c   Data   RO         3623    .constdata          lv_textarea.o
    0x08083428   0x0000017c   Data   RO         3875    .constdata          lv_color.o
    0x080835a4   0x000000b6   Data   RO         3989    .constdata          lv_math.o
    0x0808365a   0x00000002   PAD
    0x0808365c   0x00000078   Data   RO         4034    .constdata          lv_style.o
    0x080836d4   0x00003544   Data   RO         5213    .constdata          lv_font_montserrat_14.o
    0x08086c18   0x000091a8   Data   RO         5455    .constdata          lv_font_montserrat_28.o
    0x0808fdc0   0x00000016   Data   RO        13081    .constdata          lv_theme_default.o
    0x0808fdd6   0x00000002   PAD
    0x0808fdd8   0x0000001c   Data   RO        14345    .constdata          lv_calendar.o
    0x0808fdf4   0x0000001c   Data   RO        14765    .constdata          lv_calendar_header_arrow.o
    0x0808fe10   0x0000001c   Data   RO        14954    .constdata          lv_calendar_header_dropdown.o
    0x0808fe2c   0x0000001c   Data   RO        15067    .constdata          lv_chart.o
    0x0808fe48   0x0000001c   Data   RO        15485    .constdata          lv_colorwheel.o
    0x0808fe64   0x00000392   Data   RO        16322    .constdata          lv_keyboard.o
    0x080901f6   0x00000002   PAD
    0x080901f8   0x0000001c   Data   RO        16503    .constdata          lv_led.o
    0x08090214   0x00000054   Data   RO        16921    .constdata          lv_list.o
    0x08090268   0x000000fc   Data   RO        17110    .constdata          lv_menu.o
    0x08090364   0x0000001c   Data   RO        17293    .constdata          lv_meter.o
    0x08090380   0x00000054   Data   RO        17711    .constdata          lv_msgbox.o
    0x080903d4   0x0000001c   Data   RO        18548    .constdata          lv_spinbox.o
    0x080903f0   0x0000001c   Data   RO        18966    .constdata          lv_spinner.o
    0x0809040c   0x0000001c   Data   RO        19385    .constdata          lv_tabview.o
    0x08090428   0x00000038   Data   RO        19804    .constdata          lv_tileview.o
    0x08090460   0x0000001c   Data   RO        19975    .constdata          lv_win.o
    0x0809047c   0x0000011e   Data   RO        22100    .constdata          lv_draw_sw_letter.o
    0x0809059a   0x00000021   Data   RO        22195    .constdata          lv_draw_sw_line.o
    0x080905bb   0x00000001   PAD
    0x080905bc   0x00000008   Data   RO        22287    .constdata          lv_draw_sw_polygon.o
    0x080905c4   0x0000001c   Data   RO        23961    .constdata          lv_obj.o
    0x080905e0   0x00000008   Data   RO        24468    .constdata          lv_obj_pos.o
    0x080905e8   0x0000003d   Data   RO         1530    .conststring        as608_test.o
    0x08090625   0x00000003   PAD
    0x08090628   0x00000025   Data   RO         2653    .conststring        lv_btnmatrix.o
    0x0809064d   0x00000003   PAD
    0x08090650   0x0000001b   Data   RO        14346    .conststring        lv_calendar.o
    0x0809066b   0x00000001   PAD
    0x0809066c   0x00000069   Data   RO        14766    .conststring        lv_calendar_header_arrow.o
    0x080906d5   0x00000003   PAD
    0x080906d8   0x0000028c   Data   RO        14955    .conststring        lv_calendar_header_dropdown.o
    0x08090964   0x00000164   Data   RO        16323    .conststring        lv_keyboard.o
    0x08090ac8   0x00000020   Data   RO        25742    Region$$Table       anon$$obj.o


    Execution Region RW_IRAM1 (Base: 0x20000000, Size: 0x00019910, Max: 0x00020000, ABSOLUTE, COMPRESSED[0x00000120])

    Base Addr    Size         Type   Attr      Idx    E Section Name        Object

    0x20000000   0x00000014   Data   RW            4    .data               system_stm32f4xx.o
    0x20000014   0x00000002   Data   RW          141    .data               main.o
    0x20000016   0x00000002   PAD
    0x20000018   0x0000000d   Data   RW          668    .data               stm32f4xx_it.o
    0x20000025   0x00000010   Data   RW         1152    .data               stm32f4xx_rcc.o
    0x20000035   0x00000003   PAD
    0x20000038   0x00000004   Data   RW         1334    .data               delay.o
    0x2000003c   0x00000002   Data   RW         1453    .data               key.o
    0x2000003e   0x00000002   PAD
    0x20000040   0x000000b4   Data   RW         1531    .data               as608_test.o
    0x200000f4   0x00000004   Data   RW         1780    .data               bsp_as608.o
    0x200000f8   0x00000008   Data   RW         1862    .data               lcd.o
    0x20000100   0x0000000c   Data   RW         1894    .data               w25qxx.o
    0x2000010c   0x00000009   Data   RW         1945    .data               mp3.o
    0x20000115   0x00000003   PAD
    0x20000118   0x00000034   Data   RW         1972    .data               touch.o
    0x2000014c   0x00000001   Data   RW         2007    .data               gt9147.o
    0x2000014d   0x00000001   Data   RW         2082    .data               lv_port_disp.o
    0x2000014e   0x00000002   PAD
    0x20000150   0x00000025   Data   RW         2315    .data               lv_port_indev.o
    0x20000175   0x00000003   PAD
    0x20000178   0x0000001c   Data   RW         2654    .data               lv_btnmatrix.o
    0x20000194   0x00000004   Data   RW         3624    .data               lv_textarea.o
    0x20000198   0x0000000c   Data   RW         3722    .data               lv_anim.o
    0x200001a4   0x0000000c   Data   RW         3815    .data               lv_area.o
    0x200001b0   0x00000018   Data   RW         3932    .data               lv_gc.o
    0x200001c8   0x00000004   Data   RW         3990    .data               lv_math.o
    0x200001cc   0x00000010   Data   RW         4005    .data               lv_mem.o
    0x200001dc   0x00000006   Data   RW         4035    .data               lv_style.o
    0x200001e2   0x00000002   PAD
    0x200001e4   0x00000014   Data   RW         4129    .data               lv_timer.o
    0x200001f8   0x00000020   Data   RW         4158    .data               lv_txt.o
    0x20000218   0x0000000d   Data   RW         4276    .data               lv_hal_disp.o
    0x20000225   0x00000003   PAD
    0x20000228   0x00000005   Data   RW         4644    .data               lv_hal_tick.o
    0x2000022d   0x00000003   PAD
    0x20000230   0x00000008   Data   RW         5214    .data               lv_font_montserrat_14.o
    0x20000238   0x00000008   Data   RW         5456    .data               lv_font_montserrat_28.o
    0x20000240   0x0000000c   Data   RW         6162    .data               lv_flex.o
    0x2000024c   0x00000016   Data   RW         6336    .data               lv_grid.o
    0x20000262   0x00000002   PAD
    0x20000264   0x00000020   Data   RW        13082    .data               lv_theme_default.o
    0x20000284   0x0000001c   Data   RW        14347    .data               lv_calendar.o
    0x200002a0   0x00000030   Data   RW        14767    .data               lv_calendar_header_arrow.o
    0x200002d0   0x00000008   Data   RW        14956    .data               lv_calendar_header_dropdown.o
    0x200002d8   0x0000000a   Data   RW        15486    .data               lv_colorwheel.o
    0x200002e2   0x00000002   PAD
    0x200002e4   0x00000048   Data   RW        16324    .data               lv_keyboard.o
    0x2000032c   0x00000008   Data   RW        18967    .data               lv_spinner.o
    0x20000334   0x00000004   Data   RW        19386    .data               lv_tabview.o
    0x20000338   0x0000000c   Data   RW        19805    .data               lv_tileview.o
    0x20000344   0x00000002   Data   RW        19976    .data               lv_win.o
    0x20000346   0x00000002   PAD
    0x20000348   0x00000009   Data   RW        21863    .data               lv_draw_sw_gradient.o
    0x20000351   0x00000003   PAD
    0x20000354   0x00000008   Data   RW        22101    .data               lv_draw_sw_letter.o
    0x2000035c   0x00000008   Data   RW        23517    .data               lv_event.o
    0x20000364   0x00000004   Data   RW        23656    .data               lv_group.o
    0x20000368   0x00000009   Data   RW        23817    .data               lv_indev.o
    0x20000371   0x00000003   PAD
    0x20000374   0x00000008   Data   RW        23962    .data               lv_obj.o
    0x2000037c   0x00000005   Data   RW        24469    .data               lv_obj_pos.o
    0x20000381   0x00000001   Data   RW        24666    .data               lv_obj_style.o
    0x20000382   0x00000002   PAD
    0x20000384   0x00000008   Data   RW        24887    .data               lv_refr.o
    0x2000038c   0x00000004   Data   RW        25722    .data               mc_w.l(stdout.o)
    0x20000390   0x00000270   Zero   RW         1427    .bss                usart.o
    0x20000600   0x00000009   Zero   RW         1528    .bss                as608_test.o
    0x20000609   0x00000003   PAD
    0x2000060c   0x00000068   Zero   RW         1807    .bss                rx_data_queue.o
    0x20000674   0x0000000e   Zero   RW         1860    .bss                lcd.o
    0x20000682   0x0000100a   Zero   RW         1893    .bss                w25qxx.o
    0x2000168c   0x00000014   Zero   RW         1944    .bss                mp3.o
    0x200016a0   0x00003eec   Zero   RW         2081    .bss                lv_port_disp.o
    0x2000558c   0x00000020   Zero   RW         2314    .bss                lv_port_indev.o
    0x200055ac   0x000001fc   Zero   RW         3931    .bss                lv_gc.o
    0x200057a8   0x00010000   Zero   RW         4004    .bss                lv_mem.o
    0x200157a8   0x0000004c   Zero   RW        13080    .bss                lv_theme_default.o
    0x200157f4   0x00000100   Zero   RW        22099    .bss                lv_draw_sw_letter.o
    0x200158f4   0x00000018   Zero   RW        24886    .bss                lv_refr.o
    0x2001590c   0x00000004   PAD
    0x20015910   0x00004000   Zero   RW          130    STACK               startup_stm32f4xx.o


==============================================================================

Image component sizes


      Code (inc. data)   RO Data    RW Data    ZI Data      Debug   Object Name

      8788       1600         69        180          9      50967   as608_test.o
      2800        622          0          4          0       6683   bsp_as608.o
       340          8          0          0          0       2432   bsp_debug_usart.o
       604         18          0          0          0       2109   ctiic.o
       168         16          0          4          0      28196   delay.o
      1020         46        194          1          0       3222   gt9147.o
       372         24          0          2          0       3016   key.o
      7264         94     273760          8         14      16727   lcd.o
       116          4          0          0          0        671   led.o
      1636         32          0         12          0      30365   lv_anim.o
      5160         10         28          0          0      78099   lv_arc.o
      3088         34          0         12          0      11768   lv_area.o
       172          4          0          0          0       2497   lv_async.o
      2792         28         28          0          0      58723   lv_bar.o
         0          0          0          0          0       5551   lv_bidi.o
        60          6         28          0          0       1727   lv_btn.o
      5464         24         65         28          0      55915   lv_btnmatrix.o
      1556         28         55         28          0      62278   lv_calendar.o
       544         32        133         48          0      54243   lv_calendar_header_arrow.o
       652         28        680          8          0      37224   lv_calendar_header_dropdown.o
     10770         28         28          0          0      94646   lv_chart.o
      1364         16         28          0          0      48328   lv_checkbox.o
      1224         24        380          0          0      11388   lv_color.o
      3686         34         28         10          0      79873   lv_colorwheel.o
      1936         36          0          0          0      59047   lv_disp.o
        18          0          0          0          0      33304   lv_draw.o
      1234          0          0          0          0      22880   lv_draw_arc.o
      1216         38          0          0          0      30717   lv_draw_img.o
      2176         20          0          0          0      28872   lv_draw_label.o
       238          0          0          0          0      19521   lv_draw_layer.o
       134          0          0          0          0      32622   lv_draw_line.o
      7584         40          0          0          0      26149   lv_draw_mask.o
       272          6          0          0          0      23631   lv_draw_rect.o
       284         52          0          0          0      41683   lv_draw_sw.o
      3498          0          0          0          0      36554   lv_draw_sw_arc.o
      4116         16          0          0          0      53011   lv_draw_sw_blend.o
      1360         32          0          9          0      21350   lv_draw_sw_gradient.o
      1494          0          0          0          0      30783   lv_draw_sw_img.o
       572          0          0          0          0      34109   lv_draw_sw_layer.o
      1304         28        286          8        256      24195   lv_draw_sw_letter.o
      2552          4         33          0          0      25496   lv_draw_sw_line.o
       916          6          8          0          0      21187   lv_draw_sw_polygon.o
      8280          0          0          0          0      32308   lv_draw_sw_rect.o
      2122          4          0          0          0      41498   lv_draw_sw_transform.o
        66          0          0          0          0      13224   lv_draw_transform.o
      5000         64         56          0          0      59881   lv_dropdown.o
      2038         36          0          8          0      53099   lv_event.o
        12          0          0          0          0        612   lv_extra.o
      3852         82          0         12          0      75409   lv_flex.o
       282          0          0          0          0       6967   lv_font.o
         0          0          0          0          0       4636   lv_font_dejavu_16_persian_hebrew.o
       992         14          0          0          0       7433   lv_font_fmt_txt.o
         0          0      13636          8          0       2788   lv_font_montserrat_14.o
         0          0      37288          8          0       2788   lv_font_montserrat_28.o
      1724         16          0          0          0      10043   lv_fs.o
       220         72          0         24        508       2446   lv_gc.o
      3884        110          0         22          0      82013   lv_grid.o
      1820         26          0          4          0      57736   lv_group.o
      2620         86          0         13          0      61973   lv_hal_disp.o
       460         10          0          0          0      49727   lv_hal_indev.o
        76         10          0          5          0       1896   lv_hal_tick.o
      3768         10         28          0          0      55218   lv_img.o
      2458         38          0          0          0      16903   lv_img_buf.o
       100          6          0          0          0       6319   lv_img_cache.o
      2792         34          0          0          0      18493   lv_img_decoder.o
      5052         52          0          9          0      36784   lv_indev.o
      3686          8          0          0          0      50895   lv_indev_scroll.o
      1060         66       1270         72          0      59690   lv_keyboard.o
      5736         74         28          0          0      64969   lv_label.o
      1088          8         28          0          0      58159   lv_led.o
       644          4         28          0          0      13458   lv_line.o
         0          0         84          0          0      51941   lv_list.o
       834          0          0          0          0       5919   lv_ll.o
       612         10        182          4          0       3877   lv_math.o
      1770         32          0         16      65536       7087   lv_mem.o
      2520         66        252          0          0      63196   lv_menu.o
      4152         22         28          0          0      81099   lv_meter.o
         0          0         84          0          0      54907   lv_msgbox.o
      4658         44         28          8          0      61072   lv_obj.o
       554          0          0          0          0       3160   lv_obj_class.o
      2546          0          0          0          0      67893   lv_obj_draw.o
      7912         64          8          5          0      65690   lv_obj_pos.o
      5528         48          0          0          0      61452   lv_obj_scroll.o
      5068         56          0          1          0      64623   lv_obj_style.o
      2120          0          0          0          0      42743   lv_obj_style_gen.o
      1638          8          0          0          0      37849   lv_obj_tree.o
       140         22          0          1      16108      21203   lv_port_disp.o
       436         52          0         37         32       4474   lv_port_indev.o
      2408         10          0          0          0       8307   lv_printf.o
      6160         64          0          8         24      64624   lv_refr.o
      3568         88         56          0          0      54112   lv_roller.o
      3010          6         28          0          0      52834   lv_slider.o
      1684         18         28          0          0      63128   lv_spinbox.o
       248         26         28          8          0      56463   lv_spinner.o
      1696         44        120          6          0      24100   lv_style.o
      1760          0          0          0          0      36092   lv_style_gen.o
      1130         14         28          0          0      48082   lv_switch.o
      5904         18         28          0          0      60704   lv_table.o
      1660         42         28          4          0      70641   lv_tabview.o
      5838        100         28          4          0      68876   lv_textarea.o
       256          8          0          0          0      54710   lv_theme.o
     12900        516         22         32         76      66724   lv_theme_default.o
       700         24         56         12          0      55993   lv_tileview.o
       672         40          0         20          0       5593   lv_timer.o
      3504          8          0          0          0      19922   lv_tlsf.o
      2276         36          0         32          0      14865   lv_txt.o
        84          0          0          0          0       1040   lv_utils.o
       320          8         28          2          0      56032   lv_win.o
       164         20          0          2          0      36904   main.o
       224         20          0          0          0       2205   misc.o
       388         46          0          9         20       2765   mp3.o
       472         32          0          0        104       5600   rx_data_queue.o
       244          8          0          0          0       1003   spi.o
        36          8        392          0      16384        992   startup_stm32f4xx.o
       284         10          0          0          0       2707   stm32f4xx_exti.o
      1544         14          0          0          0       5819   stm32f4xx_fsmc.o
       604         36          0          0          0       4509   stm32f4xx_gpio.o
       544         64          0         13          0       3944   stm32f4xx_it.o
      1416         48          0         16          0      11571   stm32f4xx_rcc.o
      1016         22          0          0          0       7225   stm32f4xx_spi.o
       140         12          0          0          0       1855   stm32f4xx_syscfg.o
      3234         60          0          0          0      23396   stm32f4xx_tim.o
      1050         26          0          0          0       8244   stm32f4xx_usart.o
      1124         46          0          0          0       4169   sys.o
       528         46          0         20          0     280811   system_stm32f4xx.o
        84         12          0         52          0       1671   touch.o
       520         30          0          0        624       3254   usart.o
      1204         62          0         12       4106       5926   w25qxx.o

    ----------------------------------------------------------------------
    261500       5984     329780        908     103808    4254721   Object Totals
         0          0         32          0          0          0   (incl. Generated)
        38          0         19         37          7          0   (incl. Padding)

    ----------------------------------------------------------------------

      Code (inc. data)   RO Data    RW Data    ZI Data      Debug   Library Member Name

        86          0          0          0          0          0   __dczerorl2.o
         0          0          0          0          0          0   entry.o
         0          0          0          0          0          0   entry10a.o
         0          0          0          0          0          0   entry11a.o
         8          4          0          0          0          0   entry2.o
         4          0          0          0          0          0   entry5.o
         0          0          0          0          0          0   entry7b.o
         0          0          0          0          0          0   entry8b.o
         8          4          0          0          0          0   entry9a.o
        30          0          0          0          0          0   handlers.o
        36          8          0          0          0         68   init.o
        30          0          0          0          0         68   llshl.o
        32          0          0          0          0         68   llushr.o
        26          0          0          0          0         80   memcmp.o
        64          0          0          0          0         76   memmovea.o
        36          0          0          0          0        108   memseta.o
       786         62          0          0          0        336   printf5.o
         0          0          0          4          0          0   stdout.o
        24          0          0          0          0         68   strcat.o
        28          0          0          0          0         76   strcmp.o
        18          0          0          0          0         68   strcpy.o
        14          0          0          0          0         68   strlen.o
        98          0          0          0          0         92   uldiv.o

    ----------------------------------------------------------------------
      1336         78          0          4          0       1176   Library Totals
         8          0          0          0          0          0   (incl. Padding)

    ----------------------------------------------------------------------

      Code (inc. data)   RO Data    RW Data    ZI Data      Debug   Library Name

      1328         78          0          4          0       1176   mc_w.l

    ----------------------------------------------------------------------
      1336         78          0          4          0       1176   Library Totals

    ----------------------------------------------------------------------

==============================================================================


      Code (inc. data)   RO Data    RW Data    ZI Data      Debug   

    262836       6062     329780        912     103808    4232009   Grand Totals
    262836       6062     329780        288     103808    4232009   ELF Image Totals (compressed)
    262836       6062     329780        288          0          0   ROM Totals

==============================================================================

    Total RO  Size (Code + RO Data)               592616 ( 578.73kB)
    Total RW  Size (RW Data + ZI Data)            104720 ( 102.27kB)
    Total ROM Size (Code + RO Data + RW Data)     592904 ( 579.01kB)

==============================================================================

