Component: ARM Compiler 5.06 update 1 (build 61) Tool: armlink [4d35a8]

==============================================================================

Section Cross References

    system_stm32f4xx.o(.text) refers to system_stm32f4xx.o(.data) for SystemCoreClock
    startup_stm32f4xx.o(RESET) refers to startup_stm32f4xx.o(STACK) for __initial_sp
    startup_stm32f4xx.o(RESET) refers to startup_stm32f4xx.o(.text) for Reset_Handler
    startup_stm32f4xx.o(RESET) refers to stm32f4xx_it.o(.text) for NMI_Handler
    startup_stm32f4xx.o(.text) refers to system_stm32f4xx.o(.text) for SystemInit
    startup_stm32f4xx.o(.text) refers to entry.o(.ARM.Collect$$$$00000000) for __main
    main.o(.text) refers to delay.o(.text) for SysTick_Init
    main.o(.text) refers to led.o(.text) for LEDGpio_Init
    main.o(.text) refers to key.o(.text) for KEYGpio_Init
    main.o(.text) refers to w25qxx.o(.text) for W25QXX_Init
    main.o(.text) refers to lv_obj.o(.text) for lv_init
    main.o(.text) refers to lv_port_disp.o(.text) for lv_port_disp_init
    main.o(.text) refers to lv_port_indev.o(.text) for lv_port_indev_init
    main.o(.text) refers to usart.o(.text) for UART3_Configuration
    main.o(.text) refers to printf5.o(i.__0printf$5) for __2printf
    main.o(.text) refers to mp3.o(.text) for Servo_init
    main.o(.text) refers to stm32f4xx_gpio.o(.text) for GPIO_ResetBits
    main.o(.text) refers to rx_data_queue.o(.text) for rx_queue_init
    main.o(.text) refers to bsp_as608.o(.text) for AS608_Config
    main.o(.text) refers to as608_test.o(.text) for Connect_Test
    main.o(.text) refers to lcd.o(.text) for LCD_Init
    stm32f4xx_it.o(.text) refers to stm32f4xx_gpio.o(.text) for GPIO_ReadOutputDataBit
    stm32f4xx_it.o(.text) refers to stm32f4xx_tim.o(.text) for TIM_SetCompare1
    stm32f4xx_it.o(.text) refers to delay.o(.text) for TimingDelay_Decrement
    stm32f4xx_it.o(.text) refers to stm32f4xx_usart.o(.text) for USART_GetITStatus
    stm32f4xx_it.o(.text) refers to printf5.o(i.__0printf$5) for __2printf
    stm32f4xx_it.o(.text) refers to memmovea.o(.text) for __aeabi_memcpy
    stm32f4xx_it.o(.text) refers to stm32f4xx_exti.o(.text) for EXTI_GetITStatus
    stm32f4xx_it.o(.text) refers to rx_data_queue.o(.text) for cbWrite
    stm32f4xx_it.o(.text) refers to stm32f4xx_it.o(.data) for cnt
    stm32f4xx_it.o(.text) refers to mp3.o(.data) for flag
    stm32f4xx_it.o(.text) refers to usart.o(.bss) for Uart3
    stm32f4xx_it.o(.text) refers to main.o(.data) for num_a
    stm32f4xx_it.o(.text) refers to mp3.o(.bss) for databuf
    stm32f4xx_it.o(.text) refers to rx_data_queue.o(.bss) for rx_queue
    stm32f4xx_adc.o(.text) refers to stm32f4xx_rcc.o(.text) for RCC_APB2PeriphResetCmd
    stm32f4xx_can.o(.text) refers to stm32f4xx_rcc.o(.text) for RCC_APB1PeriphResetCmd
    stm32f4xx_cryp.o(.text) refers to stm32f4xx_rcc.o(.text) for RCC_AHB2PeriphResetCmd
    stm32f4xx_cryp_aes.o(.text) refers to stm32f4xx_cryp.o(.text) for CRYP_KeyStructInit
    stm32f4xx_cryp_des.o(.text) refers to stm32f4xx_cryp.o(.text) for CRYP_KeyStructInit
    stm32f4xx_cryp_tdes.o(.text) refers to stm32f4xx_cryp.o(.text) for CRYP_KeyStructInit
    stm32f4xx_dac.o(.text) refers to stm32f4xx_rcc.o(.text) for RCC_APB1PeriphResetCmd
    stm32f4xx_gpio.o(.text) refers to stm32f4xx_rcc.o(.text) for RCC_AHB1PeriphResetCmd
    stm32f4xx_hash.o(.text) refers to stm32f4xx_rcc.o(.text) for RCC_AHB2PeriphResetCmd
    stm32f4xx_hash_md5.o(.text) refers to stm32f4xx_hash.o(.text) for HASH_DeInit
    stm32f4xx_hash_sha1.o(.text) refers to stm32f4xx_hash.o(.text) for HASH_DeInit
    stm32f4xx_i2c.o(.text) refers to stm32f4xx_rcc.o(.text) for RCC_APB1PeriphResetCmd
    stm32f4xx_pwr.o(.text) refers to stm32f4xx_rcc.o(.text) for RCC_APB1PeriphResetCmd
    stm32f4xx_rcc.o(.text) refers to stm32f4xx_rcc.o(.data) for APBAHBPrescTable
    stm32f4xx_rng.o(.text) refers to stm32f4xx_rcc.o(.text) for RCC_AHB2PeriphResetCmd
    stm32f4xx_sdio.o(.text) refers to stm32f4xx_rcc.o(.text) for RCC_APB2PeriphResetCmd
    stm32f4xx_spi.o(.text) refers to stm32f4xx_rcc.o(.text) for RCC_APB2PeriphResetCmd
    stm32f4xx_syscfg.o(.text) refers to stm32f4xx_rcc.o(.text) for RCC_APB2PeriphResetCmd
    stm32f4xx_tim.o(.text) refers to stm32f4xx_rcc.o(.text) for RCC_APB2PeriphResetCmd
    stm32f4xx_usart.o(.text) refers to stm32f4xx_rcc.o(.text) for RCC_APB2PeriphResetCmd
    stm32f4xx_wwdg.o(.text) refers to stm32f4xx_rcc.o(.text) for RCC_APB1PeriphResetCmd
    delay.o(.text) refers to system_stm32f4xx.o(.data) for SystemCoreClock
    delay.o(.text) refers to delay.o(.data) for TimingDelay
    adc.o(.text) refers to stm32f4xx_rcc.o(.text) for RCC_AHB1PeriphClockCmd
    adc.o(.text) refers to stm32f4xx_gpio.o(.text) for GPIO_Init
    adc.o(.text) refers to stm32f4xx_adc.o(.text) for ADC_CommonInit
    adc.o(.text) refers to delay.o(.text) for delay_ms
[...]
    lv_draw_sw_arc                           0x0802d3c5   Thumb Code   954  lv_draw_sw_arc.o(.text)
    lv_draw_sw_blend                         0x0802d7c1   Thumb Code    50  lv_draw_sw_blend.o(.text)
    lv_draw_sw_blend_basic                   0x0802e313   Thumb Code   538  lv_draw_sw_blend.o(.text)
    lv_gradient_free_cache                   0x0802ea4f   Thumb Code    26  lv_draw_sw_gradient.o(.text)
    lv_gradient_set_cache_size               0x0802ea69   Thumb Code    60  lv_draw_sw_gradient.o(.text)
    lv_gradient_calculate                    0x0802eaa5   Thumb Code   360  lv_draw_sw_gradient.o(.text)
    lv_gradient_get                          0x0802ec0d   Thumb Code   188  lv_draw_sw_gradient.o(.text)
    lv_gradient_cleanup                      0x0802ecc9   Thumb Code    18  lv_draw_sw_gradient.o(.text)
    lv_draw_sw_img_decoded                   0x0802eee1   Thumb Code   838  lv_draw_sw_img.o(.text)
    lv_draw_sw_layer_create                  0x0802f2bb   Thumb Code   302  lv_draw_sw_layer.o(.text)
    lv_draw_sw_layer_adjust                  0x0802f3e9   Thumb Code   100  lv_draw_sw_layer.o(.text)
    lv_draw_sw_layer_blend                   0x0802f44d   Thumb Code   142  lv_draw_sw_layer.o(.text)
    lv_draw_sw_layer_destroy                 0x0802f4db   Thumb Code    14  lv_draw_sw_layer.o(.text)
    lv_draw_sw_letter                        0x0802f897   Thumb Code   378  lv_draw_sw_letter.o(.text)
    lv_draw_sw_line                          0x080301f7   Thumb Code   516  lv_draw_sw_line.o(.text)
    lv_draw_sw_polygon                       0x08030409   Thumb Code   910  lv_draw_sw_polygon.o(.text)
    draw_border_generic                      0x080308c9   Thumb Code  1422  lv_draw_sw_rect.o(.text)
    lv_draw_sw_rect                          0x0803277f   Thumb Code    60  lv_draw_sw_rect.o(.text)
    lv_draw_sw_bg                            0x080327bb   Thumb Code    30  lv_draw_sw_rect.o(.text)
    lv_draw_sw_transform                     0x08032e2d   Thumb Code   530  lv_draw_sw_transform.o(.text)
    lv_disp_get_scr_act                      0x08033041   Thumb Code    26  lv_disp.o(.text)
    lv_disp_get_scr_prev                     0x0803305b   Thumb Code    26  lv_disp.o(.text)
    lv_scr_load_anim                         0x0803319b   Thumb Code   898  lv_disp.o(.text)
    lv_disp_load_scr                         0x0803351d   Thumb Code    22  lv_disp.o(.text)
    lv_disp_get_layer_top                    0x08033533   Thumb Code    26  lv_disp.o(.text)
    lv_disp_get_layer_sys                    0x0803354d   Thumb Code    26  lv_disp.o(.text)
    lv_disp_set_theme                        0x08033567   Thumb Code    72  lv_disp.o(.text)
    lv_disp_get_theme                        0x080335af   Thumb Code    16  lv_disp.o(.text)
    lv_disp_set_bg_color                     0x080335bf   Thumb Code    76  lv_disp.o(.text)
    lv_disp_set_bg_image                     0x0803360b   Thumb Code    70  lv_disp.o(.text)
    lv_disp_set_bg_opa                       0x08033651   Thumb Code    92  lv_disp.o(.text)
    lv_disp_get_inactive_time                0x080336ad   Thumb Code    74  lv_disp.o(.text)
    lv_disp_trig_activity                    0x080336f7   Thumb Code    32  lv_disp.o(.text)
    lv_disp_clean_dcache                     0x08033717   Thumb Code    36  lv_disp.o(.text)
    lv_disp_enable_invalidation              0x0803373b   Thumb Code    46  lv_disp.o(.text)
    lv_disp_is_invalidation_enabled          0x08033769   Thumb Code    38  lv_disp.o(.text)
    _lv_disp_get_refr_timer                  0x0803378f   Thumb Code    26  lv_disp.o(.text)
    lv_obj_event_base                        0x08033887   Thumb Code    74  lv_event.o(.text)
    lv_event_send                            0x08033a09   Thumb Code   102  lv_event.o(.text)
    lv_event_get_target                      0x08033a6f   Thumb Code     6  lv_event.o(.text)
    lv_event_get_current_target              0x08033a75   Thumb Code     6  lv_event.o(.text)
    lv_event_get_code                        0x08033a7b   Thumb Code    10  lv_event.o(.text)
    lv_event_get_param                       0x08033a85   Thumb Code     6  lv_event.o(.text)
    lv_event_get_user_data                   0x08033a8b   Thumb Code     6  lv_event.o(.text)
    lv_event_stop_bubbling                   0x08033a91   Thumb Code    12  lv_event.o(.text)
    lv_event_stop_processing                 0x08033a9d   Thumb Code    12  lv_event.o(.text)
    lv_event_register_id                     0x08033aa9   Thumb Code    16  lv_event.o(.text)
    _lv_event_mark_deleted                   0x08033ab9   Thumb Code    38  lv_event.o(.text)
    lv_obj_add_event_cb                      0x08033adf   Thumb Code   172  lv_event.o(.text)
    lv_obj_remove_event_cb                   0x08033b8b   Thumb Code   174  lv_event.o(.text)
    lv_obj_remove_event_cb_with_user_data    0x08033c39   Thumb Code   198  lv_event.o(.text)
    lv_obj_remove_event_dsc                  0x08033cff   Thumb Code   172  lv_event.o(.text)
    lv_obj_get_event_user_data               0x08033dab   Thumb Code    74  lv_event.o(.text)
    lv_event_get_indev                       0x08033df5   Thumb Code   126  lv_event.o(.text)
    lv_event_get_draw_part_dsc               0x08033e73   Thumb Code    32  lv_event.o(.text)
    lv_event_get_draw_ctx                    0x08033e93   Thumb Code    56  lv_event.o(.text)
    lv_event_get_old_size                    0x08033ecb   Thumb Code    26  lv_event.o(.text)
    lv_event_get_key                         0x08033ee5   Thumb Code    36  lv_event.o(.text)
    lv_event_get_scroll_anim                 0x08033f09   Thumb Code    26  lv_event.o(.text)
    lv_event_set_ext_draw_size               0x08033f23   Thumb Code    46  lv_event.o(.text)
    lv_event_get_self_size_info              0x08033f51   Thumb Code    26  lv_event.o(.text)
    lv_event_get_hit_test_info               0x08033f6b   Thumb Code    26  lv_event.o(.text)
    lv_event_get_cover_area                  0x08033f85   Thumb Code    30  lv_event.o(.text)
    lv_event_set_cover_res                   0x08033fa3   Thumb Code    36  lv_event.o(.text)
    _lv_group_init                           0x08033fc9   Thumb Code    12  lv_group.o(.text)
    lv_group_create                          0x08033fd5   Thumb Code    92  lv_group.o(.text)
    lv_group_del                             0x0803408b   Thumb Code   150  lv_group.o(.text)
    lv_group_set_default                     0x08034121   Thumb Code     6  lv_group.o(.text)
    lv_group_get_default                     0x08034127   Thumb Code     6  lv_group.o(.text)
    lv_group_focus_prev                      0x08034257   Thumb Code    32  lv_group.o(.text)
    lv_group_focus_next                      0x08034277   Thumb Code    32  lv_group.o(.text)
    lv_group_remove_obj                      0x080342d3   Thumb Code   186  lv_group.o(.text)
    lv_group_add_obj                         0x0803438d   Thumb Code   194  lv_group.o(.text)
    lv_group_get_focused                     0x0803444f   Thumb Code    22  lv_group.o(.text)
    lv_group_set_editing                     0x08034465   Thumb Code    90  lv_group.o(.text)
    lv_group_focus_obj                       0x080344bf   Thumb Code   184  lv_group.o(.text)
    lv_group_swap_obj                        0x08034577   Thumb Code   116  lv_group.o(.text)
    lv_group_remove_all_objs                 0x080345eb   Thumb Code    86  lv_group.o(.text)
    lv_group_focus_freeze                    0x08034641   Thumb Code    24  lv_group.o(.text)
    lv_group_send_data                       0x08034659   Thumb Code    44  lv_group.o(.text)
    lv_group_set_focus_cb                    0x08034685   Thumb Code     4  lv_group.o(.text)
    lv_group_set_edge_cb                     0x08034689   Thumb Code     4  lv_group.o(.text)
    lv_group_set_refocus_policy              0x0803468d   Thumb Code    10  lv_group.o(.text)
    lv_group_set_wrap                        0x08034697   Thumb Code    10  lv_group.o(.text)
    lv_group_get_focus_cb                    0x080346a1   Thumb Code    12  lv_group.o(.text)
    lv_group_get_edge_cb                     0x080346ad   Thumb Code    12  lv_group.o(.text)
    lv_group_get_editing                     0x080346b9   Thumb Code    16  lv_group.o(.text)
    lv_group_get_wrap                        0x080346c9   Thumb Code    16  lv_group.o(.text)
    lv_group_get_obj_count                   0x080346d9   Thumb Code    12  lv_group.o(.text)
    lv_indev_search_obj                      0x08034b15   Thumb Code   138  lv_indev.o(.text)
    lv_indev_read_timer_cb                   0x08035713   Thumb Code   288  lv_indev.o(.text)
    lv_indev_enable                          0x08035833   Thumb Code    60  lv_indev.o(.text)
    lv_indev_get_act                         0x0803586f   Thumb Code     6  lv_indev.o(.text)
    lv_indev_get_type                        0x08035875   Thumb Code    14  lv_indev.o(.text)
    lv_indev_reset                           0x08035883   Thumb Code   180  lv_indev.o(.text)
    lv_indev_reset_long_press                0x08035937   Thumb Code    26  lv_indev.o(.text)
    lv_indev_set_cursor                      0x08035951   Thumb Code    72  lv_indev.o(.text)
    lv_indev_set_group                       0x08035999   Thumb Code    20  lv_indev.o(.text)
    lv_indev_set_button_points               0x080359ad   Thumb Code    12  lv_indev.o(.text)
    lv_indev_get_point                       0x080359b9   Thumb Code    48  lv_indev.o(.text)
    lv_indev_get_gesture_dir                 0x080359e9   Thumb Code    10  lv_indev.o(.text)
    lv_indev_get_key                         0x080359f3   Thumb Code    18  lv_indev.o(.text)
    lv_indev_get_scroll_dir                  0x08035a05   Thumb Code    38  lv_indev.o(.text)
    lv_indev_get_scroll_obj                  0x08035a2b   Thumb Code    32  lv_indev.o(.text)
    lv_indev_get_vect                        0x08035a4b   Thumb Code    38  lv_indev.o(.text)
    lv_indev_wait_release                    0x08035a71   Thumb Code    18  lv_indev.o(.text)
    lv_indev_get_obj_act                     0x08035a83   Thumb Code     6  lv_indev.o(.text)
    lv_indev_get_read_timer                  0x08035a89   Thumb Code    16  lv_indev.o(.text)
    _lv_indev_scroll_handler                 0x080363a5   Thumb Code   402  lv_indev_scroll.o(.text)
    _lv_indev_scroll_throw_handler           0x080365a3   Thumb Code   580  lv_indev_scroll.o(.text)
    lv_indev_scroll_throw_predict            0x080367e7   Thumb Code    72  lv_indev_scroll.o(.text)
    lv_indev_scroll_get_snap_dist            0x0803682f   Thumb Code    44  lv_indev_scroll.o(.text)
    lv_is_initialized                        0x08036a15   Thumb Code     6  lv_obj.o(.text)
    lv_init                                  0x08036a1b   Thumb Code   150  lv_obj.o(.text)
    lv_deinit                                0x08036ab1   Thumb Code    28  lv_obj.o(.text)
    lv_obj_create                            0x08036acd   Thumb Code    28  lv_obj.o(.text)
    lv_obj_get_group                         0x08036ae9   Thumb Code    20  lv_obj.o(.text)
    lv_obj_has_state                         0x08036afd   Thumb Code    20  lv_obj.o(.text)
    lv_obj_add_flag                          0x08036b11   Thumb Code   166  lv_obj.o(.text)
    lv_obj_clear_flag                        0x08036bb7   Thumb Code   130  lv_obj.o(.text)
    lv_obj_add_state                         0x08036e55   Thumb Code    32  lv_obj.o(.text)
    lv_obj_clear_state                       0x08036e75   Thumb Code    32  lv_obj.o(.text)
    lv_obj_has_flag                          0x08036e95   Thumb Code    22  lv_obj.o(.text)
    lv_obj_has_flag_any                      0x08036eab   Thumb Code    20  lv_obj.o(.text)
    lv_obj_get_state                         0x08036ebf   Thumb Code    10  lv_obj.o(.text)
    lv_obj_allocate_spec_attr                0x08036ec9   Thumb Code    84  lv_obj.o(.text)
    lv_obj_check_type                        0x08036f1d   Thumb Code    22  lv_obj.o(.text)
    lv_obj_has_class                         0x08036f33   Thumb Code    26  lv_obj.o(.text)
    lv_obj_get_class                         0x08036f4d   Thumb Code     6  lv_obj.o(.text)
    lv_obj_is_valid                          0x08036f99   Thumb Code    82  lv_obj.o(.text)
    lv_obj_class_create_obj                  0x08037b5d   Thumb Code   240  lv_obj_class.o(.text)
    lv_obj_is_group_def                      0x08037c4d   Thumb Code    42  lv_obj_class.o(.text)
    lv_obj_class_init_obj                    0x08037ca1   Thumb Code   116  lv_obj_class.o(.text)
    _lv_obj_destruct                         0x08037d15   Thumb Code    38  lv_obj_class.o(.text)
    lv_obj_is_editable                       0x08037d3b   Thumb Code    42  lv_obj_class.o(.text)
    lv_obj_init_draw_rect_dsc                0x08037da9   Thumb Code   880  lv_obj_draw.o(.text)
    lv_obj_init_draw_label_dsc               0x08038119   Thumb Code   208  lv_obj_draw.o(.text)
    lv_obj_init_draw_img_dsc                 0x080381e9   Thumb Code   208  lv_obj_draw.o(.text)
    lv_obj_init_draw_line_dsc                0x080382b9   Thumb Code   252  lv_obj_draw.o(.text)
    lv_obj_init_draw_arc_dsc                 0x080383b5   Thumb Code   216  lv_obj_draw.o(.text)
    lv_obj_calculate_ext_draw_size           0x0803848d   Thumb Code   306  lv_obj_draw.o(.text)
    lv_obj_draw_dsc_init                     0x080385bf   Thumb Code    18  lv_obj_draw.o(.text)
    lv_obj_draw_part_check_type              0x080385d1   Thumb Code    22  lv_obj_draw.o(.text)
    _lv_obj_get_ext_draw_size                0x080385e7   Thumb Code    18  lv_obj_draw.o(.text)
    lv_obj_refresh_ext_draw_size             0x080385f9   Thumb Code    94  lv_obj_draw.o(.text)
    _lv_obj_get_layer_type                   0x08038657   Thumb Code    18  lv_obj_draw.o(.text)
    lv_obj_set_y                             0x0803876b   Thumb Code    48  lv_obj_pos.o(.text)
    lv_obj_set_x                             0x0803879b   Thumb Code    48  lv_obj_pos.o(.text)
    lv_obj_set_pos                           0x080387cb   Thumb Code    30  lv_obj_pos.o(.text)
    lv_obj_transform_point                   0x08038963   Thumb Code   110  lv_obj_pos.o(.text)
    lv_obj_get_transformed_area              0x080389d1   Thumb Code   506  lv_obj_pos.o(.text)
    lv_obj_area_is_visible                   0x08038bcb   Thumb Code   282  lv_obj_pos.o(.text)
    lv_obj_invalidate_area                   0x08038ce5   Thumb Code    70  lv_obj_pos.o(.text)
    lv_obj_invalidate                        0x08038d2b   Thumb Code    84  lv_obj_pos.o(.text)
    lv_obj_get_coords                        0x08038d7f   Thumb Code    22  lv_obj_pos.o(.text)
    lv_obj_get_content_coords                0x08038d95   Thumb Code   108  lv_obj_pos.o(.text)
    lv_obj_get_height                        0x08038e01   Thumb Code    18  lv_obj_pos.o(.text)
    lv_obj_get_width                         0x08038e13   Thumb Code    18  lv_obj_pos.o(.text)
    lv_clamp_height                          0x08038e25   Thumb Code   174  lv_obj_pos.o(.text)
    lv_obj_is_layout_positioned              0x08038ed3   Thumb Code    52  lv_obj_pos.o(.text)
    lv_obj_get_self_height                   0x08038f07   Thumb Code    26  lv_obj_pos.o(.text)
    lv_obj_get_content_height                0x08039051   Thumb Code    62  lv_obj_pos.o(.text)
    lv_clamp_width                           0x0803908f   Thumb Code   174  lv_obj_pos.o(.text)
    lv_obj_get_self_width                    0x0803913d   Thumb Code    28  lv_obj_pos.o(.text)
    lv_obj_get_content_width                 0x08039377   Thumb Code    62  lv_obj_pos.o(.text)
    lv_obj_refr_size                         0x080393b5   Thumb Code   838  lv_obj_pos.o(.text)
    lv_obj_set_height                        0x080396fb   Thumb Code    48  lv_obj_pos.o(.text)
    lv_obj_set_width                         0x0803972b   Thumb Code    54  lv_obj_pos.o(.text)
    lv_obj_set_size                          0x08039761   Thumb Code    30  lv_obj_pos.o(.text)
    lv_obj_set_content_width                 0x0803977f   Thumb Code    60  lv_obj_pos.o(.text)
    lv_obj_set_content_height                0x080397bb   Thumb Code    60  lv_obj_pos.o(.text)
    lv_obj_mark_layout_as_dirty              0x080397f7   Thumb Code    52  lv_obj_pos.o(.text)
    lv_obj_set_layout                        0x0803982b   Thumb Code    28  lv_obj_pos.o(.text)
    lv_obj_move_children_by                  0x08039847   Thumb Code   110  lv_obj_pos.o(.text)
    lv_obj_move_to                           0x080398b5   Thumb Code   342  lv_obj_pos.o(.text)
    lv_obj_refr_pos                          0x08039a0b   Thumb Code   734  lv_obj_pos.o(.text)
    lv_obj_update_layout                     0x08039d83   Thumb Code    74  lv_obj_pos.o(.text)
    lv_layout_register                       0x08039dcd   Thumb Code    88  lv_obj_pos.o(.text)
    lv_obj_set_align                         0x08039e25   Thumb Code    18  lv_obj_pos.o(.text)
    lv_obj_align                             0x08039e37   Thumb Code    36  lv_obj_pos.o(.text)
    lv_obj_align_to                          0x08039e5b   Thumb Code  1154  lv_obj_pos.o(.text)
    lv_obj_get_x                             0x0803a2dd   Thumb Code    70  lv_obj_pos.o(.text)
    lv_obj_get_x2                            0x0803a323   Thumb Code    28  lv_obj_pos.o(.text)
    lv_obj_get_y                             0x0803a33f   Thumb Code    70  lv_obj_pos.o(.text)
    lv_obj_get_y2                            0x0803a385   Thumb Code    28  lv_obj_pos.o(.text)
    lv_obj_get_x_aligned                     0x0803a3a1   Thumb Code    14  lv_obj_pos.o(.text)
    lv_obj_get_y_aligned                     0x0803a3af   Thumb Code    14  lv_obj_pos.o(.text)
    lv_obj_refresh_self_size                 0x0803a3bd   Thumb Code    50  lv_obj_pos.o(.text)
    lv_obj_is_visible                        0x0803a3ef   Thumb Code    84  lv_obj_pos.o(.text)
    lv_obj_set_ext_click_area                0x0803a443   Thumb Code    22  lv_obj_pos.o(.text)
    lv_obj_get_click_area                    0x0803a459   Thumb Code    70  lv_obj_pos.o(.text)
    lv_obj_hit_test                          0x0803a49f   Thumb Code   102  lv_obj_pos.o(.text)
    lv_obj_set_scrollbar_mode                0x0803a641   Thumb Code    52  lv_obj_scroll.o(.text)
    lv_obj_set_scroll_dir                    0x0803a675   Thumb Code    30  lv_obj_scroll.o(.text)
    lv_obj_set_scroll_snap_x                 0x0803a693   Thumb Code    26  lv_obj_scroll.o(.text)
    lv_obj_set_scroll_snap_y                 0x0803a6ad   Thumb Code    26  lv_obj_scroll.o(.text)
    lv_obj_get_scrollbar_mode                0x0803a6c7   Thumb Code    20  lv_obj_scroll.o(.text)
    lv_obj_get_scroll_dir                    0x0803a6db   Thumb Code    20  lv_obj_scroll.o(.text)
    lv_obj_get_scroll_snap_x                 0x0803a6ef   Thumb Code    20  lv_obj_scroll.o(.text)
    lv_obj_get_scroll_snap_y                 0x0803a703   Thumb Code    20  lv_obj_scroll.o(.text)
    lv_obj_get_scroll_x                      0x0803a717   Thumb Code    20  lv_obj_scroll.o(.text)
    lv_obj_get_scroll_y                      0x0803a72b   Thumb Code    20  lv_obj_scroll.o(.text)
    lv_obj_get_scroll_top                    0x0803a73f   Thumb Code    20  lv_obj_scroll.o(.text)
    lv_obj_get_scroll_bottom                 0x0803a753   Thumb Code   182  lv_obj_scroll.o(.text)
    lv_obj_get_scroll_left                   0x0803a809   Thumb Code   232  lv_obj_scroll.o(.text)
    lv_obj_get_scroll_right                  0x0803a8f1   Thumb Code   210  lv_obj_scroll.o(.text)
    _lv_obj_scroll_by_raw                    0x0803a9c3   Thumb Code    92  lv_obj_scroll.o(.text)
    lv_obj_get_scroll_end                    0x0803aa57   Thumb Code    64  lv_obj_scroll.o(.text)
    lv_obj_scroll_by                         0x0803aaa7   Thumb Code   398  lv_obj_scroll.o(.text)
    lv_obj_scroll_by_bounded                 0x0803ac35   Thumb Code   262  lv_obj_scroll.o(.text)
    lv_obj_scroll_to_y                       0x0803ad3b   Thumb Code    50  lv_obj_scroll.o(.text)
    lv_obj_scroll_to_x                       0x0803ad6d   Thumb Code    50  lv_obj_scroll.o(.text)
    lv_obj_scroll_to                         0x0803ad9f   Thumb Code    36  lv_obj_scroll.o(.text)
    lv_obj_scroll_to_view                    0x0803b131   Thumb Code    32  lv_obj_scroll.o(.text)
    lv_obj_scroll_to_view_recursive          0x0803b151   Thumb Code    58  lv_obj_scroll.o(.text)
    lv_obj_is_scrolling                      0x0803b18b   Thumb Code    44  lv_obj_scroll.o(.text)
    lv_obj_update_snap                       0x0803b1b7   Thumb Code    38  lv_obj_scroll.o(.text)
    lv_obj_get_scrollbar_area                0x0803b1dd   Thumb Code  2144  lv_obj_scroll.o(.text)
    lv_obj_scrollbar_invalidate              0x0803ba3d   Thumb Code    68  lv_obj_scroll.o(.text)
    lv_obj_readjust_scroll                   0x0803ba81   Thumb Code   180  lv_obj_scroll.o(.text)
    lv_obj_style_get_selector_state          0x0803bbd9   Thumb Code     6  lv_obj_style.o(.text)
    lv_obj_style_get_selector_part           0x0803bbdf   Thumb Code     8  lv_obj_style.o(.text)
    lv_obj_get_style_prop                    0x0803bd43   Thumb Code   160  lv_obj_style.o(.text)
    _lv_obj_style_init                       0x0803bde3   Thumb Code    12  lv_obj_style.o(.text)
    lv_obj_refresh_style                     0x0803be9d   Thumb Code   330  lv_obj_style.o(.text)
    lv_obj_add_style                         0x0803c09b   Thumb Code   194  lv_obj_style.o(.text)
    lv_obj_remove_style                      0x0803c15d   Thumb Code   326  lv_obj_style.o(.text)
    lv_obj_report_style_change               0x0803c2fd   Thumb Code    64  lv_obj_style.o(.text)
    lv_obj_enable_style_refresh              0x0803c33d   Thumb Code     6  lv_obj_style.o(.text)
    lv_obj_set_local_style_prop              0x0803c449   Thumb Code    44  lv_obj_style.o(.text)
    lv_obj_set_local_style_prop_meta         0x0803c475   Thumb Code    46  lv_obj_style.o(.text)
    lv_obj_get_local_style_prop              0x0803c4a3   Thumb Code    80  lv_obj_style.o(.text)
    lv_obj_remove_local_style_prop           0x0803c4f3   Thumb Code   116  lv_obj_style.o(.text)
    _lv_obj_style_create_transition          0x0803c91d   Thumb Code   396  lv_obj_style.o(.text)
    _lv_obj_style_apply_color_filter         0x0803caa9   Thumb Code    88  lv_obj_style.o(.text)
    _lv_obj_style_state_compare              0x0803cb01   Thumb Code   700  lv_obj_style.o(.text)
    lv_obj_fade_in                           0x0803cddf   Thumb Code   108  lv_obj_style.o(.text)
    lv_obj_fade_out                          0x0803ce4b   Thumb Code    78  lv_obj_style.o(.text)
    lv_obj_calculate_style_text_align        0x0803ce99   Thumb Code    68  lv_obj_style.o(.text)
    lv_obj_get_style_opa_recursive           0x0803cedd   Thumb Code   116  lv_obj_style.o(.text)
    lv_obj_set_style_width                   0x0803cfa5   Thumb Code    24  lv_obj_style_gen.o(.text)
    lv_obj_set_style_min_width               0x0803cfbd   Thumb Code    24  lv_obj_style_gen.o(.text)
    lv_obj_set_style_max_width               0x0803cfd5   Thumb Code    24  lv_obj_style_gen.o(.text)
    lv_obj_set_style_height                  0x0803cfed   Thumb Code    24  lv_obj_style_gen.o(.text)
    lv_obj_set_style_min_height              0x0803d005   Thumb Code    24  lv_obj_style_gen.o(.text)
    lv_obj_set_style_max_height              0x0803d01d   Thumb Code    24  lv_obj_style_gen.o(.text)
    lv_obj_set_style_x                       0x0803d035   Thumb Code    24  lv_obj_style_gen.o(.text)
    lv_obj_set_style_y                       0x0803d04d   Thumb Code    24  lv_obj_style_gen.o(.text)
    lv_obj_set_style_align                   0x0803d065   Thumb Code    24  lv_obj_style_gen.o(.text)
    lv_obj_set_style_transform_width         0x0803d07d   Thumb Code    24  lv_obj_style_gen.o(.text)
    lv_obj_set_style_transform_height        0x0803d095   Thumb Code    24  lv_obj_style_gen.o(.text)
    lv_obj_set_style_translate_x             0x0803d0ad   Thumb Code    24  lv_obj_style_gen.o(.text)
    lv_obj_set_style_translate_y             0x0803d0c5   Thumb Code    24  lv_obj_style_gen.o(.text)
    lv_obj_set_style_transform_zoom          0x0803d0dd   Thumb Code    24  lv_obj_style_gen.o(.text)
    lv_obj_set_style_transform_angle         0x0803d0f5   Thumb Code    24  lv_obj_style_gen.o(.text)
    lv_obj_set_style_transform_pivot_x       0x0803d10d   Thumb Code    24  lv_obj_style_gen.o(.text)
    lv_obj_set_style_transform_pivot_y       0x0803d125   Thumb Code    24  lv_obj_style_gen.o(.text)
    lv_obj_set_style_pad_top                 0x0803d13d   Thumb Code    24  lv_obj_style_gen.o(.text)
    lv_obj_set_style_pad_bottom              0x0803d155   Thumb Code    24  lv_obj_style_gen.o(.text)
    lv_obj_set_style_pad_left                0x0803d16d   Thumb Code    24  lv_obj_style_gen.o(.text)
    lv_obj_set_style_pad_right               0x0803d185   Thumb Code    24  lv_obj_style_gen.o(.text)
    lv_obj_set_style_pad_row                 0x0803d19d   Thumb Code    24  lv_obj_style_gen.o(.text)
    lv_obj_set_style_pad_column              0x0803d1b5   Thumb Code    24  lv_obj_style_gen.o(.text)
    lv_obj_set_style_bg_color                0x0803d1cd   Thumb Code    32  lv_obj_style_gen.o(.text)
    lv_obj_set_style_bg_opa                  0x0803d1ed   Thumb Code    24  lv_obj_style_gen.o(.text)
    lv_obj_set_style_bg_grad_color           0x0803d205   Thumb Code    32  lv_obj_style_gen.o(.text)
    lv_obj_set_style_bg_grad_dir             0x0803d225   Thumb Code    24  lv_obj_style_gen.o(.text)
    lv_obj_set_style_bg_main_stop            0x0803d23d   Thumb Code    24  lv_obj_style_gen.o(.text)
    lv_obj_set_style_bg_grad_stop            0x0803d255   Thumb Code    24  lv_obj_style_gen.o(.text)
    lv_obj_set_style_bg_grad                 0x0803d26d   Thumb Code    24  lv_obj_style_gen.o(.text)
    lv_obj_set_style_bg_dither_mode          0x0803d285   Thumb Code    24  lv_obj_style_gen.o(.text)
    lv_obj_set_style_bg_img_src              0x0803d29d   Thumb Code    24  lv_obj_style_gen.o(.text)
    lv_obj_set_style_bg_img_opa              0x0803d2b5   Thumb Code    24  lv_obj_style_gen.o(.text)
    lv_obj_set_style_bg_img_recolor          0x0803d2cd   Thumb Code    32  lv_obj_style_gen.o(.text)
    lv_obj_set_style_bg_img_recolor_opa      0x0803d2ed   Thumb Code    24  lv_obj_style_gen.o(.text)
    lv_obj_set_style_bg_img_tiled            0x0803d305   Thumb Code    24  lv_obj_style_gen.o(.text)
    lv_obj_set_style_border_color            0x0803d31d   Thumb Code    32  lv_obj_style_gen.o(.text)
    lv_obj_set_style_border_opa              0x0803d33d   Thumb Code    24  lv_obj_style_gen.o(.text)
    lv_obj_set_style_border_width            0x0803d355   Thumb Code    24  lv_obj_style_gen.o(.text)
    lv_obj_set_style_border_side             0x0803d36d   Thumb Code    24  lv_obj_style_gen.o(.text)
    lv_obj_set_style_border_post             0x0803d385   Thumb Code    24  lv_obj_style_gen.o(.text)
    lv_obj_set_style_outline_width           0x0803d39d   Thumb Code    24  lv_obj_style_gen.o(.text)
    lv_obj_set_style_outline_color           0x0803d3b5   Thumb Code    32  lv_obj_style_gen.o(.text)
    lv_obj_set_style_outline_opa             0x0803d3d5   Thumb Code    24  lv_obj_style_gen.o(.text)
    lv_obj_set_style_outline_pad             0x0803d3ed   Thumb Code    24  lv_obj_style_gen.o(.text)
    lv_obj_set_style_shadow_width            0x0803d405   Thumb Code    24  lv_obj_style_gen.o(.text)
    lv_obj_set_style_shadow_ofs_x            0x0803d41d   Thumb Code    24  lv_obj_style_gen.o(.text)
    lv_obj_set_style_shadow_ofs_y            0x0803d435   Thumb Code    24  lv_obj_style_gen.o(.text)
    lv_obj_set_style_shadow_spread           0x0803d44d   Thumb Code    24  lv_obj_style_gen.o(.text)
    lv_obj_set_style_shadow_color            0x0803d465   Thumb Code    32  lv_obj_style_gen.o(.text)
    lv_obj_set_style_shadow_opa              0x0803d485   Thumb Code    24  lv_obj_style_gen.o(.text)
    lv_obj_set_style_img_opa                 0x0803d49d   Thumb Code    24  lv_obj_style_gen.o(.text)
    lv_obj_set_style_img_recolor             0x0803d4b5   Thumb Code    32  lv_obj_style_gen.o(.text)
    lv_obj_set_style_img_recolor_opa         0x0803d4d5   Thumb Code    24  lv_obj_style_gen.o(.text)
    lv_obj_set_style_line_width              0x0803d4ed   Thumb Code    24  lv_obj_style_gen.o(.text)
    lv_obj_set_style_line_dash_width         0x0803d505   Thumb Code    24  lv_obj_style_gen.o(.text)
    lv_obj_set_style_line_dash_gap           0x0803d51d   Thumb Code    24  lv_obj_style_gen.o(.text)
    lv_obj_set_style_line_rounded            0x0803d535   Thumb Code    24  lv_obj_style_gen.o(.text)
    lv_obj_set_style_line_color              0x0803d54d   Thumb Code    32  lv_obj_style_gen.o(.text)
    lv_obj_set_style_line_opa                0x0803d56d   Thumb Code    24  lv_obj_style_gen.o(.text)
    lv_obj_set_style_arc_width               0x0803d585   Thumb Code    24  lv_obj_style_gen.o(.text)
    lv_obj_set_style_arc_rounded             0x0803d59d   Thumb Code    24  lv_obj_style_gen.o(.text)
    lv_obj_set_style_arc_color               0x0803d5b5   Thumb Code    32  lv_obj_style_gen.o(.text)
    lv_obj_set_style_arc_opa                 0x0803d5d5   Thumb Code    24  lv_obj_style_gen.o(.text)
    lv_obj_set_style_arc_img_src             0x0803d5ed   Thumb Code    24  lv_obj_style_gen.o(.text)
    lv_obj_set_style_text_color              0x0803d605   Thumb Code    32  lv_obj_style_gen.o(.text)
    lv_obj_set_style_text_opa                0x0803d625   Thumb Code    24  lv_obj_style_gen.o(.text)
    lv_obj_set_style_text_font               0x0803d63d   Thumb Code    24  lv_obj_style_gen.o(.text)
    lv_obj_set_style_text_letter_space       0x0803d655   Thumb Code    24  lv_obj_style_gen.o(.text)
    lv_obj_set_style_text_line_space         0x0803d66d   Thumb Code    24  lv_obj_style_gen.o(.text)
    lv_obj_set_style_text_decor              0x0803d685   Thumb Code    24  lv_obj_style_gen.o(.text)
    lv_obj_set_style_text_align              0x0803d69d   Thumb Code    24  lv_obj_style_gen.o(.text)
    lv_obj_set_style_radius                  0x0803d6b5   Thumb Code    24  lv_obj_style_gen.o(.text)
    lv_obj_set_style_clip_corner             0x0803d6cd   Thumb Code    24  lv_obj_style_gen.o(.text)
    lv_obj_set_style_opa                     0x0803d6e5   Thumb Code    24  lv_obj_style_gen.o(.text)
    lv_obj_set_style_opa_layered             0x0803d6fd   Thumb Code    24  lv_obj_style_gen.o(.text)
    lv_obj_set_style_color_filter_dsc        0x0803d715   Thumb Code    24  lv_obj_style_gen.o(.text)
    lv_obj_set_style_color_filter_opa        0x0803d72d   Thumb Code    24  lv_obj_style_gen.o(.text)
    lv_obj_set_style_anim                    0x0803d745   Thumb Code    24  lv_obj_style_gen.o(.text)
    lv_obj_set_style_anim_time               0x0803d75d   Thumb Code    24  lv_obj_style_gen.o(.text)
    lv_obj_set_style_anim_speed              0x0803d775   Thumb Code    24  lv_obj_style_gen.o(.text)
    lv_obj_set_style_transition              0x0803d78d   Thumb Code    24  lv_obj_style_gen.o(.text)
    lv_obj_set_style_blend_mode              0x0803d7a5   Thumb Code    24  lv_obj_style_gen.o(.text)
    lv_obj_set_style_layout                  0x0803d7bd   Thumb Code    24  lv_obj_style_gen.o(.text)
    lv_obj_set_style_base_dir                0x0803d7d5   Thumb Code    24  lv_obj_style_gen.o(.text)
    lv_obj_get_child                         0x0803d7ed   Thumb Code    60  lv_obj_tree.o(.text)
    lv_obj_get_child_cnt                     0x0803d829   Thumb Code    20  lv_obj_tree.o(.text)
    lv_obj_get_parent                        0x0803d83d   Thumb Code    16  lv_obj_tree.o(.text)
    lv_obj_get_index                         0x0803d84d   Thumb Code    62  lv_obj_tree.o(.text)
    lv_obj_get_screen                        0x0803d88b   Thumb Code    30  lv_obj_tree.o(.text)
    lv_obj_get_disp                          0x0803d8a9   Thumb Code    82  lv_obj_tree.o(.text)
    lv_obj_del                               0x0803da55   Thumb Code   108  lv_obj_tree.o(.text)
    lv_obj_clean                             0x0803dac1   Thumb Code    84  lv_obj_tree.o(.text)
    lv_obj_del_anim_ready_cb                 0x0803db15   Thumb Code    12  lv_obj_tree.o(.text)
    lv_obj_del_delayed                       0x0803db21   Thumb Code    58  lv_obj_tree.o(.text)
    lv_obj_del_async                         0x0803db6b   Thumb Code    18  lv_obj_tree.o(.text)
    lv_obj_set_parent                        0x0803db7d   Thumb Code   250  lv_obj_tree.o(.text)
    lv_obj_move_to_index                     0x0803dc77   Thumb Code   168  lv_obj_tree.o(.text)
    lv_obj_swap                              0x0803dd1f   Thumb Code   152  lv_obj_tree.o(.text)
    lv_obj_tree_walk                         0x0803de3f   Thumb Code    20  lv_obj_tree.o(.text)
    _lv_refr_init                            0x0803de67   Thumb Code     2  lv_refr.o(.text)
    lv_obj_redraw                            0x0803e36f   Thumb Code   258  lv_refr.o(.text)
    _lv_disp_refr_timer                      0x0803f1a3   Thumb Code   324  lv_refr.o(.text)
    lv_refr_now                              0x0803f2e7   Thumb Code    58  lv_refr.o(.text)
    _lv_inv_area                             0x0803f321   Thumb Code   284  lv_refr.o(.text)
    _lv_refr_get_disp_refreshing             0x0803f43d   Thumb Code     6  lv_refr.o(.text)
    _lv_refr_set_disp_refreshing             0x0803f443   Thumb Code     6  lv_refr.o(.text)
    lv_theme_get_from_obj                    0x0803f469   Thumb Code    28  lv_theme.o(.text)
    lv_theme_apply                           0x0803f4a5   Thumb Code    42  lv_theme.o(.text)
    lv_theme_set_parent                      0x0803f4cf   Thumb Code     4  lv_theme.o(.text)
    lv_theme_set_apply_cb                    0x0803f4d3   Thumb Code     4  lv_theme.o(.text)
    lv_theme_get_font_small                  0x0803f4d7   Thumb Code    22  lv_theme.o(.text)
    lv_theme_get_font_normal                 0x0803f4ed   Thumb Code    22  lv_theme.o(.text)
    lv_theme_get_font_large                  0x0803f503   Thumb Code    22  lv_theme.o(.text)
    lv_theme_get_color_primary               0x0803f519   Thumb Code    36  lv_theme.o(.text)
    lv_theme_get_color_secondary             0x0803f53d   Thumb Code    36  lv_theme.o(.text)
    __aeabi_uldivmod                         0x0803f569   Thumb Code    98  uldiv.o(.text)
    ___aeabi_memcpy8$move                    0x0803f5cb   Thumb Code     0  memmovea.o(.text)
    __aeabi_memcpy                           0x0803f5cb   Thumb Code    64  memmovea.o(.text)
    __aeabi_memcpy4                          0x0803f5cb   Thumb Code     0  memmovea.o(.text)
    __aeabi_memmove                          0x0803f5cb   Thumb Code     0  memmovea.o(.text)
    __aeabi_memmove4                         0x0803f5cb   Thumb Code     0  memmovea.o(.text)
    __aeabi_memmove8                         0x0803f5cb   Thumb Code     0  memmovea.o(.text)
    __aeabi_memset                           0x0803f60b   Thumb Code    14  memseta.o(.text)
    __aeabi_memset4                          0x0803f60b   Thumb Code     0  memseta.o(.text)
    __aeabi_memset8                          0x0803f60b   Thumb Code     0  memseta.o(.text)
    __aeabi_memclr                           0x0803f619   Thumb Code     4  memseta.o(.text)
    __aeabi_memclr4                          0x0803f619   Thumb Code     0  memseta.o(.text)
    __aeabi_memclr8                          0x0803f619   Thumb Code     0  memseta.o(.text)
    _memset$wrapper                          0x0803f61d   Thumb Code    18  memseta.o(.text)
    strcat                                   0x0803f62f   Thumb Code    24  strcat.o(.text)
    strlen                                   0x0803f647   Thumb Code    14  strlen.o(.text)
    strcmp                                   0x0803f655   Thumb Code    28  strcmp.o(.text)
    memcmp                                   0x0803f671   Thumb Code    26  memcmp.o(.text)
    strcpy                                   0x0803f68b   Thumb Code    18  strcpy.o(.text)
    __aeabi_llsl                             0x0803f69d   Thumb Code    30  llshl.o(.text)
    _ll_shift_l                              0x0803f69d   Thumb Code     0  llshl.o(.text)
    __aeabi_llsr                             0x0803f6bb   Thumb Code    32  llushr.o(.text)
    _ll_ushift_r                             0x0803f6bb   Thumb Code     0  llushr.o(.text)
    __scatterload                            0x0803f6dd   Thumb Code    28  init.o(.text)
    __scatterload_rt2                        0x0803f6dd   Thumb Code     0  init.o(.text)
    __decompress                             0x0803f701   Thumb Code     0  __dczerorl2.o(.text)
    __decompress1                            0x0803f701   Thumb Code    86  __dczerorl2.o(.text)
    __0printf$5                              0x0803f759   Thumb Code    22  printf5.o(i.__0printf$5)
    __1printf$5                              0x0803f759   Thumb Code     0  printf5.o(i.__0printf$5)
    __2printf                                0x0803f759   Thumb Code     0  printf5.o(i.__0printf$5)
    __0sprintf$5                             0x0803f779   Thumb Code    34  printf5.o(i.__0sprintf$5)
    __1sprintf$5                             0x0803f779   Thumb Code     0  printf5.o(i.__0sprintf$5)
    __2sprintf                               0x0803f779   Thumb Code     0  printf5.o(i.__0sprintf$5)
    __scatterload_copy                       0x0803f7a1   Thumb Code    14  handlers.o(i.__scatterload_copy)
    __scatterload_null                       0x0803f7af   Thumb Code     2  handlers.o(i.__scatterload_null)
    __scatterload_zeroinit                   0x0803f7b1   Thumb Code    14  handlers.o(i.__scatterload_zeroinit)
    Hzk16                                    0x0803fa94   Data       267680  lcd.o(.constdata)
    asc2_1206                                0x08081034   Data        1140  lcd.o(.constdata)
    asc2_1608                                0x080814a8   Data        1520  lcd.o(.constdata)
    asc2_2412                                0x08081a98   Data        3420  lcd.o(.constdata)
    GT9147_CFG_TBL                           0x080827f4   Data         184  gt9147.o(.constdata)
    GT9147_TPX_TBL                           0x080828ac   Data          10  gt9147.o(.constdata)
    lv_arc_class                             0x080828b8   Data          28  lv_arc.o(.constdata)
    lv_bar_class                             0x080828d4   Data          28  lv_bar.o(.constdata)
    lv_btn_class                             0x080828f0   Data          28  lv_btn.o(.constdata)
    lv_btnmatrix_class                       0x0808290c   Data          28  lv_btnmatrix.o(.constdata)
    lv_checkbox_class                        0x08082928   Data          28  lv_checkbox.o(.constdata)
    lv_dropdown_class                        0x08082944   Data          28  lv_dropdown.o(.constdata)
    lv_dropdownlist_class                    0x08082960   Data          28  lv_dropdown.o(.constdata)
    lv_img_class                             0x0808297c   Data          28  lv_img.o(.constdata)
    lv_label_class                           0x08082998   Data          28  lv_label.o(.constdata)
    lv_line_class                            0x080829b4   Data          28  lv_line.o(.constdata)
    lv_roller_class                          0x080829d0   Data          28  lv_roller.o(.constdata)
    lv_roller_label_class                    0x080829ec   Data          28  lv_roller.o(.constdata)
    lv_slider_class                          0x08082a08   Data          28  lv_slider.o(.constdata)
    lv_switch_class                          0x08082a24   Data          28  lv_switch.o(.constdata)
    lv_table_class                           0x08082a40   Data          28  lv_table.o(.constdata)
    lv_textarea_class                        0x08082a5c   Data          28  lv_textarea.o(.constdata)
    _lv_style_builtin_prop_flag_lookup_table 0x08082cac   Data         113  lv_style.o(.constdata)
    lv_font_montserrat_14                    0x0808624c   Data          28  lv_font_montserrat_14.o(.constdata)
    lv_calendar_class                        0x08086280   Data          28  lv_calendar.o(.constdata)
    lv_calendar_header_arrow_class           0x0808629c   Data          28  lv_calendar_header_arrow.o(.constdata)
    lv_calendar_header_dropdown_class        0x080862b8   Data          28  lv_calendar_header_dropdown.o(.constdata)
    lv_chart_class                           0x080862d4   Data          28  lv_chart.o(.constdata)
    lv_colorwheel_class                      0x080862f0   Data          28  lv_colorwheel.o(.constdata)
    lv_keyboard_class                        0x0808630c   Data          28  lv_keyboard.o(.constdata)
    lv_led_class                             0x080866a0   Data          28  lv_led.o(.constdata)
    lv_list_class                            0x080866bc   Data          28  lv_list.o(.constdata)
    lv_list_btn_class                        0x080866d8   Data          28  lv_list.o(.constdata)
    lv_list_text_class                       0x080866f4   Data          28  lv_list.o(.constdata)
    lv_menu_class                            0x08086710   Data          28  lv_menu.o(.constdata)
    lv_menu_page_class                       0x0808672c   Data          28  lv_menu.o(.constdata)
    lv_menu_cont_class                       0x08086748   Data          28  lv_menu.o(.constdata)
    lv_menu_section_class                    0x08086764   Data          28  lv_menu.o(.constdata)
    lv_menu_separator_class                  0x08086780   Data          28  lv_menu.o(.constdata)
    lv_menu_sidebar_cont_class               0x0808679c   Data          28  lv_menu.o(.constdata)
    lv_menu_main_cont_class                  0x080867b8   Data          28  lv_menu.o(.constdata)
    lv_menu_main_header_cont_class           0x080867d4   Data          28  lv_menu.o(.constdata)
    lv_menu_sidebar_header_cont_class        0x080867f0   Data          28  lv_menu.o(.constdata)
    lv_meter_class                           0x0808680c   Data          28  lv_meter.o(.constdata)
    lv_msgbox_class                          0x08086828   Data          28  lv_msgbox.o(.constdata)
    lv_msgbox_content_class                  0x08086844   Data          28  lv_msgbox.o(.constdata)
    lv_msgbox_backdrop_class                 0x08086860   Data          28  lv_msgbox.o(.constdata)
    lv_spinbox_class                         0x0808687c   Data          28  lv_spinbox.o(.constdata)
    lv_spinner_class                         0x08086898   Data          28  lv_spinner.o(.constdata)
    lv_tabview_class                         0x080868b4   Data          28  lv_tabview.o(.constdata)
    lv_tileview_class                        0x080868d0   Data          28  lv_tileview.o(.constdata)
    lv_tileview_tile_class                   0x080868ec   Data          28  lv_tileview.o(.constdata)
    lv_win_class                             0x08086908   Data          28  lv_win.o(.constdata)
    _lv_bpp1_opa_table                       0x08086924   Data           2  lv_draw_sw_letter.o(.constdata)
    _lv_bpp2_opa_table                       0x08086926   Data           4  lv_draw_sw_letter.o(.constdata)
    _lv_bpp3_opa_table                       0x0808692a   Data           8  lv_draw_sw_letter.o(.constdata)
    _lv_bpp4_opa_table                       0x08086932   Data          16  lv_draw_sw_letter.o(.constdata)
    _lv_bpp8_opa_table                       0x08086942   Data         256  lv_draw_sw_letter.o(.constdata)
    lv_obj_class                             0x08086a6c   Data          28  lv_obj.o(.constdata)
    Region$$Table$$Base                      0x08086f60   Number         0  anon$$obj.o(Region$$Table)
    Region$$Table$$Limit                     0x08086f80   Number         0  anon$$obj.o(Region$$Table)
    SystemCoreClock                          0x20000000   Data           4  system_stm32f4xx.o(.data)
    AHBPrescTable                            0x20000004   Data          16  system_stm32f4xx.o(.data)
    num_a                                    0x20000014   Data           1  main.o(.data)
    ch455_key                                0x20000015   Data           1  main.o(.data)
    PWMcnt                                   0x20000018   Data           4  stm32f4xx_it.o(.data)
    opendoortime                             0x2000001c   Data           4  stm32f4xx_it.o(.data)
    TimingDelay                              0x20000034   Data           4  delay.o(.data)
    key                                      0x20000038   Data           1  key.o(.data)
    mode                                     0x2000003c   Data           1  as608_test.o(.data)
    flag1                                    0x2000003d   Data           1  as608_test.o(.data)
    flag2                                    0x2000003e   Data           1  as608_test.o(.data)
    flag3                                    0x2000003f   Data           1  as608_test.o(.data)
    flag4                                    0x20000040   Data           1  as608_test.o(.data)
    flag5                                    0x20000041   Data           1  as608_test.o(.data)
    flag6                                    0x20000042   Data           1  as608_test.o(.data)
    flag7                                    0x20000043   Data           1  as608_test.o(.data)
    flag8                                    0x20000044   Data           1  as608_test.o(.data)
    flag9                                    0x20000045   Data           1  as608_test.o(.data)
    flag10                                   0x20000046   Data           1  as608_test.o(.data)
    flag11                                   0x20000047   Data           1  as608_test.o(.data)
    flag12                                   0x20000048   Data           1  as608_test.o(.data)
    Password_count                           0x20000049   Data           1  as608_test.o(.data)
    Password                                 0x2000004a   Data           3  as608_test.o(.data)
    Password1                                0x2000004d   Data           3  as608_test.o(.data)
    x                                        0x20000050   Data           1  as608_test.o(.data)
    y                                        0x20000051   Data           1  as608_test.o(.data)
    a                                        0x20000052   Data           1  as608_test.o(.data)
    flag0                                    0x20000054   Data           4  as608_test.o(.data)
    flag00                                   0x20000058   Data           4  as608_test.o(.data)
    AS608_Addr                               0x2000005c   Data           4  bsp_as608.o(.data)
    POINT_COLOR                              0x20000060   Data           2  lcd.o(.data)
    BACK_COLOR                               0x20000062   Data           2  lcd.o(.data)
    W25QXX_TYPE                              0x20000068   Data           2  w25qxx.o(.data)
    WriteBuf                                 0x2000006a   Data          10  w25qxx.o(.data)
    display_flag                             0x20000074   Data           1  mp3.o(.data)
    flag                                     0x20000075   Data           1  mp3.o(.data)
    PWMflag                                  0x20000076   Data           1  mp3.o(.data)
    volume                                   0x20000077   Data           6  mp3.o(.data)
    tp_dev                                   0x20000080   Data          52  touch.o(.data)
    disp_flush_enabled                       0x200000b5   Data           1  lv_port_disp.o(.data)
    indev_touchpad                           0x200000b8   Data           4  lv_port_indev.o(.data)
    indev_mouse                              0x200000bc   Data           4  lv_port_indev.o(.data)
    indev_keypad                             0x200000c0   Data           4  lv_port_indev.o(.data)
    indev_encoder                            0x200000c4   Data           4  lv_port_indev.o(.data)
    indev_button                             0x200000c8   Data           4  lv_port_indev.o(.data)
    _lv_layout_list                          0x20000118   Data           4  lv_gc.o(.data)
    _lv_timer_act                            0x2000011c   Data           4  lv_gc.o(.data)
    _lv_theme_default_styles                 0x20000120   Data           4  lv_gc.o(.data)
    _lv_theme_basic_styles                   0x20000124   Data           4  lv_gc.o(.data)
    _lv_grad_cache_mem                       0x20000128   Data           4  lv_gc.o(.data)
    _lv_style_custom_prop_flag_lookup_table  0x2000012c   Data           4  lv_gc.o(.data)
    _lv_style_custom_prop_flag_lookup_table_size 0x20000144   Data           4  lv_style.o(.data)
    _lv_txt_encoded_size                     0x20000160   Data           4  lv_txt.o(.data)
    _lv_txt_unicode_to_encoded               0x20000164   Data           4  lv_txt.o(.data)
    _lv_txt_encoded_conv_wc                  0x20000168   Data           4  lv_txt.o(.data)
    _lv_txt_encoded_next                     0x2000016c   Data           4  lv_txt.o(.data)
    _lv_txt_encoded_prev                     0x20000170   Data           4  lv_txt.o(.data)
    _lv_txt_encoded_get_byte_id              0x20000174   Data           4  lv_txt.o(.data)
    _lv_txt_encoded_get_char_id              0x20000178   Data           4  lv_txt.o(.data)
    _lv_txt_get_encoded_length               0x2000017c   Data           4  lv_txt.o(.data)
    LV_LAYOUT_FLEX                           0x200001a0   Data           2  lv_flex.o(.data)
    LV_STYLE_FLEX_FLOW                       0x200001a2   Data           2  lv_flex.o(.data)
    LV_STYLE_FLEX_MAIN_PLACE                 0x200001a4   Data           2  lv_flex.o(.data)
    LV_STYLE_FLEX_CROSS_PLACE                0x200001a6   Data           2  lv_flex.o(.data)
    LV_STYLE_FLEX_TRACK_PLACE                0x200001a8   Data           2  lv_flex.o(.data)
    LV_STYLE_FLEX_GROW                       0x200001aa   Data           2  lv_flex.o(.data)
    LV_LAYOUT_GRID                           0x200001ac   Data           2  lv_grid.o(.data)
    LV_STYLE_GRID_COLUMN_DSC_ARRAY           0x200001ae   Data           2  lv_grid.o(.data)
    LV_STYLE_GRID_COLUMN_ALIGN               0x200001b0   Data           2  lv_grid.o(.data)
    LV_STYLE_GRID_ROW_DSC_ARRAY              0x200001b2   Data           2  lv_grid.o(.data)
    LV_STYLE_GRID_ROW_ALIGN                  0x200001b4   Data           2  lv_grid.o(.data)
    LV_STYLE_GRID_CELL_COLUMN_POS            0x200001b6   Data           2  lv_grid.o(.data)
    LV_STYLE_GRID_CELL_COLUMN_SPAN           0x200001b8   Data           2  lv_grid.o(.data)
    LV_STYLE_GRID_CELL_X_ALIGN               0x200001ba   Data           2  lv_grid.o(.data)
    LV_STYLE_GRID_CELL_ROW_POS               0x200001bc   Data           2  lv_grid.o(.data)
    LV_STYLE_GRID_CELL_ROW_SPAN              0x200001be   Data           2  lv_grid.o(.data)
    LV_STYLE_GRID_CELL_Y_ALIGN               0x200001c0   Data           2  lv_grid.o(.data)
    __stdout                                 0x200002ec   Data           4  stdout.o(.data)
    ReceiveBuffer                            0x200002f0   Data         300  usart.o(.bss)
    Uart6ReceiveBuf                          0x2000041c   Data         300  usart.o(.bss)
    Uart6                                    0x20000548   Data          12  usart.o(.bss)
    Uart3                                    0x20000554   Data          12  usart.o(.bss)
    node_data                                0x20000560   Data          16  rx_data_queue.o(.bss)
    rx_queue                                 0x20000570   Data          28  rx_data_queue.o(.bss)
    node_buff                                0x2000058c   Data          60  rx_data_queue.o(.bss)
    lcddev                                   0x200005c8   Data          14  lcd.o(.bss)
    ReadBuf                                  0x200005d6   Data          10  w25qxx.o(.bss)
    W25QXX_BUFFER                            0x200005e0   Data        4096  w25qxx.o(.bss)
    databuf                                  0x200015e0   Data          20  mp3.o(.bss)
    _lv_timer_ll                             0x20005500   Data          12  lv_gc.o(.bss)
    _lv_disp_ll                              0x2000550c   Data          12  lv_gc.o(.bss)
    _lv_indev_ll                             0x20005518   Data          12  lv_gc.o(.bss)
    _lv_fsdrv_ll                             0x20005524   Data          12  lv_gc.o(.bss)
    _lv_anim_ll                              0x20005530   Data          12  lv_gc.o(.bss)
    _lv_group_ll                             0x2000553c   Data          12  lv_gc.o(.bss)
    _lv_img_decoder_ll                       0x20005548   Data          12  lv_gc.o(.bss)
    _lv_obj_style_trans_ll                   0x20005554   Data          12  lv_gc.o(.bss)
    _lv_img_cache_single                     0x20005560   Data          44  lv_gc.o(.bss)
    lv_mem_buf                               0x2000558c   Data         128  lv_gc.o(.bss)
    _lv_circle_cache                         0x2000560c   Data         112  lv_gc.o(.bss)
    _lv_draw_mask_list                       0x2000567c   Data         128  lv_gc.o(.bss)
    __initial_sp                             0x20011c48   Data           0  startup_stm32f4xx.o(STACK)



==============================================================================

Memory Map of the image

  Image Entry point : 0x08000189

  Load Region LR_IROM1 (Base: 0x08000000, Size: 0x00087270, Max: 0x00100000, ABSOLUTE, COMPRESSED[0x00087078])

    Execution Region ER_IROM1 (Base: 0x08000000, Size: 0x00086f80, Max: 0x00100000, ABSOLUTE)

    Base Addr    Size         Type   Attr      Idx    E Section Name        Object

    0x08000000   0x00000188   Data   RO          132    RESET               startup_stm32f4xx.o
    0x08000188   0x00000000   Code   RO        24967  * .ARM.Collect$$$$00000000  mc_w.l(entry.o)
    0x08000188   0x00000004   Code   RO        25263    .ARM.Collect$$$$00000001  mc_w.l(entry2.o)
    0x0800018c   0x00000004   Code   RO        25266    .ARM.Collect$$$$00000004  mc_w.l(entry5.o)
    0x08000190   0x00000000   Code   RO        25268    .ARM.Collect$$$$00000008  mc_w.l(entry7b.o)
    0x08000190   0x00000000   Code   RO        25270    .ARM.Collect$$$$0000000A  mc_w.l(entry8b.o)
    0x08000190   0x00000008   Code   RO        25271    .ARM.Collect$$$$0000000B  mc_w.l(entry9a.o)
    0x08000198   0x00000000   Code   RO        25273    .ARM.Collect$$$$0000000D  mc_w.l(entry10a.o)
    0x08000198   0x00000000   Code   RO        25275    .ARM.Collect$$$$0000000F  mc_w.l(entry11a.o)
    0x08000198   0x00000004   Code   RO        25264    .ARM.Collect$$$$00002712  mc_w.l(entry2.o)
    0x0800019c   0x00000210   Code   RO            3    .text               system_stm32f4xx.o
    0x080003ac   0x00000024   Code   RO          133    .text               startup_stm32f4xx.o
    0x080003d0   0x00000090   Code   RO          139    .text               main.o
    0x08000460   0x00000244   Code   RO          651    .text               stm32f4xx_it.o
    0x080006a4   0x000000e0   Code   RO          686    .text               misc.o
    0x08000784   0x0000011c   Code   RO          926    .text               stm32f4xx_exti.o
    0x080008a0   0x00000608   Code   RO          966    .text               stm32f4xx_fsmc.o
    0x08000ea8   0x0000025c   Code   RO          986    .text               stm32f4xx_gpio.o
    0x08001104   0x00000588   Code   RO         1126    .text               stm32f4xx_rcc.o
    0x0800168c   0x000003f8   Code   RO         1208    .text               stm32f4xx_spi.o
    0x08001a84   0x0000008c   Code   RO         1228    .text               stm32f4xx_syscfg.o
    0x08001b10   0x00000ca2   Code   RO         1248    .text               stm32f4xx_tim.o
    0x080027b2   0x00000002   PAD
    0x080027b4   0x0000041a   Code   RO         1268    .text               stm32f4xx_usart.o
    0x08002bce   0x00000002   PAD
    0x08002bd0   0x000000a8   Code   RO         1308    .text               delay.o
    0x08002c78   0x00000074   Code   RO         1381    .text               led.o
    0x08002cec   0x00000208   Code   RO         1401    .text               usart.o
    0x08002ef4   0x00000174   Code   RO         1427    .text               key.o
    0x08003068   0x00001aa0   Code   RO         1502    .text               as608_test.o
    0x08004b08   0x00000aec   Code   RO         1543    .text               bsp_as608.o
    0x080055f4   0x000001d8   Code   RO         1570    .text               rx_data_queue.o
    0x080057cc   0x00000154   Code   RO         1603    .text               bsp_debug_usart.o
    0x08005920   0x00001c54   Code   RO         1623    .text               lcd.o
    0x08007574   0x000004b4   Code   RO         1656    .text               w25qxx.o
    0x08007a28   0x000000f4   Code   RO         1687    .text               spi.o
    0x08007b1c   0x00000184   Code   RO         1707    .text               mp3.o
    0x08007ca0   0x00000054   Code   RO         1735    .text               touch.o
    0x08007cf4   0x000003fc   Code   RO         1769    .text               gt9147.o
    0x080080f0   0x0000025c   Code   RO         1800    .text               ctiic.o
    0x0800834c   0x00000464   Code   RO         1821    .text               sys.o
    0x080087b0   0x0000008c   Code   RO         1844    .text               lv_port_disp.o
    0x0800883c   0x000001b4   Code   RO         2077    .text               lv_port_indev.o
    0x080089f0   0x00001428   Code   RO         2119    .text               lv_arc.o
    0x08009e18   0x00000ae8   Code   RO         2289    .text               lv_bar.o
    0x0800a900   0x0000003c   Code   RO         2391    .text               lv_btn.o
    0x0800a93c   0x00001558   Code   RO         2415    .text               lv_btnmatrix.o
    0x0800be94   0x00000554   Code   RO         2599    .text               lv_checkbox.o
    0x0800c3e8   0x00001388   Code   RO         2690    .text               lv_dropdown.o
    0x0800d770   0x00000eb8   Code   RO         2788    .text               lv_img.o
    0x0800e628   0x00001668   Code   RO         2885    .text               lv_label.o
    0x0800fc90   0x00000284   Code   RO         2982    .text               lv_line.o
    0x0800ff14   0x00000df0   Code   RO         3007    .text               lv_roller.o
    0x08010d04   0x00000bc2   Code   RO         3089    .text               lv_slider.o
    0x080118c6   0x00000002   PAD
    0x080118c8   0x0000046a   Code   RO         3202    .text               lv_switch.o
    0x08011d32   0x00000002   PAD
    0x08011d34   0x00001710   Code   RO         3303    .text               lv_table.o
    0x08013444   0x000016ce   Code   RO         3386    .text               lv_textarea.o
    0x08014b12   0x00000002   PAD
    0x08014b14   0x00000664   Code   RO         3485    .text               lv_anim.o
    0x08015178   0x00000c10   Code   RO         3578    .text               lv_area.o
    0x08015d88   0x000000ac   Code   RO         3594    .text               lv_async.o
    0x08015e34   0x000004c8   Code   RO         3638    .text               lv_color.o
    0x080162fc   0x000006bc   Code   RO         3654    .text               lv_fs.o
    0x080169b8   0x000000dc   Code   RO         3694    .text               lv_gc.o
    0x08016a94   0x00000342   Code   RO         3719    .text               lv_ll.o
    0x08016dd6   0x00000002   PAD
    0x08016dd8   0x00000264   Code   RO         3752    .text               lv_math.o
    0x0801703c   0x000006ea   Code   RO         3767    .text               lv_mem.o
    0x08017726   0x00000002   PAD
    0x08017728   0x00000968   Code   RO         3785    .text               lv_printf.o
    0x08018090   0x000006a0   Code   RO         3797    .text               lv_style.o
    0x08018730   0x000006e0   Code   RO         3866    .text               lv_style_gen.o
    0x08018e10   0x000002a0   Code   RO         3892    .text               lv_timer.o
    0x080190b0   0x00000db0   Code   RO         3906    .text               lv_tlsf.o
    0x08019e60   0x000008e4   Code   RO         3921    .text               lv_txt.o
    0x0801a744   0x00000054   Code   RO         4024    .text               lv_utils.o
    0x0801a798   0x00000a3c   Code   RO         4039    .text               lv_hal_disp.o
    0x0801b1d4   0x000001cc   Code   RO         4242    .text               lv_hal_indev.o
    0x0801b3a0   0x0000004c   Code   RO         4407    .text               lv_hal_tick.o
    0x0801b3ec   0x0000011a   Code   RO         4430    .text               lv_font.o
    0x0801b506   0x00000002   PAD
    0x0801b508   0x000003e0   Code   RO         4883    .text               lv_font_fmt_txt.o
    0x0801b8e8   0x0000000c   Code   RO         5308    .text               lv_extra.o
    0x0801b8f4   0x00000f0c   Code   RO         5724    .text               lv_flex.o
    0x0801c800   0x00000f2c   Code   RO         5898    .text               lv_grid.o
    0x0801d72c   0x00003264   Code   RO        12642    .text               lv_theme_default.o
    0x08020990   0x00000614   Code   RO        13907    .text               lv_calendar.o
    0x08020fa4   0x00000220   Code   RO        14327    .text               lv_calendar_header_arrow.o
    0x080211c4   0x0000028c   Code   RO        14516    .text               lv_calendar_header_dropdown.o
    0x08021450   0x00002a12   Code   RO        14629    .text               lv_chart.o
    0x08023e62   0x00000002   PAD
    0x08023e64   0x00000e66   Code   RO        15047    .text               lv_colorwheel.o
    0x08024cca   0x00000002   PAD
    0x08024ccc   0x00000424   Code   RO        15884    .text               lv_keyboard.o
    0x080250f0   0x00000440   Code   RO        16065    .text               lv_led.o
    0x08025530   0x000009d8   Code   RO        16672    .text               lv_menu.o
    0x08025f08   0x00001038   Code   RO        16855    .text               lv_meter.o
    0x08026f40   0x00000694   Code   RO        18110    .text               lv_spinbox.o
    0x080275d4   0x000000f8   Code   RO        18528    .text               lv_spinner.o
    0x080276cc   0x0000067c   Code   RO        18947    .text               lv_tabview.o
    0x08027d48   0x000002bc   Code   RO        19366    .text               lv_tileview.o
    0x08028004   0x00000140   Code   RO        19537    .text               lv_win.o
    0x08028144   0x00000012   Code   RO        19956    .text               lv_draw.o
    0x08028156   0x000004d2   Code   RO        20096    .text               lv_draw_arc.o
    0x08028628   0x000004c0   Code   RO        20147    .text               lv_draw_img.o
    0x08028ae8   0x00000880   Code   RO        20265    .text               lv_draw_label.o
    0x08029368   0x000000ee   Code   RO        20359    .text               lv_draw_layer.o
    0x08029456   0x00000086   Code   RO        20416    .text               lv_draw_line.o
    0x080294dc   0x00001da0   Code   RO        20568    .text               lv_draw_mask.o
    0x0802b27c   0x00000110   Code   RO        20633    .text               lv_draw_rect.o
    0x0802b38c   0x00000042   Code   RO        20688    .text               lv_draw_transform.o
    0x0802b3ce   0x00000002   PAD
    0x0802b3d0   0x0000099a   Code   RO        20733    .text               lv_img_buf.o
    0x0802bd6a   0x00000002   PAD
    0x0802bd6c   0x00000064   Code   RO        20773    .text               lv_img_cache.o
    0x0802bdd0   0x00000ae8   Code   RO        20820    .text               lv_img_decoder.o
    0x0802c8b8   0x0000011c   Code   RO        21047    .text               lv_draw_sw.o
    0x0802c9d4   0x00000daa   Code   RO        21187    .text               lv_draw_sw_arc.o
    0x0802d77e   0x00000002   PAD
    0x0802d780   0x00001014   Code   RO        21288    .text               lv_draw_sw_blend.o
    0x0802e794   0x00000550   Code   RO        21425    .text               lv_draw_sw_gradient.o
    0x0802ece4   0x000005d6   Code   RO        21483    .text               lv_draw_sw_img.o
    0x0802f2ba   0x0000023c   Code   RO        21577    .text               lv_draw_sw_layer.o
    0x0802f4f6   0x00000002   PAD
    0x0802f4f8   0x00000518   Code   RO        21661    .text               lv_draw_sw_letter.o
    0x0802fa10   0x000009f8   Code   RO        21757    .text               lv_draw_sw_line.o
    0x08030408   0x00000394   Code   RO        21849    .text               lv_draw_sw_polygon.o
    0x0803079c   0x00002058   Code   RO        21914    .text               lv_draw_sw_rect.o
    0x080327f4   0x0000084a   Code   RO        22001    .text               lv_draw_sw_transform.o
    0x0803303e   0x00000002   PAD
    0x08033040   0x00000790   Code   RO        22909    .text               lv_disp.o
    0x080337d0   0x000007f6   Code   RO        23079    .text               lv_event.o
    0x08033fc6   0x00000002   PAD
    0x08033fc8   0x0000071c   Code   RO        23218    .text               lv_group.o
    0x080346e4   0x000013bc   Code   RO        23379    .text               lv_indev.o
    0x08035aa0   0x00000e66   Code   RO        23438    .text               lv_indev_scroll.o
    0x08036906   0x00000002   PAD
    0x08036908   0x00001232   Code   RO        23523    .text               lv_obj.o
    0x08037b3a   0x0000022a   Code   RO        23864    .text               lv_obj_class.o
    0x08037d64   0x000009f2   Code   RO        23878    .text               lv_obj_draw.o
    0x08038756   0x00000002   PAD
    0x08038758   0x00001ee8   Code   RO        24030    .text               lv_obj_pos.o
    0x0803a640   0x00001598   Code   RO        24128    .text               lv_obj_scroll.o
    0x0803bbd8   0x000013cc   Code   RO        24228    .text               lv_obj_style.o
    0x0803cfa4   0x00000848   Code   RO        24327    .text               lv_obj_style_gen.o
    0x0803d7ec   0x00000666   Code   RO        24372    .text               lv_obj_tree.o
    0x0803de52   0x00000002   PAD
    0x0803de54   0x00001614   Code   RO        24448    .text               lv_refr.o
    0x0803f468   0x00000100   Code   RO        24551    .text               lv_theme.o
    0x0803f568   0x00000062   Code   RO        24970    .text               mc_w.l(uldiv.o)
    0x0803f5ca   0x00000040   Code   RO        24974    .text               mc_w.l(memmovea.o)
    0x0803f60a   0x00000024   Code   RO        24976    .text               mc_w.l(memseta.o)
    0x0803f62e   0x00000018   Code   RO        24978    .text               mc_w.l(strcat.o)
    0x0803f646   0x0000000e   Code   RO        24982    .text               mc_w.l(strlen.o)
    0x0803f654   0x0000001c   Code   RO        24984    .text               mc_w.l(strcmp.o)
    0x0803f670   0x0000001a   Code   RO        24986    .text               mc_w.l(memcmp.o)
    0x0803f68a   0x00000012   Code   RO        24988    .text               mc_w.l(strcpy.o)
    0x0803f69c   0x0000001e   Code   RO        25280    .text               mc_w.l(llshl.o)
    0x0803f6ba   0x00000020   Code   RO        25282    .text               mc_w.l(llushr.o)
    0x0803f6da   0x00000002   PAD
    0x0803f6dc   0x00000024   Code   RO        25293    .text               mc_w.l(init.o)
    0x0803f700   0x00000056   Code   RO        25305    .text               mc_w.l(__dczerorl2.o)
    0x0803f756   0x00000002   PAD
    0x0803f758   0x00000020   Code   RO        25127    i.__0printf$5       mc_w.l(printf5.o)
    0x0803f778   0x00000028   Code   RO        25129    i.__0sprintf$5      mc_w.l(printf5.o)
    0x0803f7a0   0x0000000e   Code   RO        25299    i.__scatterload_copy  mc_w.l(handlers.o)
    0x0803f7ae   0x00000002   Code   RO        25300    i.__scatterload_null  mc_w.l(handlers.o)
    0x0803f7b0   0x0000000e   Code   RO        25301    i.__scatterload_zeroinit  mc_w.l(handlers.o)
    0x0803f7be   0x00000002   PAD
    0x0803f7c0   0x000002c0   Code   RO        25134    i._printf_core      mc_w.l(printf5.o)
    0x0803fa80   0x0000000a   Code   RO        25136    i._sputc            mc_w.l(printf5.o)
    0x0803fa8a   0x00000002   PAD
    0x0803fa8c   0x00000008   Data   RO         1503    .constdata          as608_test.o
    0x0803fa94   0x00042d60   Data   RO         1625    .constdata          lcd.o
    0x080827f4   0x000000c2   Data   RO         1770    .constdata          gt9147.o
    0x080828b6   0x00000002   PAD
    0x080828b8   0x0000001c   Data   RO         2120    .constdata          lv_arc.o
    0x080828d4   0x0000001c   Data   RO         2290    .constdata          lv_bar.o
    0x080828f0   0x0000001c   Data   RO         2392    .constdata          lv_btn.o
    0x0808290c   0x0000001c   Data   RO         2416    .constdata          lv_btnmatrix.o
    0x08082928   0x0000001c   Data   RO         2600    .constdata          lv_checkbox.o
    0x08082944   0x00000038   Data   RO         2691    .constdata          lv_dropdown.o
    0x0808297c   0x0000001c   Data   RO         2789    .constdata          lv_img.o
    0x08082998   0x0000001c   Data   RO         2886    .constdata          lv_label.o
    0x080829b4   0x0000001c   Data   RO         2983    .constdata          lv_line.o
    0x080829d0   0x00000038   Data   RO         3008    .constdata          lv_roller.o
    0x08082a08   0x0000001c   Data   RO         3090    .constdata          lv_slider.o
    0x08082a24   0x0000001c   Data   RO         3203    .constdata          lv_switch.o
    0x08082a40   0x0000001c   Data   RO         3304    .constdata          lv_table.o
    0x08082a5c   0x0000001c   Data   RO         3387    .constdata          lv_textarea.o
    0x08082a78   0x0000017c   Data   RO         3639    .constdata          lv_color.o
    0x08082bf4   0x000000b6   Data   RO         3753    .constdata          lv_math.o
    0x08082caa   0x00000002   PAD
    0x08082cac   0x00000078   Data   RO         3798    .constdata          lv_style.o
    0x08082d24   0x00003544   Data   RO         4977    .constdata          lv_font_montserrat_14.o
    0x08086268   0x00000016   Data   RO        12644    .constdata          lv_theme_default.o
    0x0808627e   0x00000002   PAD
    0x08086280   0x0000001c   Data   RO        13908    .constdata          lv_calendar.o
    0x0808629c   0x0000001c   Data   RO        14328    .constdata          lv_calendar_header_arrow.o
    0x080862b8   0x0000001c   Data   RO        14517    .constdata          lv_calendar_header_dropdown.o
    0x080862d4   0x0000001c   Data   RO        14630    .constdata          lv_chart.o
    0x080862f0   0x0000001c   Data   RO        15048    .constdata          lv_colorwheel.o
    0x0808630c   0x00000392   Data   RO        15885    .constdata          lv_keyboard.o
    0x0808669e   0x00000002   PAD
    0x080866a0   0x0000001c   Data   RO        16066    .constdata          lv_led.o
    0x080866bc   0x00000054   Data   RO        16484    .constdata          lv_list.o
    0x08086710   0x000000fc   Data   RO        16673    .constdata          lv_menu.o
    0x0808680c   0x0000001c   Data   RO        16856    .constdata          lv_meter.o
    0x08086828   0x00000054   Data   RO        17274    .constdata          lv_msgbox.o
    0x0808687c   0x0000001c   Data   RO        18111    .constdata          lv_spinbox.o
    0x08086898   0x0000001c   Data   RO        18529    .constdata          lv_spinner.o
    0x080868b4   0x0000001c   Data   RO        18948    .constdata          lv_tabview.o
    0x080868d0   0x00000038   Data   RO        19367    .constdata          lv_tileview.o
    0x08086908   0x0000001c   Data   RO        19538    .constdata          lv_win.o
    0x08086924   0x0000011e   Data   RO        21663    .constdata          lv_draw_sw_letter.o
    0x08086a42   0x00000021   Data   RO        21758    .constdata          lv_draw_sw_line.o
    0x08086a63   0x00000001   PAD
    0x08086a64   0x00000008   Data   RO        21850    .constdata          lv_draw_sw_polygon.o
    0x08086a6c   0x0000001c   Data   RO        23524    .constdata          lv_obj.o
    0x08086a88   0x00000008   Data   RO        24031    .constdata          lv_obj_pos.o
    0x08086a90   0x0000002d   Data   RO         2417    .conststring        lv_btnmatrix.o
    0x08086abd   0x00000003   PAD
    0x08086ac0   0x0000001b   Data   RO        13909    .conststring        lv_calendar.o
    0x08086adb   0x00000001   PAD
    0x08086adc   0x00000069   Data   RO        14329    .conststring        lv_calendar_header_arrow.o
    0x08086b45   0x00000003   PAD
    0x08086b48   0x0000028c   Data   RO        14518    .conststring        lv_calendar_header_dropdown.o
    0x08086dd4   0x0000018c   Data   RO        15886    .conststring        lv_keyboard.o
    0x08086f60   0x00000020   Data   RO        25297    Region$$Table       anon$$obj.o


    Execution Region RW_IRAM1 (Base: 0x20000000, Size: 0x00011c48, Max: 0x00020000, ABSOLUTE, COMPRESSED[0x000000f8])

    Base Addr    Size         Type   Attr      Idx    E Section Name        Object

    0x20000000   0x00000014   Data   RW            4    .data               system_stm32f4xx.o
    0x20000014   0x00000002   Data   RW          141    .data               main.o
    0x20000016   0x00000002   PAD
    0x20000018   0x0000000c   Data   RW          652    .data               stm32f4xx_it.o
    0x20000024   0x00000010   Data   RW         1127    .data               stm32f4xx_rcc.o
    0x20000034   0x00000004   Data   RW         1309    .data               delay.o
    0x20000038   0x00000002   Data   RW         1428    .data               key.o
    0x2000003a   0x00000002   PAD
    0x2000003c   0x00000020   Data   RW         1504    .data               as608_test.o
    0x2000005c   0x00000004   Data   RW         1544    .data               bsp_as608.o
    0x20000060   0x00000008   Data   RW         1626    .data               lcd.o
    0x20000068   0x0000000c   Data   RW         1658    .data               w25qxx.o
    0x20000074   0x00000009   Data   RW         1709    .data               mp3.o
    0x2000007d   0x00000003   PAD
    0x20000080   0x00000034   Data   RW         1736    .data               touch.o
    0x200000b4   0x00000001   Data   RW         1771    .data               gt9147.o
    0x200000b5   0x00000001   Data   RW         1846    .data               lv_port_disp.o
    0x200000b6   0x00000002   PAD
    0x200000b8   0x00000025   Data   RW         2079    .data               lv_port_indev.o
    0x200000dd   0x00000003   PAD
    0x200000e0   0x0000001c   Data   RW         2418    .data               lv_btnmatrix.o
    0x200000fc   0x00000004   Data   RW         3388    .data               lv_textarea.o
    0x20000100   0x0000000c   Data   RW         3486    .data               lv_anim.o
    0x2000010c   0x0000000c   Data   RW         3579    .data               lv_area.o
    0x20000118   0x00000018   Data   RW         3696    .data               lv_gc.o
    0x20000130   0x00000004   Data   RW         3754    .data               lv_math.o
    0x20000134   0x00000010   Data   RW         3769    .data               lv_mem.o
    0x20000144   0x00000006   Data   RW         3799    .data               lv_style.o
    0x2000014a   0x00000002   PAD
    0x2000014c   0x00000014   Data   RW         3893    .data               lv_timer.o
    0x20000160   0x00000020   Data   RW         3922    .data               lv_txt.o
    0x20000180   0x0000000d   Data   RW         4040    .data               lv_hal_disp.o
    0x2000018d   0x00000003   PAD
    0x20000190   0x00000005   Data   RW         4408    .data               lv_hal_tick.o
    0x20000195   0x00000003   PAD
    0x20000198   0x00000008   Data   RW         4978    .data               lv_font_montserrat_14.o
    0x200001a0   0x0000000c   Data   RW         5725    .data               lv_flex.o
    0x200001ac   0x00000016   Data   RW         5899    .data               lv_grid.o
    0x200001c2   0x00000002   PAD
    0x200001c4   0x00000020   Data   RW        12645    .data               lv_theme_default.o
    0x200001e4   0x0000001c   Data   RW        13910    .data               lv_calendar.o
    0x20000200   0x00000030   Data   RW        14330    .data               lv_calendar_header_arrow.o
    0x20000230   0x00000008   Data   RW        14519    .data               lv_calendar_header_dropdown.o
    0x20000238   0x0000000a   Data   RW        15049    .data               lv_colorwheel.o
    0x20000242   0x00000002   PAD
    0x20000244   0x00000048   Data   RW        15887    .data               lv_keyboard.o
    0x2000028c   0x00000008   Data   RW        18530    .data               lv_spinner.o
    0x20000294   0x00000004   Data   RW        18949    .data               lv_tabview.o
    0x20000298   0x0000000c   Data   RW        19368    .data               lv_tileview.o
    0x200002a4   0x00000002   Data   RW        19539    .data               lv_win.o
    0x200002a6   0x00000002   PAD
    0x200002a8   0x00000009   Data   RW        21426    .data               lv_draw_sw_gradient.o
    0x200002b1   0x00000003   PAD
    0x200002b4   0x00000008   Data   RW        21664    .data               lv_draw_sw_letter.o
    0x200002bc   0x00000008   Data   RW        23080    .data               lv_event.o
    0x200002c4   0x00000004   Data   RW        23219    .data               lv_group.o
    0x200002c8   0x00000009   Data   RW        23380    .data               lv_indev.o
    0x200002d1   0x00000003   PAD
    0x200002d4   0x00000008   Data   RW        23525    .data               lv_obj.o
    0x200002dc   0x00000005   Data   RW        24032    .data               lv_obj_pos.o
    0x200002e1   0x00000001   Data   RW        24229    .data               lv_obj_style.o
    0x200002e2   0x00000002   PAD
    0x200002e4   0x00000008   Data   RW        24449    .data               lv_refr.o
    0x200002ec   0x00000004   Data   RW        25277    .data               mc_w.l(stdout.o)
    0x200002f0   0x00000270   Zero   RW         1402    .bss                usart.o
    0x20000560   0x00000068   Zero   RW         1571    .bss                rx_data_queue.o
    0x200005c8   0x0000000e   Zero   RW         1624    .bss                lcd.o
    0x200005d6   0x0000100a   Zero   RW         1657    .bss                w25qxx.o
    0x200015e0   0x00000014   Zero   RW         1708    .bss                mp3.o
    0x200015f4   0x00003eec   Zero   RW         1845    .bss                lv_port_disp.o
    0x200054e0   0x00000020   Zero   RW         2078    .bss                lv_port_indev.o
    0x20005500   0x000001fc   Zero   RW         3695    .bss                lv_gc.o
    0x200056fc   0x0000c000   Zero   RW         3768    .bss                lv_mem.o
    0x200116fc   0x0000004c   Zero   RW        12643    .bss                lv_theme_default.o
    0x20011748   0x00000100   Zero   RW        21662    .bss                lv_draw_sw_letter.o
    0x20011848   0x00000400   Zero   RW          130    STACK               startup_stm32f4xx.o


==============================================================================

Image component sizes


      Code (inc. data)   RO Data    RW Data    ZI Data      Debug   Object Name

      6816       1196          8         32          0       8187   as608_test.o
      2796        618          0          4          0       6683   bsp_as608.o
       340          8          0          0          0       2432   bsp_debug_usart.o
       604         18          0          0          0       2109   ctiic.o
       168         16          0          4          0      28196   delay.o
      1020         46        194          1          0       3222   gt9147.o
       372         24          0          2          0       3016   key.o
      7252         94     273760          8         14      16723   lcd.o
       116          4          0          0          0        671   led.o
      1636         32          0         12          0      30365   lv_anim.o
      5160         10         28          0          0      78045   lv_arc.o
      3088         34          0         12          0      11768   lv_area.o
       172          4          0          0          0       2497   lv_async.o
      2792         28         28          0          0      58669   lv_bar.o
         0          0          0          0          0       5551   lv_bidi.o
        60          6         28          0          0       1727   lv_btn.o
      5464         24         73         28          0      55915   lv_btnmatrix.o
      1556         28         55         28          0      62224   lv_calendar.o
       544         32        133         48          0      54189   lv_calendar_header_arrow.o
       652         28        680          8          0      37170   lv_calendar_header_dropdown.o
     10770         28         28          0          0      94592   lv_chart.o
      1364         16         28          0          0      48274   lv_checkbox.o
      1224         24        380          0          0      11388   lv_color.o
      3686         34         28         10          0      79819   lv_colorwheel.o
      1936         36          0          0          0      58993   lv_disp.o
        18          0          0          0          0      33250   lv_draw.o
      1234          0          0          0          0      22880   lv_draw_arc.o
      1216         38          0          0          0      30663   lv_draw_img.o
      2176         20          0          0          0      28818   lv_draw_label.o
       238          0          0          0          0      19521   lv_draw_layer.o
       134          0          0          0          0      32568   lv_draw_line.o
      7584         40          0          0          0      26149   lv_draw_mask.o
       272          6          0          0          0      23577   lv_draw_rect.o
       284         52          0          0          0      41629   lv_draw_sw.o
      3498          0          0          0          0      36500   lv_draw_sw_arc.o
      4116         16          0          0          0      52957   lv_draw_sw_blend.o
      1360         32          0          9          0      21350   lv_draw_sw_gradient.o
      1494          0          0          0          0      30729   lv_draw_sw_img.o
       572          0          0          0          0      34109   lv_draw_sw_layer.o
      1304         28        286          8        256      24141   lv_draw_sw_letter.o
      2552          4         33          0          0      25442   lv_draw_sw_line.o
       916          6          8          0          0      21133   lv_draw_sw_polygon.o
      8280          0          0          0          0      32308   lv_draw_sw_rect.o
      2122          4          0          0          0      41498   lv_draw_sw_transform.o
        66          0          0          0          0      13224   lv_draw_transform.o
      5000         64         56          0          0      59827   lv_dropdown.o
      2038         36          0          8          0      53045   lv_event.o
        12          0          0          0          0        612   lv_extra.o
      3852         82          0         12          0      75355   lv_flex.o
       282          0          0          0          0       6913   lv_font.o
         0          0          0          0          0       4636   lv_font_dejavu_16_persian_hebrew.o
       992         14          0          0          0       7433   lv_font_fmt_txt.o
         0          0      13636          8          0       2724   lv_font_montserrat_14.o
      1724         16          0          0          0      10043   lv_fs.o
       220         72          0         24        508       2446   lv_gc.o
      3884        110          0         22          0      81959   lv_grid.o
      1820         26          0          4          0      57682   lv_group.o
      2620         86          0         13          0      61919   lv_hal_disp.o
       460         10          0          0          0      49673   lv_hal_indev.o
        76         10          0          5          0       1896   lv_hal_tick.o
      3768         10         28          0          0      55164   lv_img.o
      2458         38          0          0          0      16903   lv_img_buf.o
       100          6          0          0          0       6319   lv_img_cache.o
      2792         34          0          0          0      18493   lv_img_decoder.o
      5052         52          0          9          0      36784   lv_indev.o
      3686          8          0          0          0      50841   lv_indev_scroll.o
      1060         66       1310         72          0      59636   lv_keyboard.o
      5736         74         28          0          0      64915   lv_label.o
      1088          8         28          0          0      58105   lv_led.o
       644          4         28          0          0      13458   lv_line.o
         0          0         84          0          0      51887   lv_list.o
       834          0          0          0          0       5919   lv_ll.o
       612         10        182          4          0       3877   lv_math.o
      1770         32          0         16      49152       7087   lv_mem.o
      2520         66        252          0          0      63142   lv_menu.o
      4152         22         28          0          0      81045   lv_meter.o
         0          0         84          0          0      54853   lv_msgbox.o
      4658         44         28          8          0      61018   lv_obj.o
       554          0          0          0          0       3160   lv_obj_class.o
      2546          0          0          0          0      67839   lv_obj_draw.o
      7912         64          8          5          0      65636   lv_obj_pos.o
      5528         48          0          0          0      61398   lv_obj_scroll.o
      5068         56          0          1          0      64623   lv_obj_style.o
      2120          0          0          0          0      42743   lv_obj_style_gen.o
      1638          8          0          0          0      37849   lv_obj_tree.o
       140         22          0          1      16108      21203   lv_port_disp.o
       436         52          0         37         32       4474   lv_port_indev.o
      2408         10          0          0          0       8307   lv_printf.o
      5652         30          0          8          0      56260   lv_refr.o
      3568         88         56          0          0      54112   lv_roller.o
      3010          6         28          0          0      52780   lv_slider.o
      1684         18         28          0          0      63074   lv_spinbox.o
       248         26         28          8          0      56409   lv_spinner.o
      1696         44        120          6          0      24046   lv_style.o
      1760          0          0          0          0      36092   lv_style_gen.o
      1130         14         28          0          0      48028   lv_switch.o
      5904         18         28          0          0      60650   lv_table.o
      1660         42         28          4          0      70587   lv_tabview.o
      5838        100         28          4          0      68822   lv_textarea.o
       256          8          0          0          0      54656   lv_theme.o
     12900        516         22         32         76      66670   lv_theme_default.o
       700         24         56         12          0      55939   lv_tileview.o
       672         40          0         20          0       5593   lv_timer.o
      3504          8          0          0          0      19922   lv_tlsf.o
      2276         36          0         32          0      14811   lv_txt.o
        84          0          0          0          0       1040   lv_utils.o
       320          8         28          2          0      55978   lv_win.o
       144         16          0          2          0      35590   main.o
       224         20          0          0          0       2205   misc.o
       388         46          0          9         20       2765   mp3.o
       472         32          0          0        104       5600   rx_data_queue.o
       244          8          0          0          0       1003   spi.o
        36          8        392          0       1024        992   startup_stm32f4xx.o
       284         10          0          0          0       2707   stm32f4xx_exti.o
      1544         14          0          0          0       5819   stm32f4xx_fsmc.o
       604         36          0          0          0       4509   stm32f4xx_gpio.o
       580         76          0         12          0       3936   stm32f4xx_it.o
      1416         48          0         16          0      11571   stm32f4xx_rcc.o
      1016         22          0          0          0       7225   stm32f4xx_spi.o
       140         12          0          0          0       1855   stm32f4xx_syscfg.o
      3234         60          0          0          0      23396   stm32f4xx_tim.o
      1050         26          0          0          0       8244   stm32f4xx_usart.o
      1124         46          0          0          0       4169   sys.o
       528         46          0         20          0     280811   system_stm32f4xx.o
        84         12          0         52          0       1671   touch.o
       520         30          0          0        624       3254   usart.o
      1204         62          0         12       4106       5926   w25qxx.o

    ----------------------------------------------------------------------
    259020       5550     292476        748      72024    4196429   Object Totals
         0          0         32          0          0          0   (incl. Generated)
        38          0         16         34          0          0   (incl. Padding)

    ----------------------------------------------------------------------

      Code (inc. data)   RO Data    RW Data    ZI Data      Debug   Library Member Name

        86          0          0          0          0          0   __dczerorl2.o
         0          0          0          0          0          0   entry.o
         0          0          0          0          0          0   entry10a.o
         0          0          0          0          0          0   entry11a.o
         8          4          0          0          0          0   entry2.o
         4          0          0          0          0          0   entry5.o
         0          0          0          0          0          0   entry7b.o
         0          0          0          0          0          0   entry8b.o
         8          4          0          0          0          0   entry9a.o
        30          0          0          0          0          0   handlers.o
        36          8          0          0          0         68   init.o
        30          0          0          0          0         68   llshl.o
        32          0          0          0          0         68   llushr.o
        26          0          0          0          0         80   memcmp.o
        64          0          0          0          0         76   memmovea.o
        36          0          0          0          0        108   memseta.o
       786         62          0          0          0        336   printf5.o
         0          0          0          4          0          0   stdout.o
        24          0          0          0          0         68   strcat.o
        28          0          0          0          0         76   strcmp.o
        18          0          0          0          0         68   strcpy.o
        14          0          0          0          0         68   strlen.o
        98          0          0          0          0         92   uldiv.o

    ----------------------------------------------------------------------
      1336         78          0          4          0       1176   Library Totals
         8          0          0          0          0          0   (incl. Padding)

    ----------------------------------------------------------------------

      Code (inc. data)   RO Data    RW Data    ZI Data      Debug   Library Name

      1328         78          0          4          0       1176   mc_w.l

    ----------------------------------------------------------------------
      1336         78          0          4          0       1176   Library Totals

    ----------------------------------------------------------------------

==============================================================================


      Code (inc. data)   RO Data    RW Data    ZI Data      Debug   

    260356       5628     292476        752      72024    4173617   Grand Totals
    260356       5628     292476        248      72024    4173617   ELF Image Totals (compressed)
    260356       5628     292476        248          0          0   ROM Totals

==============================================================================

    Total RO  Size (Code + RO Data)               552832 ( 539.88kB)
    Total RW  Size (RW Data + ZI Data)             72776 (  71.07kB)
    Total ROM Size (Code + RO Data + RW Data)     553080 ( 540.12kB)

==============================================================================

